Component: ARM Compiler 6.14 Tool: armlink [5db06800]

==============================================================================

Section Cross References

    led.o(.ARM.exidx.text._ZN3Led7SetPinkEb) refers to led.o(.text._ZN3Led7SetPinkEb) for [Anonymous Symbol]
    led.o(.ARM.exidx.text._ZN3Led10TogglePinkEv) refers to led.o(.text._ZN3Led10TogglePinkEv) for [Anonymous Symbol]
    led.o(.ARM.exidx.text._ZN3Led7SetBlueEb) refers to led.o(.text._ZN3Led7SetBlueEb) for [Anonymous Symbol]
    led.o(.ARM.exidx.text._ZN3Led10ToggleBlueEv) refers to led.o(.text._ZN3Led10ToggleBlueEv) for [Anonymous Symbol]
    led.o(.ARM.exidx.text._ZN3Led8SetGreenEb) refers to led.o(.text._ZN3Led8SetGreenEb) for [Anonymous Symbol]
    led.o(.ARM.exidx.text._ZN3Led11ToggleGreenEv) refers to led.o(.text._ZN3Led11ToggleGreenEv) for [Anonymous Symbol]
    led.o(.ARM.exidx.text._ZN3Led6SetRedEb) refers to led.o(.text._ZN3Led6SetRedEb) for [Anonymous Symbol]
    led.o(.ARM.exidx.text._ZN3Led9ToggleRedEv) refers to led.o(.text._ZN3Led9ToggleRedEv) for [Anonymous Symbol]
    led.o(.ARM.exidx.text._ZN3Led9SetOrangeEb) refers to led.o(.text._ZN3Led9SetOrangeEb) for [Anonymous Symbol]
    led.o(.ARM.exidx.text._ZN3Led12ToggleOrangeEv) refers to led.o(.text._ZN3Led12ToggleOrangeEv) for [Anonymous Symbol]
    usart_interface.o(.text._ZN5Usart10USART_InitEPhtS0_th) refers to usart_interface.o(.bss.UA4RxDMAbuf) for UA4RxDMAbuf
    usart_interface.o(.text._ZN5Usart10USART_InitEPhtS0_th) refers to usart_interface.o(.bss.UA6RxDMAbuf) for UA6RxDMAbuf
    usart_interface.o(.text._ZN5Usart10USART_InitEPhtS0_th) refers to usart_interface.o(.bss.UA2RxDMAbuf) for UA2RxDMAbuf
    usart_interface.o(.text._ZN5Usart10USART_InitEPhtS0_th) refers to usart_interface.o(.bss.UA3RxDMAbuf) for UA3RxDMAbuf
    usart_interface.o(.text._ZN5Usart10USART_InitEPhtS0_th) refers to usart_interface.o(.bss.UA5RxDMAbuf) for UA5RxDMAbuf
    usart_interface.o(.text._ZN5Usart10USART_InitEPhtS0_th) refers to usart_interface.o(.bss.UA1RxDMAbuf) for UA1RxDMAbuf
    usart_interface.o(.ARM.exidx.text._ZN5Usart10USART_InitEPhtS0_th) refers to usart_interface.o(.text._ZN5Usart10USART_InitEPhtS0_th) for [Anonymous Symbol]
    usart_interface.o(.text._ZN5Usart13USART_ReceiveEv) refers to stm32f4xx_dma.o(.text.DMA_GetCurrDataCounter) for DMA_GetCurrDataCounter
    usart_interface.o(.text._ZN5Usart13USART_ReceiveEv) refers to rt_memcpy_v6.o(.text) for __aeabi_memcpy
    usart_interface.o(.ARM.exidx.text._ZN5Usart13USART_ReceiveEv) refers to usart_interface.o(.text._ZN5Usart13USART_ReceiveEv) for [Anonymous Symbol]
    usart_interface.o(.text._ZN5Usart14USART_TransmitEv) refers to stm32f4xx_dma.o(.text.DMA_GetCmdStatus) for DMA_GetCmdStatus
    usart_interface.o(.text._ZN5Usart14USART_TransmitEv) refers to stm32f4xx_dma.o(.text.DMA_ClearITPendingBit) for DMA_ClearITPendingBit
    usart_interface.o(.text._ZN5Usart14USART_TransmitEv) refers to stm32f4xx_dma.o(.text.DMA_Cmd) for DMA_Cmd
    usart_interface.o(.ARM.exidx.text._ZN5Usart14USART_TransmitEv) refers to usart_interface.o(.text._ZN5Usart14USART_TransmitEv) for [Anonymous Symbol]
    gimbal.o(.text._ZN6Gimbal13SetUartHandleEP13USART_TypeDef) refers to usart_interface.o(.text._ZN5Usart10USART_InitEPhtS0_th) for Usart::USART_Init(unsigned char*, unsigned short, unsigned char*, unsigned short, unsigned char)
    gimbal.o(.ARM.exidx.text._ZN6Gimbal13SetUartHandleEP13USART_TypeDef) refers to gimbal.o(.text._ZN6Gimbal13SetUartHandleEP13USART_TypeDef) for [Anonymous Symbol]
    gimbal.o(.text._ZN6Gimbal8SendDataEv) refers to usart_interface.o(.text._ZN5Usart14USART_TransmitEv) for Usart::USART_Transmit()
    gimbal.o(.ARM.exidx.text._ZN6Gimbal8SendDataEv) refers to gimbal.o(.text._ZN6Gimbal8SendDataEv) for [Anonymous Symbol]
    communication.o(.text._Z17InitCommunicationv) refers to user_global.o(.bss.G_vofa) for G_vofa
    communication.o(.text._Z17InitCommunicationv) refers to vofa.o(.text._ZN4Vofa13SetUartHandleEP13USART_TypeDef) for Vofa::SetUartHandle(USART_TypeDef*)
    communication.o(.text._Z17InitCommunicationv) refers to user_global.o(.bss.G_gimbal) for G_gimbal
    communication.o(.text._Z17InitCommunicationv) refers to gimbal.o(.text._ZN6Gimbal13SetUartHandleEP13USART_TypeDef) for Gimbal::SetUartHandle(USART_TypeDef*)
    communication.o(.text._Z17InitCommunicationv) refers to can_interface.o(.bss.can1_context) for can1_context
    communication.o(.text._Z17InitCommunicationv) refers to can_interface.o(.text._ZN10CANContext8CAN_InitEP11CAN_TypeDefhhh) for CANContext::CAN_Init(CAN_TypeDef*, unsigned char, unsigned char, unsigned char)
    communication.o(.text._Z17InitCommunicationv) refers to can_interface.o(.bss.can2_context) for can2_context
    communication.o(.ARM.exidx.text._Z17InitCommunicationv) refers to communication.o(.text._Z17InitCommunicationv) for [Anonymous Symbol]
    communication.o(.text._Z18StartCommunicationv) refers to stm32f4xx_usart.o(.text.USART_ITConfig) for USART_ITConfig
[...]
    ChassisTargetsUpdate()                   0x08003129   Thumb Code     8  user_global.o(.text._Z20ChassisTargetsUpdatev)
    CommunicationMonitor()                   0x08003131   Thumb Code    66  user_global.o(.text._Z20CommunicationMonitorv)
    Append_CRC8_Check_Sum(unsigned char*, unsigned) 0x08003175   Thumb Code    30  verify.o(.text._Z21Append_CRC8_Check_SumPhj)
    UART_GimbalDataDecode(unsigned char*)    0x08003195   Thumb Code    52  uart_protocol.o(.text._Z21UART_GimbalDataDecodePh)
    Verify_CRC8_Check_Sum(unsigned char*, unsigned) 0x080031c9   Thumb Code    42  verify.o(.text._Z21Verify_CRC8_Check_SumPhj)
    Append_CRC16_Check_Sum(unsigned char*, unsigned) 0x080031f5   Thumb Code    40  verify.o(.text._Z22Append_CRC16_Check_SumPhj)
    Verify_CRC16_Check_Sum(unsigned char*, unsigned) 0x0800321d   Thumb Code    70  verify.o(.text._Z22Verify_CRC16_Check_SumPhj)
    OmnidirectionalChassisTargetUpdate()     0x08003265   Thumb Code   420  user_global.o(.text._Z34OmnidirectionalChassisTargetUpdatev)
    Clip(float, float, float)                0x08003409   Thumb Code    30  common_math.o(.text._Z4Clipfff)
    AbsEncoder::EncodeValueUpdate(unsigned)  0x08003679   Thumb Code    94  encoder.o(.text._ZN10AbsEncoder17EncodeValueUpdateEj)
    AbsEncoder::AbsEncoder__sub_object(unsigned, unsigned) 0x080036d9   Thumb Code    16  sentry_robot.o(.text._ZN10AbsEncoderC2Ejj)
    CANContext::CanSendMessage()             0x080036e9   Thumb Code    14  can_interface.o(.text._ZN10CANContext14CanSendMessageEv)
    CANContext::CAN_Init(CAN_TypeDef*, unsigned char, unsigned char, unsigned char) 0x080036f9   Thumb Code    20  can_interface.o(.text._ZN10CANContext8CAN_InitEP11CAN_TypeDefhhh)
    SentryRobot::Power_Control()             0x08003711   Thumb Code   344  sentry_robot.o(.text._ZN11SentryRobot13Power_ControlEv)
    SentryRobot::InitAllSensors()            0x08003869   Thumb Code    72  sentry_robot.o(.text._ZN11SentryRobot14InitAllSensorsEv)
    SentryRobot::SetChassisMode(SentryRobot::ChassisMode) 0x080038b1   Thumb Code     8  user_global.o(.text._ZN11SentryRobot14SetChassisModeENS_11ChassisModeE)
    SentryRobot::InitAllActuators()          0x080038b9   Thumb Code  1488  sentry_robot.o(.text._ZN11SentryRobot16InitAllActuatorsEv)
    SentryRobot::SetYawGimbalMode(SentryRobot::YawGimbalMode) 0x08003e89   Thumb Code     8  user_global.o(.text._ZN11SentryRobot16SetYawGimbalModeENS_13YawGimbalModeE)
    SentryRobot::SendControlCommand()        0x08003e91   Thumb Code   410  sentry_robot.o(.text._ZN11SentryRobot18SendControlCommandEv)
    SentryRobot::SetChassisSpeedTarget(float, float, float, float) 0x0800402d   Thumb Code    26  sentry_robot.o(.text._ZN11SentryRobot21SetChassisSpeedTargetEffff)
    SentryRobot::ExecuteChassisAlgorithm()   0x08004049   Thumb Code    38  sentry_robot.o(.text._ZN11SentryRobot23ExecuteChassisAlgorithmEv)
    SentryRobot::Init()                      0x08004071   Thumb Code    16  sentry_robot.o(.text._ZN11SentryRobot4InitEv)
    SentryRobot::SentryRobot()               0x08004081   Thumb Code    12  sentry_robot.o(.text._ZN11SentryRobotC2Ev)
    SentryRobot::SentryRobot__sub_object()   0x08004081   Thumb Code    12  sentry_robot.o(.text._ZN11SentryRobotC2Ev)
    Led::ToggleBlue()                        0x0800408d   Thumb Code    18  led.o(.text._ZN3Led10ToggleBlueEv)
    Led::TogglePink()                        0x080040a1   Thumb Code    18  led.o(.text._ZN3Led10TogglePinkEv)
    Led::ToggleGreen()                       0x080040b5   Thumb Code    18  led.o(.text._ZN3Led11ToggleGreenEv)
    Led::ToggleOrange()                      0x080040c9   Thumb Code    18  led.o(.text._ZN3Led12ToggleOrangeEv)
    Led::SetGreen(bool)                      0x080040dd   Thumb Code    22  led.o(.text._ZN3Led8SetGreenEb)
    Pid::CalWeakenPID(float)                 0x080040f5   Thumb Code   176  pid.o(.text._ZN3Pid12CalWeakenPIDEf)
    Pid::Pid(float, float, float, float, float, float, float, float) 0x080041a5   Thumb Code    32  pid.o(.text._ZN3PidC2Effffffff)
    Pid::Pid__sub_object(float, float, float, float, float, float, float, float) 0x080041a5   Thumb Code    32  pid.o(.text._ZN3PidC2Effffffff)
    Vofa::SetUartHandle(USART_TypeDef*)      0x080041c5   Thumb Code    34  vofa.o(.text._ZN4Vofa13SetUartHandleEP13USART_TypeDef)
    Vofa::SendData()                         0x080041e9   Thumb Code    10  vofa.o(.text._ZN4Vofa8SendDataEv)
    Vofa::Vofa__sub_object()                 0x080041f5   Thumb Code    34  user_global.o(.text._ZN4VofaC2Ev)
    M3508::SpeedUpdate(unsigned char, float) 0x08004219   Thumb Code    54  m3508.o(.text._ZN5M350811SpeedUpdateEhf)
    M3508::SpeedControl()                    0x08004251   Thumb Code    22  m3508.o(.text._ZN5M350812SpeedControlEv)
    M3508::EncoderAngleUpdate(unsigned)      0x08004269   Thumb Code    88  m3508.o(.text._ZN5M350818EncoderAngleUpdateEj)
    M3508::EncoderSpeedUpdate(float)         0x080042c1   Thumb Code    80  m3508.o(.text._ZN5M350818EncoderSpeedUpdateEf)
    M3508::M3508__sub_object(CAN_TypeDef*, unsigned, unsigned) 0x08004311   Thumb Code    26  sentry_robot.o(.text._ZN5M3508C2EP11CAN_TypeDefjj)
    Usart::USART_Init(unsigned char*, unsigned short, unsigned char*, unsigned short, unsigned char) 0x0800432d   Thumb Code   294  usart_interface.o(.text._ZN5Usart10USART_InitEPhtS0_th)
    Usart::USART_Receive()                   0x08004455   Thumb Code   122  usart_interface.o(.text._ZN5Usart13USART_ReceiveEv)
    Usart::USART_Transmit()                  0x080044d1   Thumb Code    60  usart_interface.o(.text._ZN5Usart14USART_TransmitEv)
    Usart::Usart__sub_object()               0x0800450d   Thumb Code    14  user_global.o(.text._ZN5UsartC2Ev)
    Gimbal::SetUartHandle(USART_TypeDef*)    0x0800451d   Thumb Code    42  gimbal.o(.text._ZN6Gimbal13SetUartHandleEP13USART_TypeDef)
    Gimbal::SendData()                       0x08004549   Thumb Code    12  gimbal.o(.text._ZN6Gimbal8SendDataEv)
    Gimbal::Gimbal__sub_object()             0x08004555   Thumb Code    58  user_global.o(.text._ZN6GimbalC2Ev)
    Kalman::UpdateFilter(float)              0x08004591   Thumb Code    50  kalman.o(.text._ZN6Kalman12UpdateFilterEf)
    Kalman::CalPrediction()                  0x080045c5   Thumb Code    30  kalman.o(.text._ZN6Kalman13CalPredictionEv)
    Kalman::GetFilterOutput()                0x080045e5   Thumb Code     6  gm6020.o(.text._ZN6Kalman15GetFilterOutputEv)
    Kalman::CalUpdate()                      0x080045ed   Thumb Code    70  kalman.o(.text._ZN6Kalman9CalUpdateEv)
    Kalman::Kalman(unsigned char, float, float, float, float) 0x08004635   Thumb Code    42  kalman.o(.text._ZN6KalmanC2Ehffff)
    Kalman::Kalman__sub_object(unsigned char, float, float, float, float) 0x08004635   Thumb Code    42  kalman.o(.text._ZN6KalmanC2Ehffff)
    Adrc_TD::Adrc_TD(float, float, float, float) 0x08004661   Thumb Code    24  adrc.o(.text._ZN7Adrc_TDC2Effff)
    Adrc_TD::Adrc_TD__sub_object(float, float, float, float) 0x08004661   Thumb Code    24  adrc.o(.text._ZN7Adrc_TDC2Effff)
    Referee::SendData()                      0x08004679   Thumb Code    12  referee.o(.text._ZN7Referee8SendDataEv)
    Referee::Referee__sub_object()           0x08004685   Thumb Code   182  user_global.o(.text._ZN7RefereeC2Ev)
    Capacitor::CapVolLimit()                 0x0800473d   Thumb Code    68  capacitor.o(.text._ZN9Capacitor11CapVolLimitEv)
    Capacitor::PowerDesUpdate(float)         0x08004781   Thumb Code    84  capacitor.o(.text._ZN9Capacitor14PowerDesUpdateEf)
    Capacitor::PowerJudgeByVol()             0x080047d5   Thumb Code   148  capacitor.o(.text._ZN9Capacitor15PowerJudgeByVolEv)
    Capacitor::UpdateChargingPower(float, float, float) 0x08004869   Thumb Code   128  capacitor.o(.text._ZN9Capacitor19UpdateChargingPowerEfff)
    Capacitor::Capacitor__sub_object()       0x080048e9   Thumb Code    42  sentry_robot.o(.text._ZN9CapacitorC2Ev)
    std::get_new_handler()                   0x08004913   Thumb Code    12  cxa_handlers.cpp.o(.text._ZSt15get_new_handlerv)
    operator new(unsigned)                   0x08004921   Thumb Code    38  new.cpp.o(.text._Znwj)
    bsp_init                                 0x08004989   Thumb Code    68  bsp_init.o(.text.bsp_init)
    delay_ms                                 0x080049cd   Thumb Code    26  delay.o(.text.delay_ms)
    delay_us                                 0x080049e9   Thumb Code    50  delay.o(.text.delay_us)
    main                                     0x08004a1d   Thumb Code    14  main.o(.text.main)
    pvPortMalloc                             0x08005311   Thumb Code   238  heap_4.o(.text.pvPortMalloc)
    pvTaskIncrementMutexHeldCount            0x08005401   Thumb Code    24  tasks.o(.text.pvTaskIncrementMutexHeldCount)
    pxPortInitialiseStack                    0x08005419   Thumb Code    40  port.o(.text.pxPortInitialiseStack)
    uxListRemove                             0x08005441   Thumb Code    38  list.o(.text.uxListRemove)
    uxTaskResetEventItemValue                0x08005469   Thumb Code    26  tasks.o(.text.uxTaskResetEventItemValue)
    vEventGroupSetBitsCallback               0x08005485   Thumb Code     8  event_groups.o(.text.vEventGroupSetBitsCallback)
    vListInitialise                          0x0800548d   Thumb Code    22  list.o(.text.vListInitialise)
    vListInitialiseItem                      0x080054a5   Thumb Code     6  list.o(.text.vListInitialiseItem)
    vListInsert                              0x080054ad   Thumb Code    58  list.o(.text.vListInsert)
    vListInsertEnd                           0x080054e9   Thumb Code    28  list.o(.text.vListInsertEnd)
    vPortEnterCritical                       0x08005519   Thumb Code    32  port.o(.text.vPortEnterCritical)
    vPortExitCritical                        0x08005539   Thumb Code    26  port.o(.text.vPortExitCritical)
    vPortFree                                0x08005555   Thumb Code    86  heap_4.o(.text.vPortFree)
    vPortSetupTimerInterrupt                 0x080055ad   Thumb Code    52  port.o(.text.vPortSetupTimerInterrupt)
    vQueueAddToRegistry                      0x080055e1   Thumb Code    40  queue.o(.text.vQueueAddToRegistry)
    vQueueWaitForMessageRestricted           0x08005609   Thumb Code    68  queue.o(.text.vQueueWaitForMessageRestricted)
    vTaskDelay                               0x0800564d   Thumb Code    52  tasks.o(.text.vTaskDelay)
    vTaskMissedYield                         0x08005681   Thumb Code    14  tasks.o(.text.vTaskMissedYield)
    vTaskPlaceOnEventList                    0x08005691   Thumb Code    30  tasks.o(.text.vTaskPlaceOnEventList)
    vTaskPlaceOnEventListRestricted          0x080056b1   Thumb Code    40  tasks.o(.text.vTaskPlaceOnEventListRestricted)
    vTaskPlaceOnUnorderedEventList           0x080056d9   Thumb Code    38  tasks.o(.text.vTaskPlaceOnUnorderedEventList)
    vTaskPriorityInherit                     0x08005701   Thumb Code   154  tasks.o(.text.vTaskPriorityInherit)
    vTaskSetTimeOutState                     0x0800579d   Thumb Code    26  tasks.o(.text.vTaskSetTimeOutState)
    vTaskStartScheduler                      0x080057b9   Thumb Code   120  tasks.o(.text.vTaskStartScheduler)
    vTaskSuspendAll                          0x08005831   Thumb Code    16  tasks.o(.text.vTaskSuspendAll)
    vTaskSwitchContext                       0x08005841   Thumb Code   108  tasks.o(.text.vTaskSwitchContext)
    xEventGroupCreate                        0x080058ad   Thumb Code    28  event_groups.o(.text.xEventGroupCreate)
    xEventGroupSetBits                       0x080058c9   Thumb Code   126  event_groups.o(.text.xEventGroupSetBits)
    xEventGroupSetBitsFromISR                0x08005949   Thumb Code    22  event_groups.o(.text.xEventGroupSetBitsFromISR)
    xEventGroupWaitBits                      0x08005961   Thumb Code   176  event_groups.o(.text.xEventGroupWaitBits)
    xPortStartScheduler                      0x08005a11   Thumb Code    74  port.o(.text.xPortStartScheduler)
    xPortSysTickHandler                      0x08005a5d   Thumb Code    46  port.o(.text.xPortSysTickHandler)
    xQueueGenericCreate                      0x08005a8d   Thumb Code    50  queue.o(.text.xQueueGenericCreate)
    xQueueGenericReceive                     0x08005ac1   Thumb Code   384  queue.o(.text.xQueueGenericReceive)
    xQueueGenericReset                       0x08005c41   Thumb Code   106  queue.o(.text.xQueueGenericReset)
    xQueueGenericSend                        0x08005cad   Thumb Code   310  queue.o(.text.xQueueGenericSend)
    xQueueGenericSendFromISR                 0x08005de5   Thumb Code   110  queue.o(.text.xQueueGenericSendFromISR)
    xTaskCheckForTimeOut                     0x08005e55   Thumb Code    88  tasks.o(.text.xTaskCheckForTimeOut)
    xTaskCreate                              0x08005ead   Thumb Code    96  tasks.o(.text.xTaskCreate)
    xTaskGetSchedulerState                   0x08005f0d   Thumb Code    38  tasks.o(.text.xTaskGetSchedulerState)
    xTaskGetTickCount                        0x08005f35   Thumb Code    12  tasks.o(.text.xTaskGetTickCount)
    xTaskIncrementTick                       0x08005f41   Thumb Code   332  tasks.o(.text.xTaskIncrementTick)
    xTaskPriorityDisinherit                  0x0800608d   Thumb Code   126  tasks.o(.text.xTaskPriorityDisinherit)
    xTaskRemoveFromEventList                 0x0800610d   Thumb Code   124  tasks.o(.text.xTaskRemoveFromEventList)
    xTaskRemoveFromUnorderedEventList        0x08006189   Thumb Code   100  tasks.o(.text.xTaskRemoveFromUnorderedEventList)
    xTaskResumeAll                           0x080061ed   Thumb Code   256  tasks.o(.text.xTaskResumeAll)
    xTimerCreateTimerTask                    0x080062ed   Thumb Code    76  timers.o(.text.xTimerCreateTimerTask)
    xTimerGenericCommand                     0x08006339   Thumb Code    86  timers.o(.text.xTimerGenericCommand)
    xTimerPendFunctionCallFromISR            0x08006391   Thumb Code    42  timers.o(.text.xTimerPendFunctionCallFromISR)
    __ARM_fpclassify                         0x080063bb   Thumb Code    48  fpclassify.o(i.__ARM_fpclassify)
    __hardfp_cosf                            0x080063ed   Thumb Code   280  cosf.o(i.__hardfp_cosf)
    __hardfp_log                             0x08006541   Thumb Code   872  log.o(i.__hardfp_log)
    __hardfp_pow                             0x08006909   Thumb Code  3072  pow.o(i.__hardfp_pow)
    __kernel_poly                            0x08007559   Thumb Code   248  poly.o(i.__kernel_poly)
    __mathlib_dbl_divzero                    0x08007651   Thumb Code    28  dunder.o(i.__mathlib_dbl_divzero)
    __mathlib_dbl_infnan                     0x08007681   Thumb Code    20  dunder.o(i.__mathlib_dbl_infnan)
    __mathlib_dbl_infnan2                    0x08007695   Thumb Code    20  dunder.o(i.__mathlib_dbl_infnan2)
    __mathlib_dbl_invalid                    0x080076a9   Thumb Code    24  dunder.o(i.__mathlib_dbl_invalid)
    __mathlib_dbl_overflow                   0x080076c9   Thumb Code    24  dunder.o(i.__mathlib_dbl_overflow)
    __mathlib_dbl_underflow                  0x080076e9   Thumb Code    24  dunder.o(i.__mathlib_dbl_underflow)
    __mathlib_flt_infnan                     0x08007709   Thumb Code     6  funder.o(i.__mathlib_flt_infnan)
    __mathlib_flt_invalid                    0x08007711   Thumb Code    10  funder.o(i.__mathlib_flt_invalid)
    __mathlib_rredf2                         0x08007721   Thumb Code   316  rredf.o(i.__mathlib_rredf2)
    fabs                                     0x08007875   Thumb Code    24  fabs.o(i.fabs)
    sqrt                                     0x0800788d   Thumb Code   110  sqrt.o(i.sqrt)
    __aeabi_dneg                             0x080078fb   Thumb Code     0  basic.o(x$fpl$basic)
    _dneg                                    0x080078fb   Thumb Code     6  basic.o(x$fpl$basic)
    __aeabi_fneg                             0x08007901   Thumb Code     0  basic.o(x$fpl$basic)
    _fneg                                    0x08007901   Thumb Code     6  basic.o(x$fpl$basic)
    _dabs                                    0x08007907   Thumb Code     6  basic.o(x$fpl$basic)
    _fabs                                    0x0800790d   Thumb Code     6  basic.o(x$fpl$basic)
    __aeabi_d2f                              0x08007915   Thumb Code     0  d2f.o(x$fpl$d2f)
    _d2f                                     0x08007915   Thumb Code    98  d2f.o(x$fpl$d2f)
    __aeabi_dadd                             0x08007979   Thumb Code     0  daddsub_clz.o(x$fpl$dadd)
    _dadd                                    0x08007979   Thumb Code   332  daddsub_clz.o(x$fpl$dadd)
    __fpl_dcheck_NaN1                        0x08007ac9   Thumb Code    10  dcheck1.o(x$fpl$dcheck1)
    __fpl_dcmp_Inf                           0x08007ad9   Thumb Code    24  dcmpi.o(x$fpl$dcmpinf)
    __aeabi_ddiv                             0x08007af1   Thumb Code     0  ddiv.o(x$fpl$ddiv)
    _ddiv                                    0x08007af1   Thumb Code   552  ddiv.o(x$fpl$ddiv)
    __aeabi_cdcmpeq                          0x08007da1   Thumb Code     0  deqf.o(x$fpl$deqf)
    _dcmpeq                                  0x08007da1   Thumb Code   120  deqf.o(x$fpl$deqf)
    __aeabi_i2d                              0x08007e19   Thumb Code     0  dflt_clz.o(x$fpl$dflt)
    _dflt                                    0x08007e19   Thumb Code    46  dflt_clz.o(x$fpl$dflt)
    __aeabi_cdcmpge                          0x08007e49   Thumb Code     0  dgeqf.o(x$fpl$dgeqf)
    _dcmpge                                  0x08007e49   Thumb Code   120  dgeqf.o(x$fpl$dgeqf)
    __aeabi_cdcmple                          0x08007ec1   Thumb Code     0  dleqf.o(x$fpl$dleqf)
    _dcmple                                  0x08007ec1   Thumb Code   120  dleqf.o(x$fpl$dleqf)
    __fpl_dcmple_InfNaN                      0x08007f23   Thumb Code     0  dleqf.o(x$fpl$dleqf)
    __aeabi_dmul                             0x08007f39   Thumb Code     0  dmul.o(x$fpl$dmul)
    _dmul                                    0x08007f39   Thumb Code   332  dmul.o(x$fpl$dmul)
    __fpl_dnaninf                            0x0800808d   Thumb Code   156  dnaninf.o(x$fpl$dnaninf)
    __fpl_dretinf                            0x08008129   Thumb Code    12  dretinf.o(x$fpl$dretinf)
    __aeabi_cdrcmple                         0x08008135   Thumb Code     0  drleqf.o(x$fpl$drleqf)
    _drcmple                                 0x08008135   Thumb Code   108  drleqf.o(x$fpl$drleqf)
    __aeabi_drsub                            0x080081a1   Thumb Code     0  daddsub_clz.o(x$fpl$drsb)
    _drsb                                    0x080081a1   Thumb Code    22  daddsub_clz.o(x$fpl$drsb)
    _dsqrt                                   0x080081b9   Thumb Code   404  dsqrt_umaal.o(x$fpl$dsqrt)
    __aeabi_dsub                             0x08008351   Thumb Code     0  daddsub_clz.o(x$fpl$dsub)
    _dsub                                    0x08008351   Thumb Code   464  daddsub_clz.o(x$fpl$dsub)
    __aeabi_f2d                              0x08008525   Thumb Code     0  f2d.o(x$fpl$f2d)
    _f2d                                     0x08008525   Thumb Code    86  f2d.o(x$fpl$f2d)
    __aeabi_dcmpeq                           0x0800857b   Thumb Code     0  dcmp.o(x$fpl$fcmp)
    _deq                                     0x0800857b   Thumb Code    14  dcmp.o(x$fpl$fcmp)
    _dneq                                    0x08008589   Thumb Code    14  dcmp.o(x$fpl$fcmp)
    __aeabi_dcmpgt                           0x08008597   Thumb Code     0  dcmp.o(x$fpl$fcmp)
    _dgr                                     0x08008597   Thumb Code    14  dcmp.o(x$fpl$fcmp)
    __aeabi_dcmpge                           0x080085a5   Thumb Code     0  dcmp.o(x$fpl$fcmp)
    _dgeq                                    0x080085a5   Thumb Code    14  dcmp.o(x$fpl$fcmp)
    __aeabi_dcmple                           0x080085b3   Thumb Code     0  dcmp.o(x$fpl$fcmp)
    _dleq                                    0x080085b3   Thumb Code    14  dcmp.o(x$fpl$fcmp)
    __aeabi_dcmplt                           0x080085c1   Thumb Code     0  dcmp.o(x$fpl$fcmp)
    _dls                                     0x080085c1   Thumb Code    14  dcmp.o(x$fpl$fcmp)
    __fpl_fnaninf                            0x080085cf   Thumb Code   140  fnaninf.o(x$fpl$fnaninf)
    _fp_init                                 0x0800865b   Thumb Code    26  fpinit.o(x$fpl$fpinit)
    __fplib_config_fpu_vfp                   0x08008673   Thumb Code     0  fpinit.o(x$fpl$fpinit)
    __fplib_config_pureend_doubles           0x08008673   Thumb Code     0  fpinit.o(x$fpl$fpinit)
    __fpl_fretinf                            0x08008675   Thumb Code    10  fretinf.o(x$fpl$fretinf)
    __fpl_return_NaN                         0x0800867f   Thumb Code   100  retnan.o(x$fpl$retnan)
    __ARM_scalbn                             0x080086e3   Thumb Code    92  scalbn.o(x$fpl$scalbn)
    __fpl_cmpreturn                          0x0800873f   Thumb Code    48  trapv.o(x$fpl$trapveneer)
    __I$use$fp                               0x0800876e   Number         0  usenofp.o(x$fpl$usenofp)
    __mathlib_zero                           0x08008830   Data           8  qnan.o(.constdata)
    Region$$Table$$Base                      0x08008b70   Number         0  anon$$obj.o(Region$$Table)
    Region$$Table$$Limit                     0x08008b90   Number         0  anon$$obj.o(Region$$Table)
    SHT$$INIT_ARRAY$$Base                    0x08008b90   Number         0  user_global.o(.init_array)
    SHT$$INIT_ARRAY$$Limit                   0x08008b94   Number         0  init_aeabi.o(.init_array)
    CRC16_INIT                               0x20000000   Data           2  verify.o(.data.CRC16_INIT)
    SystemCoreClock                          0x20000004   Data           4  system_stm32f4xx.o(.data.SystemCoreClock)
    __libspace_start                         0x20000010   Data          96  libspace.o(.bss)
    Clear_IT                                 0x20000070   Data           2  user_callback.o(.bss.Clear_IT)
    __temporary_stack_top$libspace           0x20000070   Data           0  libspace.o(.bss)
    DataVisualTask_Handler                   0x20000074   Data           4  user_task.o(.bss.DataVisualTask_Handler)
    G_gimbal                                 0x20000078   Data        2060  user_global.o(.bss.G_gimbal)
    G_led                                    0x20000884   Data           1  user_global.o(.bss.G_led)
    G_referee                                0x20000888   Data         760  user_global.o(.bss.G_referee)
    G_referee_monitor                        0x20000b80   Data         128  user_global.o(.bss.G_referee_monitor)
    G_sentry                                 0x20000c00   Data          60  user_global.o(.bss.G_sentry)
    G_system_monitor                         0x20000c3c   Data         156  user_global.o(.bss.G_system_monitor)
    G_vofa                                   0x20000cd8   Data          92  user_global.o(.bss.G_vofa)
    GimbalDataSendTask_Handler               0x20000d34   Data           4  user_task.o(.bss.GimbalDataSendTask_Handler)
    RefereeDataSendTask_Handler              0x20000d38   Data           4  user_task.o(.bss.RefereeDataSendTask_Handler)
    RobotControlTask_Handler                 0x20000d3c   Data           4  user_task.o(.bss.RobotControlTask_Handler)
    SystemMonitorTask_Handler                0x20000d40   Data           4  user_task.o(.bss.SystemMonitorTask_Handler)
    UA1RxDMAbuf                              0x20000d44   Data          50  usart_interface.o(.bss.UA1RxDMAbuf)
    UA2RxDMAbuf                              0x20000d76   Data         500  usart_interface.o(.bss.UA2RxDMAbuf)
    UA3RxDMAbuf                              0x20000f6a   Data         500  usart_interface.o(.bss.UA3RxDMAbuf)
    UA4RxDMAbuf                              0x2000115e   Data         500  usart_interface.o(.bss.UA4RxDMAbuf)
    UA5RxDMAbuf                              0x20001352   Data         500  usart_interface.o(.bss.UA5RxDMAbuf)
    UA6RxDMAbuf                              0x20001546   Data         500  usart_interface.o(.bss.UA6RxDMAbuf)
    USARTHandler                             0x2000173c   Data           4  user_task.o(.bss.USARTHandler)
    UsartDecodeTask_Handler                  0x20001740   Data           4  user_task.o(.bss.UsartDecodeTask_Handler)
    __cxa_new_handler                        0x20001784   Data           4  cxa_handlers.cpp.o(.bss.__cxa_new_handler)
    can1_context                             0x20001788   Data          44  can_interface.o(.bss.can1_context)
    can2_context                             0x200017b4   Data          44  can_interface.o(.bss.can2_context)
    pxCurrentTCB                             0x200017e4   Data           4  tasks.o(.bss.pxCurrentTCB)
    xQueueRegistry                           0x20014710   Data          64  queue.o(.bss.xQueueRegistry)



==============================================================================

Memory Map of the image

  Image Entry point : 0x08000189

  Load Region LR_IROM1 (Base: 0x08000000, Size: 0x00008ba8, Max: 0x00080000, ABSOLUTE)

    Execution Region ER_IROM1 (Exec base: 0x08000000, Load base: 0x08000000, Size: 0x00008b94, Max: 0x00080000, ABSOLUTE)

    Exec Addr    Load Addr    Size         Type   Attr      Idx    E Section Name        Object

    0x08000000   0x08000000   0x00000188   Data   RO         2535    RESET               startup_stm32f40_41xxx.o
    0x08000188   0x08000188   0x00000008   Code   RO         2740  * !!!main             c_w.l(__main.o)
    0x08000190   0x08000190   0x00000034   Code   RO         3298    !!!scatter          c_w.l(__scatter.o)
    0x080001c4   0x080001c4   0x0000001a   Code   RO         3300    !!handler_copy      c_w.l(__scatter_copy.o)
    0x080001de   0x080001de   0x00000002   PAD
    0x080001e0   0x080001e0   0x0000001c   Code   RO         3302    !!handler_zi        c_w.l(__scatter_zi.o)
    0x080001fc   0x080001fc   0x00000002   Code   RO         3232    .ARM.Collect$$libinit$$00000000  c_w.l(libinit.o)
    0x080001fe   0x080001fe   0x00000004   Code   RO         2960    .ARM.Collect$$libinit$$00000001  c_w.l(libinit2.o)
    0x08000202   0x08000202   0x00000000   Code   RO         2963    .ARM.Collect$$libinit$$00000004  c_w.l(libinit2.o)
    0x08000202   0x08000202   0x00000008   Code   RO         2964    .ARM.Collect$$libinit$$00000005  c_w.l(libinit2.o)
    0x0800020a   0x0800020a   0x00000000   Code   RO         2966    .ARM.Collect$$libinit$$0000000A  c_w.l(libinit2.o)
    0x0800020a   0x0800020a   0x00000000   Code   RO         2968    .ARM.Collect$$libinit$$0000000C  c_w.l(libinit2.o)
    0x0800020a   0x0800020a   0x00000000   Code   RO         2970    .ARM.Collect$$libinit$$0000000E  c_w.l(libinit2.o)
    0x0800020a   0x0800020a   0x00000000   Code   RO         2973    .ARM.Collect$$libinit$$00000011  c_w.l(libinit2.o)
    0x0800020a   0x0800020a   0x00000000   Code   RO         2975    .ARM.Collect$$libinit$$00000013  c_w.l(libinit2.o)
    0x0800020a   0x0800020a   0x00000000   Code   RO         2977    .ARM.Collect$$libinit$$00000015  c_w.l(libinit2.o)
    0x0800020a   0x0800020a   0x00000000   Code   RO         2979    .ARM.Collect$$libinit$$00000017  c_w.l(libinit2.o)
    0x0800020a   0x0800020a   0x00000000   Code   RO         2981    .ARM.Collect$$libinit$$00000019  c_w.l(libinit2.o)
    0x0800020a   0x0800020a   0x00000000   Code   RO         2983    .ARM.Collect$$libinit$$0000001B  c_w.l(libinit2.o)
    0x0800020a   0x0800020a   0x00000000   Code   RO         2985    .ARM.Collect$$libinit$$0000001D  c_w.l(libinit2.o)
    0x0800020a   0x0800020a   0x00000000   Code   RO         2987    .ARM.Collect$$libinit$$0000001F  c_w.l(libinit2.o)
    0x0800020a   0x0800020a   0x00000000   Code   RO         2989    .ARM.Collect$$libinit$$00000021  c_w.l(libinit2.o)
    0x0800020a   0x0800020a   0x00000000   Code   RO         2991    .ARM.Collect$$libinit$$00000023  c_w.l(libinit2.o)
    0x0800020a   0x0800020a   0x00000000   Code   RO         2993    .ARM.Collect$$libinit$$00000025  c_w.l(libinit2.o)
    0x0800020a   0x0800020a   0x00000000   Code   RO         2997    .ARM.Collect$$libinit$$0000002C  c_w.l(libinit2.o)
    0x0800020a   0x0800020a   0x00000000   Code   RO         2999    .ARM.Collect$$libinit$$0000002E  c_w.l(libinit2.o)
    0x0800020a   0x0800020a   0x00000000   Code   RO         3001    .ARM.Collect$$libinit$$00000030  c_w.l(libinit2.o)
    0x0800020a   0x0800020a   0x00000004   Code   RO         3002    .ARM.Collect$$libinit$$00000031  c_w.l(libinit2.o)
    0x0800020e   0x0800020e   0x00000000   Code   RO         3003    .ARM.Collect$$libinit$$00000032  c_w.l(libinit2.o)
    0x0800020e   0x0800020e   0x00000002   Code   RO         3004    .ARM.Collect$$libinit$$00000033  c_w.l(libinit2.o)
    0x08000210   0x08000210   0x00000002   Code   RO         3296    .ARM.Collect$$libshutdown$$00000000  c_w.l(libshutdown.o)
    0x08000212   0x08000212   0x00000000   Code   RO         3265    .ARM.Collect$$libshutdown$$00000002  c_w.l(libshutdown2.o)
    0x08000212   0x08000212   0x00000000   Code   RO         3267    .ARM.Collect$$libshutdown$$00000004  c_w.l(libshutdown2.o)
    0x08000212   0x08000212   0x00000000   Code   RO         3270    .ARM.Collect$$libshutdown$$00000007  c_w.l(libshutdown2.o)
    0x08000212   0x08000212   0x00000000   Code   RO         3273    .ARM.Collect$$libshutdown$$0000000A  c_w.l(libshutdown2.o)
    0x08000212   0x08000212   0x00000000   Code   RO         3275    .ARM.Collect$$libshutdown$$0000000C  c_w.l(libshutdown2.o)
    0x08000212   0x08000212   0x00000000   Code   RO         3278    .ARM.Collect$$libshutdown$$0000000F  c_w.l(libshutdown2.o)
    0x08000212   0x08000212   0x00000002   Code   RO         3279    .ARM.Collect$$libshutdown$$00000010  c_w.l(libshutdown2.o)
    0x08000214   0x08000214   0x00000000   Code   RO         2887    .ARM.Collect$$rtentry$$00000000  c_w.l(__rtentry.o)
    0x08000214   0x08000214   0x00000000   Code   RO         3118    .ARM.Collect$$rtentry$$00000002  c_w.l(__rtentry2.o)
    0x08000214   0x08000214   0x00000006   Code   RO         3130    .ARM.Collect$$rtentry$$00000004  c_w.l(__rtentry4.o)
    0x0800021a   0x0800021a   0x00000000   Code   RO         3120    .ARM.Collect$$rtentry$$00000009  c_w.l(__rtentry2.o)
    0x0800021a   0x0800021a   0x00000004   Code   RO         3121    .ARM.Collect$$rtentry$$0000000A  c_w.l(__rtentry2.o)
    0x0800021e   0x0800021e   0x00000000   Code   RO         3123    .ARM.Collect$$rtentry$$0000000C  c_w.l(__rtentry2.o)
    0x0800021e   0x0800021e   0x00000008   Code   RO         3124    .ARM.Collect$$rtentry$$0000000D  c_w.l(__rtentry2.o)
    0x08000226   0x08000226   0x00000002   Code   RO         3235    .ARM.Collect$$rtexit$$00000000  c_w.l(rtexit.o)
    0x08000228   0x08000228   0x00000000   Code   RO         3252    .ARM.Collect$$rtexit$$00000002  c_w.l(rtexit2.o)
    0x08000228   0x08000228   0x00000004   Code   RO         3253    .ARM.Collect$$rtexit$$00000003  c_w.l(rtexit2.o)
    0x0800022c   0x0800022c   0x00000006   Code   RO         3254    .ARM.Collect$$rtexit$$00000004  c_w.l(rtexit2.o)
    0x08000232   0x08000232   0x00000002   PAD
    0x08000234   0x08000234   0x00000040   Code   RO         2536    .text               startup_stm32f40_41xxx.o
    0x08000274   0x08000274   0x0000008a   Code   RO         2730    .text               c_w.l(rt_memcpy_v6.o)
    0x080002fe   0x080002fe   0x00000010   Code   RO         2732    .text               c_w.l(aeabi_memset4.o)
    0x0800030e   0x0800030e   0x00000044   Code   RO         2734    .text               c_w.l(rt_memclr.o)
    0x08000352   0x08000352   0x0000004e   Code   RO         2736    .text               c_w.l(rt_memclr_w.o)
    0x080003a0   0x080003a0   0x00000006   Code   RO         2738    .text               c_w.l(heapauxi.o)
    0x080003a6   0x080003a6   0x00000002   PAD
    0x080003a8   0x080003a8   0x00000024   Code   RO         2745    .text               c_w.l(init_aeabi.o)
    0x080003cc   0x080003cc   0x0000005e   Code   RO         2892    .text               c_w.l(h1_alloc.o)
    0x0800042a   0x0800042a   0x0000004e   Code   RO         2894    .text               c_w.l(h1_free.o)
    0x08000478   0x08000478   0x00000016   Code   RO         2954    .text               c_w.l(_rserrno.o)
    0x0800048e   0x0800048e   0x00000064   Code   RO         2958    .text               c_w.l(rt_memcpy_w.o)
    0x080004f2   0x080004f2   0x00000002   PAD
    0x080004f4   0x080004f4   0x0000000c   Code   RO         3111    .text               c_w.l(sys_exit.o)
    0x08000500   0x08000500   0x00000008   Code   RO         3135    .text               c_w.l(rt_heap_descriptor_intlibspace.o)
    0x08000508   0x08000508   0x00000008   Code   RO         3140    .text               c_w.l(rt_errno_addr_intlibspace.o)
    0x08000510   0x08000510   0x00000004   Code   RO         3142    .text               c_w.l(hguard.o)
    0x08000514   0x08000514   0x0000008a   Code   RO         3144    .text               c_w.l(init_alloc.o)
    0x0800059e   0x0800059e   0x0000000e   Code   RO         3148    .text               c_w.l(h1_init.o)
    0x080005ac   0x080005ac   0x00000008   Code   RO         3192    .text               c_w.l(libspace.o)
    0x080005b4   0x080005b4   0x00000002   Code   RO         3195    .text               c_w.l(use_no_semi.o)
    0x080005b6   0x080005b6   0x00000000   Code   RO         3197    .text               c_w.l(indicate_semi.o)
    0x080005b6   0x080005b6   0x0000004a   Code   RO         3198    .text               c_w.l(sys_stackheap_outer.o)
    0x08000600   0x08000600   0x00000000   Code   RO         3204    .text               c_w.l(maybetermalloc1.o)
    0x08000600   0x08000600   0x00000034   Code   RO         3206    .text               c_w.l(h1_extend.o)
    0x08000634   0x08000634   0x00000012   Code   RO         3210    .text               c_w.l(exit.o)
    0x08000646   0x08000646   0x0000000a   Code   RO         3212    .text               c_w.l(defsig_exit.o)
    0x08000650   0x08000650   0x0000000e   Code   RO         3216    .text               c_w.l(defsig_rtmem_outer.o)
    0x0800065e   0x0800065e   0x00000032   Code   RO         3241    .text               c_w.l(defsig_general.o)
    0x08000690   0x08000690   0x00000050   Code   RO         3243    .text               c_w.l(defsig_rtmem_inner.o)
    0x080006e0   0x080006e0   0x0000000e   Code   RO         3247    .text               c_w.l(sys_wrch.o)
    0x080006ee   0x080006ee   0x00000002   PAD
    0x080006f0   0x080006f0   0x000000a8   Code   RO          144    .text.CAN1_Configuration  can.o
    0x08000798   0x08000798   0x00000010   Code   RO          236    .text.CAN1_RX0_IRQHandler  stm32f4xx_it.o
    0x080007a8   0x080007a8   0x00000002   Code   RO          234    .text.CAN1_TX_IRQHandler  stm32f4xx_it.o
    0x080007aa   0x080007aa   0x00000002   PAD
    0x080007ac   0x080007ac   0x000000b0   Code   RO          146    .text.CAN2_Configuration  can.o
    0x0800085c   0x0800085c   0x00000010   Code   RO          240    .text.CAN2_RX0_IRQHandler  stm32f4xx_it.o
    0x0800086c   0x0800086c   0x00000002   Code   RO          238    .text.CAN2_TX_IRQHandler  stm32f4xx_it.o
    0x0800086e   0x0800086e   0x00000002   PAD
    0x08000870   0x08000870   0x000000aa   Code   RO          417    .text.CAN_ClearITPendingBit  stm32f4xx_can.o
    0x0800091a   0x0800091a   0x00000002   PAD
    0x0800091c   0x0800091c   0x00000028   Code   RO          369    .text.CAN_DeInit    stm32f4xx_can.o
    0x08000944   0x08000944   0x000000ac   Code   RO          373    .text.CAN_FilterInit  stm32f4xx_can.o
    0x080009f0   0x080009f0   0x00000108   Code   RO          413    .text.CAN_GetITStatus  stm32f4xx_can.o
    0x08000af8   0x08000af8   0x00000010   Code   RO          407    .text.CAN_ITConfig  stm32f4xx_can.o
    0x08000b08   0x08000b08   0x00000102   Code   RO          371    .text.CAN_Init      stm32f4xx_can.o
    0x08000c0a   0x08000c0a   0x00000002   PAD
    0x08000c0c   0x08000c0c   0x000000a0   Code   RO          389    .text.CAN_Receive   stm32f4xx_can.o
    0x08000cac   0x08000cac   0x00000014   Code   RO          375    .text.CAN_StructInit  stm32f4xx_can.o
    0x08000cc0   0x08000cc0   0x000000a2   Code   RO          383    .text.CAN_Transmit  stm32f4xx_can.o
    0x08000d62   0x08000d62   0x00000002   PAD
    0x08000d64   0x08000d64   0x00000008   Code   RO          415    .text.CheckITStatus  stm32f4xx_can.o
    0x08000d6c   0x08000d6c   0x00000032   Code   RO          670    .text.DMA_ClearITPendingBit  stm32f4xx_dma.o
    0x08000d9e   0x08000d9e   0x00000002   PAD
    0x08000da0   0x08000da0   0x00000012   Code   RO          640    .text.DMA_Cmd       stm32f4xx_dma.o
    0x08000db2   0x08000db2   0x00000002   PAD
    0x08000db4   0x08000db4   0x00000258   Code   RO          634    .text.DMA_DeInit    stm32f4xx_dma.o
    0x0800100c   0x0800100c   0x00000008   Code   RO          658    .text.DMA_GetCmdStatus  stm32f4xx_dma.o
    0x08001014   0x08001014   0x00000006   Code   RO          648    .text.DMA_GetCurrDataCounter  stm32f4xx_dma.o
    0x0800101a   0x0800101a   0x00000002   PAD
    0x0800101c   0x0800101c   0x00000034   Code   RO          666    .text.DMA_ITConfig  stm32f4xx_dma.o
    0x08001050   0x08001050   0x00000066   Code   RO          636    .text.DMA_Init      stm32f4xx_dma.o
    0x080010b6   0x080010b6   0x00000002   PAD
    0x080010b8   0x080010b8   0x0000006e   Code   RO          167    .text.GPIO_Configure  gpio.o
    0x08001126   0x08001126   0x00000002   PAD
    0x08001128   0x08001128   0x00000086   Code   RO          897    .text.GPIO_Init     stm32f4xx_gpio.o
    0x080011ae   0x080011ae   0x00000002   PAD
    0x080011b0   0x080011b0   0x00000028   Code   RO          921    .text.GPIO_PinAFConfig  stm32f4xx_gpio.o
    0x080011d8   0x080011d8   0x00000002   Code   RO          242    .text.HardFault_Handler  stm32f4xx_it.o
    0x080011da   0x080011da   0x00000002   PAD
    0x080011dc   0x080011dc   0x00000062   Code   RO          269    .text.NVIC_Init     misc.o
    0x0800123e   0x0800123e   0x00000002   PAD
    0x08001240   0x08001240   0x00000014   Code   RO          267    .text.NVIC_PriorityGroupConfig  misc.o
    0x08001254   0x08001254   0x0000000c   PAD
    0x08001260   0x08001260   0x00000064   Code   RO         2303    .text.PendSV_Handler  port.o
    0x080012c4   0x080012c4   0x00000018   Code   RO         1273    .text.RCC_AHB1PeriphClockCmd  stm32f4xx_rcc.o
    0x080012dc   0x080012dc   0x00000018   Code   RO         1279    .text.RCC_APB1PeriphClockCmd  stm32f4xx_rcc.o
    0x080012f4   0x080012f4   0x00000018   Code   RO         1289    .text.RCC_APB1PeriphResetCmd  stm32f4xx_rcc.o
    0x0800130c   0x0800130c   0x00000018   Code   RO         1281    .text.RCC_APB2PeriphClockCmd  stm32f4xx_rcc.o
    0x08001324   0x08001324   0x00000018   Code   RO         1291    .text.RCC_APB2PeriphResetCmd  stm32f4xx_rcc.o
    0x0800133c   0x0800133c   0x00000096   Code   RO         1251    .text.RCC_GetClocksFreq  stm32f4xx_rcc.o
    0x080013d2   0x080013d2   0x0000000e   PAD
    0x080013e0   0x080013e0   0x00000024   Code   RO         2287    .text.SVC_Handler   port.o
    0x08001404   0x08001404   0x000000be   Code   RO          253    .text.SetSysClock   system_stm32f4xx.o
    0x080014c2   0x080014c2   0x00000002   PAD
    0x080014c4   0x080014c4   0x0000001a   Code   RO          275    .text.SysTick_CLKSourceConfig  misc.o
    0x080014de   0x080014de   0x00000002   PAD
    0x080014e0   0x080014e0   0x0000002c   Code   RO          175    .text.SysTick_Configuration  systick.o
    0x0800150c   0x0800150c   0x00000008   Code   RO          220    .text.SysTick_Handler  stm32f4xx_it.o
    0x08001514   0x08001514   0x00000056   Code   RO          251    .text.SystemInit    system_stm32f4xx.o
    0x0800156a   0x0800156a   0x00000002   PAD
    0x0800156c   0x0800156c   0x00000038   Code   RO          184    .text.TIM5_Configuration  tim.o
    0x080015a4   0x080015a4   0x00000012   Code   RO         1703    .text.TIM_Cmd       stm32f4xx_tim.o
    0x080015b6   0x080015b6   0x00000002   PAD
    0x080015b8   0x080015b8   0x00000092   Code   RO         1677    .text.TIM_TimeBaseInit  stm32f4xx_tim.o
    0x0800164a   0x0800164a   0x00000002   PAD
    0x0800164c   0x0800164c   0x00000148   Code   RO          198    .text.UART4_Configuration  usart.o
    0x08001794   0x08001794   0x00000010   Code   RO          228    .text.UART4_IRQHandler  stm32f4xx_it.o
    0x080017a4   0x080017a4   0x0000015a   Code   RO          200    .text.UART5_Configuration  usart.o
    0x080018fe   0x080018fe   0x00000002   PAD
    0x08001900   0x08001900   0x00000010   Code   RO          230    .text.UART5_IRQHandler  stm32f4xx_it.o
    0x08001910   0x08001910   0x000000e6   Code   RO          192    .text.USART1_Configuration  usart.o
    0x080019f6   0x080019f6   0x00000002   PAD
    0x080019f8   0x080019f8   0x00000010   Code   RO          222    .text.USART1_IRQHandler  stm32f4xx_it.o
    0x08001a08   0x08001a08   0x00000144   Code   RO          194    .text.USART2_Configuration  usart.o
    0x08001b4c   0x08001b4c   0x00000010   Code   RO          224    .text.USART2_IRQHandler  stm32f4xx_it.o
    0x08001b5c   0x08001b5c   0x0000014a   Code   RO          196    .text.USART3_Configuration  usart.o
    0x08001ca6   0x08001ca6   0x00000002   PAD
    0x08001ca8   0x08001ca8   0x00000010   Code   RO          226    .text.USART3_IRQHandler  stm32f4xx_it.o
    0x08001cb8   0x08001cb8   0x00000146   Code   RO          202    .text.USART6_Configuration  usart.o
    0x08001dfe   0x08001dfe   0x00000002   PAD
    0x08001e00   0x08001e00   0x00000010   Code   RO          232    .text.USART6_IRQHandler  stm32f4xx_it.o
    0x08001e10   0x08001e10   0x00000012   Code   RO         1877    .text.USART_Cmd     stm32f4xx_usart.o
    0x08001e22   0x08001e22   0x00000002   PAD
    0x08001e24   0x08001e24   0x00000010   Code   RO         1913    .text.USART_DMACmd  stm32f4xx_usart.o
    0x08001e34   0x08001e34   0x00000112   Code   RO         1867    .text.USART_DeInit  stm32f4xx_usart.o
    0x08001f46   0x08001f46   0x00000002   PAD
    0x08001f48   0x08001f48   0x0000003a   Code   RO         1921    .text.USART_GetITStatus  stm32f4xx_usart.o
    0x08001f82   0x08001f82   0x00000002   PAD
    0x08001f84   0x08001f84   0x0000002e   Code   RO         1915    .text.USART_ITConfig  stm32f4xx_usart.o
    0x08001fb2   0x08001fb2   0x00000002   PAD
    0x08001fb4   0x08001fb4   0x000000b6   Code   RO         1869    .text.USART_Init    stm32f4xx_usart.o
    0x0800206a   0x0800206a   0x00000002   PAD
    0x0800206c   0x0800206c   0x0000001c   Code   RO         2542    .text.UserMain      user_main.o
    0x08002088   0x08002088   0x0000007a   Code   RO         2592    .text.User_CAN_RX_Callback  user_callback.o
    0x08002102   0x08002102   0x00000002   PAD
    0x08002104   0x08002104   0x0000011e   Code   RO         2586    .text.User_SysTickCallback  user_callback.o
    0x08002222   0x08002222   0x00000002   PAD
    0x08002224   0x08002224   0x00000088   Code   RO         2590    .text.User_UART_Fps_Update  user_callback.o
    0x080022ac   0x080022ac   0x000000e0   Code   RO         2588    .text.User_UART_RX_Callback  user_callback.o
    0x0800238c   0x0800238c   0x00000014   Code   RO         2635    .text._GLOBAL__sub_I_user_global.cpp  user_global.o
    0x080023a0   0x080023a0   0x00000218   Code   RO         2715    .text._Z10CAN_DecodeP10CANContext  can_protocol.o
    0x080025b8   0x080025b8   0x000000d2   Code   RO         2674    .text._Z11UART_Decodej  uart_protocol.o
    0x0800268a   0x0800268a   0x00000002   PAD
    0x0800268c   0x0800268c   0x0000006e   Code   RO         2611    .text._Z12MotorMonitorv  user_global.o
    0x080026fa   0x080026fa   0x00000002   PAD
    0x080026fc   0x080026fc   0x00000076   Code   RO         2615    .text._Z13VisualizeDatav  user_global.o
    0x08002772   0x08002772   0x00000002   PAD
    0x08002774   0x08002774   0x00000050   Code   RO         2558    .text._Z14DataVisualTaskPv  user_task.o
    0x080027c4   0x080027c4   0x000000ec   Code   RO         2550    .text._Z14LaunchAllTasksv  user_task.o
    0x080028b0   0x080028b0   0x0000005e   Code   RO         2617    .text._Z14SendGimbalDatav  user_global.o
    0x0800290e   0x0800290e   0x00000002   PAD
    0x08002910   0x08002910   0x0000015e   Code   RO         2619    .text._Z15SendRefereeDatav  user_global.o
    0x08002a6e   0x08002a6e   0x00000002   PAD
    0x08002a70   0x08002a70   0x0000004a   Code   RO         2562    .text._Z15UsartDecodeTaskPv  user_task.o
    0x08002aba   0x08002aba   0x00000002   PAD
    0x08002abc   0x08002abc   0x00000042   Code   RO         2560    .text._Z16RobotControlTaskPv  user_task.o
    0x08002afe   0x08002afe   0x00000002   PAD
    0x08002b00   0x08002b00   0x0000006c   Code   RO         2621    .text._Z17ControlModeUpdatev  user_global.o
    0x08002b6c   0x08002b6c   0x0000005c   Code   RO           62    .text._Z17InitCommunicationv  communication.o
    0x08002bc8   0x08002bc8   0x000001e4   Code   RO         2623    .text._Z17RobotStatesUpdatev  user_global.o
    0x08002dac   0x08002dac   0x0000004a   Code   RO         2552    .text._Z17SystemMonitorTaskPv  user_task.o
    0x08002df6   0x08002df6   0x00000002   PAD
    0x08002df8   0x08002df8   0x00000112   Code   RO         2676    .text._Z17UART_RSDataDecodePht  uart_protocol.o
    0x08002f0a   0x08002f0a   0x00000002   PAD
    0x08002f0c   0x08002f0c   0x00000020   Code   RO         2692    .text._Z18Get_CRC8_Check_SumPhjh  verify.o
    0x08002f2c   0x08002f2c   0x00000036   Code   RO         2554    .text._Z18GimbalDataSendTaskPv  user_task.o
    0x08002f62   0x08002f62   0x00000002   PAD
    0x08002f64   0x08002f64   0x00000008   Code   RO         2627    .text._Z18RobotTargetsUpdatev  user_global.o
    0x08002f6c   0x08002f6c   0x0000003e   Code   RO           64    .text._Z18StartCommunicationv  communication.o
    0x08002faa   0x08002faa   0x00000002   PAD
    0x08002fac   0x08002fac   0x000000f8   Code   RO         2625    .text._Z18YawGimbalCalibratev  user_global.o
    0x080030a4   0x080030a4   0x00000034   Code   RO         2698    .text._Z19Get_CRC16_Check_SumPhjt  verify.o
    0x080030d8   0x080030d8   0x00000036   Code   RO         2556    .text._Z19RefereeDataSendTaskPv  user_task.o
    0x0800310e   0x0800310e   0x00000002   PAD
    0x08003110   0x08003110   0x00000018   Code   RO         2633    .text._Z19RobotControlExecutev  user_global.o
    0x08003128   0x08003128   0x00000008   Code   RO         2629    .text._Z20ChassisTargetsUpdatev  user_global.o
    0x08003130   0x08003130   0x00000042   Code   RO         2613    .text._Z20CommunicationMonitorv  user_global.o
    0x08003172   0x08003172   0x00000002   PAD
    0x08003174   0x08003174   0x0000001e   Code   RO         2696    .text._Z21Append_CRC8_Check_SumPhj  verify.o
    0x08003192   0x08003192   0x00000002   PAD
    0x08003194   0x08003194   0x00000034   Code   RO         2678    .text._Z21UART_GimbalDataDecodePh  uart_protocol.o
    0x080031c8   0x080031c8   0x0000002a   Code   RO         2694    .text._Z21Verify_CRC8_Check_SumPhj  verify.o
    0x080031f2   0x080031f2   0x00000002   PAD
    0x080031f4   0x080031f4   0x00000028   Code   RO         2702    .text._Z22Append_CRC16_Check_SumPhj  verify.o
    0x0800321c   0x0800321c   0x00000046   Code   RO         2700    .text._Z22Verify_CRC16_Check_SumPhj  verify.o
    0x08003262   0x08003262   0x00000002   PAD
    0x08003264   0x08003264   0x000001a4   Code   RO         2631    .text._Z34OmnidirectionalChassisTargetUpdatev  user_global.o
    0x08003408   0x08003408   0x0000001e   Code   RO         2424    .text._Z4Clipfff    common_math.o
    0x08003426   0x08003426   0x00000002   PAD
    0x08003428   0x08003428   0x00000230   Code   RO         2680    .text._ZL11MatchRSDatatPht  uart_protocol.o
    0x08003658   0x08003658   0x00000016   Code   RO         2719    .text._ZL13GetMotorSpeedPh  can_protocol.o
    0x0800366e   0x0800366e   0x00000002   PAD
    0x08003670   0x08003670   0x00000008   Code   RO         2717    .text._ZL16GetEncoderNumberPh  can_protocol.o
    0x08003678   0x08003678   0x0000005e   Code   RO          127    .text._ZN10AbsEncoder17EncodeValueUpdateEj  encoder.o
    0x080036d6   0x080036d6   0x00000002   PAD
    0x080036d8   0x080036d8   0x00000010   Code   RO         2529    .text._ZN10AbsEncoderC2Ejj  sentry_robot.o
    0x080036e8   0x080036e8   0x0000000e   Code   RO           99    .text._ZN10CANContext14CanSendMessageEv  can_interface.o
    0x080036f6   0x080036f6   0x00000002   PAD
    0x080036f8   0x080036f8   0x00000014   Code   RO           97    .text._ZN10CANContext8CAN_InitEP11CAN_TypeDefhhh  can_interface.o
    0x0800370c   0x0800370c   0x00000004   PAD
    0x08003710   0x08003710   0x00000158   Code   RO         2511    .text._ZN11SentryRobot13Power_ControlEv  sentry_robot.o
    0x08003868   0x08003868   0x00000048   Code   RO         2507    .text._ZN11SentryRobot14InitAllSensorsEv  sentry_robot.o
    0x080038b0   0x080038b0   0x00000008   Code   RO         2667    .text._ZN11SentryRobot14SetChassisModeENS_11ChassisModeE  user_global.o
    0x080038b8   0x080038b8   0x000005d0   Code   RO         2505    .text._ZN11SentryRobot16InitAllActuatorsEv  sentry_robot.o
    0x08003e88   0x08003e88   0x00000008   Code   RO         2669    .text._ZN11SentryRobot16SetYawGimbalModeENS_13YawGimbalModeE  user_global.o
    0x08003e90   0x08003e90   0x0000019a   Code   RO         2517    .text._ZN11SentryRobot18SendControlCommandEv  sentry_robot.o
    0x0800402a   0x0800402a   0x00000002   PAD
    0x0800402c   0x0800402c   0x0000001a   Code   RO         2515    .text._ZN11SentryRobot21SetChassisSpeedTargetEffff  sentry_robot.o
    0x08004046   0x08004046   0x00000002   PAD
    0x08004048   0x08004048   0x00000026   Code   RO         2509    .text._ZN11SentryRobot23ExecuteChassisAlgorithmEv  sentry_robot.o
    0x0800406e   0x0800406e   0x00000002   PAD
    0x08004070   0x08004070   0x00000010   Code   RO         2503    .text._ZN11SentryRobot4InitEv  sentry_robot.o
    0x08004080   0x08004080   0x0000000c   Code   RO         2501    .text._ZN11SentryRobotC2Ev  sentry_robot.o
    0x0800408c   0x0800408c   0x00000012   Code   RO            8    .text._ZN3Led10ToggleBlueEv  led.o
    0x0800409e   0x0800409e   0x00000002   PAD
    0x080040a0   0x080040a0   0x00000012   Code   RO            4    .text._ZN3Led10TogglePinkEv  led.o
    0x080040b2   0x080040b2   0x00000002   PAD
    0x080040b4   0x080040b4   0x00000012   Code   RO           12    .text._ZN3Led11ToggleGreenEv  led.o
    0x080040c6   0x080040c6   0x00000002   PAD
    0x080040c8   0x080040c8   0x00000012   Code   RO           20    .text._ZN3Led12ToggleOrangeEv  led.o
    0x080040da   0x080040da   0x00000002   PAD
    0x080040dc   0x080040dc   0x00000016   Code   RO           10    .text._ZN3Led8SetGreenEb  led.o
    0x080040f2   0x080040f2   0x00000002   PAD
    0x080040f4   0x080040f4   0x000000b0   Code   RO         2477    .text._ZN3Pid12CalWeakenPIDEf  pid.o
    0x080041a4   0x080041a4   0x00000020   Code   RO         2475    .text._ZN3PidC2Effffffff  pid.o
    0x080041c4   0x080041c4   0x00000022   Code   RO           73    .text._ZN4Vofa13SetUartHandleEP13USART_TypeDef  vofa.o
    0x080041e6   0x080041e6   0x00000002   PAD
    0x080041e8   0x080041e8   0x0000000a   Code   RO           75    .text._ZN4Vofa8SendDataEv  vofa.o
    0x080041f2   0x080041f2   0x00000002   PAD
    0x080041f4   0x080041f4   0x00000022   Code   RO         2663    .text._ZN4VofaC2Ev  user_global.o
    0x08004216   0x08004216   0x00000002   PAD
    0x08004218   0x08004218   0x00000036   Code   RO         2388    .text._ZN5M350811SpeedUpdateEhf  m3508.o
    0x0800424e   0x0800424e   0x00000002   PAD
    0x08004250   0x08004250   0x00000016   Code   RO         2396    .text._ZN5M350812SpeedControlEv  m3508.o
    0x08004266   0x08004266   0x00000002   PAD
    0x08004268   0x08004268   0x00000058   Code   RO         2394    .text._ZN5M350818EncoderAngleUpdateEj  m3508.o
    0x080042c0   0x080042c0   0x00000050   Code   RO         2392    .text._ZN5M350818EncoderSpeedUpdateEf  m3508.o
    0x08004310   0x08004310   0x0000001a   Code   RO         2527    .text._ZN5M3508C2EP11CAN_TypeDefjj  sentry_robot.o
    0x0800432a   0x0800432a   0x00000002   PAD
    0x0800432c   0x0800432c   0x00000126   Code   RO           30    .text._ZN5Usart10USART_InitEPhtS0_th  usart_interface.o
    0x08004452   0x08004452   0x00000002   PAD
    0x08004454   0x08004454   0x0000007a   Code   RO           32    .text._ZN5Usart13USART_ReceiveEv  usart_interface.o
    0x080044ce   0x080044ce   0x00000002   PAD
    0x080044d0   0x080044d0   0x0000003c   Code   RO           34    .text._ZN5Usart14USART_TransmitEv  usart_interface.o
    0x0800450c   0x0800450c   0x0000000e   Code   RO         2671    .text._ZN5UsartC2Ev  user_global.o
    0x0800451a   0x0800451a   0x00000002   PAD
    0x0800451c   0x0800451c   0x0000002a   Code   RO           50    .text._ZN6Gimbal13SetUartHandleEP13USART_TypeDef  gimbal.o
    0x08004546   0x08004546   0x00000002   PAD
    0x08004548   0x08004548   0x0000000c   Code   RO           52    .text._ZN6Gimbal8SendDataEv  gimbal.o
    0x08004554   0x08004554   0x0000003a   Code   RO         2661    .text._ZN6GimbalC2Ev  user_global.o
    0x0800458e   0x0800458e   0x00000002   PAD
    0x08004590   0x08004590   0x00000032   Code   RO         2449    .text._ZN6Kalman12UpdateFilterEf  kalman.o
    0x080045c2   0x080045c2   0x00000002   PAD
    0x080045c4   0x080045c4   0x0000001e   Code   RO         2451    .text._ZN6Kalman13CalPredictionEv  kalman.o
    0x080045e2   0x080045e2   0x00000002   PAD
    0x080045e4   0x080045e4   0x00000006   Code   RO         2364    .text._ZN6Kalman15GetFilterOutputEv  gm6020.o
    0x080045ea   0x080045ea   0x00000002   PAD
    0x080045ec   0x080045ec   0x00000046   Code   RO         2453    .text._ZN6Kalman9CalUpdateEv  kalman.o
    0x08004632   0x08004632   0x00000002   PAD
    0x08004634   0x08004634   0x0000002a   Code   RO         2447    .text._ZN6KalmanC2Ehffff  kalman.o
    0x0800465e   0x0800465e   0x00000002   PAD
    0x08004660   0x08004660   0x00000018   Code   RO         2410    .text._ZN7Adrc_TDC2Effff  adrc.o
    0x08004678   0x08004678   0x0000000c   Code   RO           87    .text._ZN7Referee8SendDataEv  referee.o
    0x08004684   0x08004684   0x000000b6   Code   RO         2665    .text._ZN7RefereeC2Ev  user_global.o
    0x0800473a   0x0800473a   0x00000002   PAD
    0x0800473c   0x0800473c   0x00000044   Code   RO          117    .text._ZN9Capacitor11CapVolLimitEv  capacitor.o
    0x08004780   0x08004780   0x00000054   Code   RO          115    .text._ZN9Capacitor14PowerDesUpdateEf  capacitor.o
    0x080047d4   0x080047d4   0x00000094   Code   RO          113    .text._ZN9Capacitor15PowerJudgeByVolEv  capacitor.o
    0x08004868   0x08004868   0x00000080   Code   RO          111    .text._ZN9Capacitor19UpdateChargingPowerEfff  capacitor.o
    0x080048e8   0x080048e8   0x0000002a   Code   RO         2531    .text._ZN9CapacitorC2Ev  sentry_robot.o
    0x08004912   0x08004912   0x0000000c   Code   RO         3051    .text._ZSt15get_new_handlerv  libcppabi_w.l(cxa_handlers.cpp.o)
    0x0800491e   0x0800491e   0x00000002   PAD
    0x08004920   0x08004920   0x00000026   Code   RO         2769    .text._Znwj         libcpp_w.l(new.cpp.o)
    0x08004946   0x08004946   0x00000002   PAD
    0x08004948   0x08004948   0x00000010   Code   RO         2603    .text.__cxx_global_var_init  user_global.o
    0x08004958   0x08004958   0x00000010   Code   RO         2605    .text.__cxx_global_var_init.1  user_global.o
    0x08004968   0x08004968   0x00000010   Code   RO         2607    .text.__cxx_global_var_init.2  user_global.o
    0x08004978   0x08004978   0x00000010   Code   RO         2609    .text.__cxx_global_var_init.3  user_global.o
    0x08004988   0x08004988   0x00000044   Code   RO          136    .text.bsp_init      bsp_init.o
    0x080049cc   0x080049cc   0x0000001a   Code   RO          157    .text.delay_ms      delay.o
    0x080049e6   0x080049e6   0x00000002   PAD
    0x080049e8   0x080049e8   0x00000032   Code   RO          155    .text.delay_us      delay.o
    0x08004a1a   0x08004a1a   0x00000002   PAD
    0x08004a1c   0x08004a1c   0x0000000e   Code   RO          211    .text.main          main.o
    0x08004a2a   0x08004a2a   0x00000002   PAD
    0x08004a2c   0x08004a2c   0x000000a2   Code   RO         2099    .text.prvAddCurrentTaskToDelayedList  tasks.o
    0x08004ace   0x08004ace   0x00000002   PAD
    0x08004ad0   0x08004ad0   0x000000ae   Code   RO         2087    .text.prvAddNewTaskToReadyList  tasks.o
    0x08004b7e   0x08004b7e   0x00000002   PAD
    0x08004b80   0x08004b80   0x0000006c   Code   RO         2226    .text.prvCheckForValidListAndQueue  timers.o
    0x08004bec   0x08004bec   0x00000060   Code   RO         2193    .text.prvCheckTasksWaitingTermination  tasks.o
    0x08004c4c   0x08004c4c   0x00000028   Code   RO         2040    .text.prvCopyDataFromQueue  queue.o
    0x08004c74   0x08004c74   0x0000007a   Code   RO         2030    .text.prvCopyDataToQueue  queue.o
    0x08004cee   0x08004cee   0x00000002   PAD
    0x08004cf0   0x08004cf0   0x00000012   Code   RO         2091    .text.prvDeleteTCB  tasks.o
    0x08004d02   0x08004d02   0x00000002   PAD
    0x08004d04   0x08004d04   0x00000020   Code   RO         2254    .text.prvGetNextExpireTime  timers.o
    0x08004d24   0x08004d24   0x00000076   Code   RO         2318    .text.prvHeapInit   heap_4.o
    0x08004d9a   0x08004d9a   0x00000002   PAD
    0x08004d9c   0x08004d9c   0x0000002a   Code   RO         2125    .text.prvIdleTask   tasks.o
    0x08004dc6   0x08004dc6   0x00000002   PAD
    0x08004dc8   0x08004dc8   0x00000020   Code   RO         2014    .text.prvInitialiseNewQueue  queue.o
    0x08004de8   0x08004de8   0x0000008a   Code   RO         2085    .text.prvInitialiseNewTask  tasks.o
    0x08004e72   0x08004e72   0x00000002   PAD
    0x08004e74   0x08004e74   0x00000070   Code   RO         2191    .text.prvInitialiseTaskLists  tasks.o
    0x08004ee4   0x08004ee4   0x00000062   Code   RO         2320    .text.prvInsertBlockIntoFreeList  heap_4.o
    0x08004f46   0x08004f46   0x00000002   PAD
    0x08004f48   0x08004f48   0x00000040   Code   RO         2266    .text.prvInsertTimerInActiveList  timers.o
    0x08004f88   0x08004f88   0x00000018   Code   RO         2042    .text.prvIsQueueEmpty  queue.o
    0x08004fa0   0x08004fa0   0x0000001c   Code   RO         2032    .text.prvIsQueueFull  queue.o
    0x08004fbc   0x08004fbc   0x00000028   Code   RO         2295    .text.prvPortStartFirstTask  port.o
    0x08004fe4   0x08004fe4   0x0000004c   Code   RO         2262    .text.prvProcessExpiredTimer  timers.o
    0x08005030   0x08005030   0x000000cc   Code   RO         2258    .text.prvProcessReceivedCommands  timers.o
    0x080050fc   0x080050fc   0x00000080   Code   RO         2256    .text.prvProcessTimerOrBlockTask  timers.o
    0x0800517c   0x0800517c   0x00000028   Code   RO         2093    .text.prvResetNextTaskUnblockTime  tasks.o
    0x080051a4   0x080051a4   0x0000002a   Code   RO         2260    .text.prvSampleTimeNow  timers.o
    0x080051ce   0x080051ce   0x00000002   PAD
    0x080051d0   0x080051d0   0x00000076   Code   RO         2264    .text.prvSwitchTimerLists  timers.o
    0x08005246   0x08005246   0x00000002   PAD
    0x08005248   0x08005248   0x00000022   Code   RO         2285    .text.prvTaskExitError  port.o
    0x0800526a   0x0800526a   0x00000002   PAD
    0x0800526c   0x0800526c   0x00000018   Code   RO         1966    .text.prvTestWaitCondition  event_groups.o
    0x08005284   0x08005284   0x00000016   Code   RO         2228    .text.prvTimerTask  timers.o
    0x0800529a   0x0800529a   0x00000002   PAD
    0x0800529c   0x0800529c   0x00000072   Code   RO         2034    .text.prvUnlockQueue  queue.o
    0x0800530e   0x0800530e   0x00000002   PAD
    0x08005310   0x08005310   0x000000ee   Code   RO         2316    .text.pvPortMalloc  heap_4.o
    0x080053fe   0x080053fe   0x00000002   PAD
    0x08005400   0x08005400   0x00000018   Code   RO         2177    .text.pvTaskIncrementMutexHeldCount  tasks.o
    0x08005418   0x08005418   0x00000028   Code   RO         2283    .text.pxPortInitialiseStack  port.o
    0x08005440   0x08005440   0x00000026   Code   RO         2000    .text.uxListRemove  list.o
    0x08005466   0x08005466   0x00000002   PAD
    0x08005468   0x08005468   0x0000001a   Code   RO         2175    .text.uxTaskResetEventItemValue  tasks.o
    0x08005482   0x08005482   0x00000002   PAD
    0x08005484   0x08005484   0x00000008   Code   RO         1978    .text.vEventGroupSetBitsCallback  event_groups.o
    0x0800548c   0x0800548c   0x00000016   Code   RO         1992    .text.vListInitialise  list.o
    0x080054a2   0x080054a2   0x00000002   PAD
    0x080054a4   0x080054a4   0x00000006   Code   RO         1994    .text.vListInitialiseItem  list.o
    0x080054aa   0x080054aa   0x00000002   PAD
    0x080054ac   0x080054ac   0x0000003a   Code   RO         1998    .text.vListInsert   list.o
    0x080054e6   0x080054e6   0x00000002   PAD
    0x080054e8   0x080054e8   0x0000001c   Code   RO         1996    .text.vListInsertEnd  list.o
    0x08005504   0x08005504   0x00000014   Code   RO         2293    .text.vPortEnableVFP  port.o
    0x08005518   0x08005518   0x00000020   Code   RO         2299    .text.vPortEnterCritical  port.o
    0x08005538   0x08005538   0x0000001a   Code   RO         2301    .text.vPortExitCritical  port.o
    0x08005552   0x08005552   0x00000002   PAD
    0x08005554   0x08005554   0x00000056   Code   RO         2322    .text.vPortFree     heap_4.o
    0x080055aa   0x080055aa   0x00000002   PAD
    0x080055ac   0x080055ac   0x00000034   Code   RO         2291    .text.vPortSetupTimerInterrupt  port.o
    0x080055e0   0x080055e0   0x00000028   Code   RO         2068    .text.vQueueAddToRegistry  queue.o
    0x08005608   0x08005608   0x00000044   Code   RO         2072    .text.vQueueWaitForMessageRestricted  queue.o
    0x0800564c   0x0800564c   0x00000034   Code   RO         2103    .text.vTaskDelay    tasks.o
    0x08005680   0x08005680   0x0000000e   Code   RO         2157    .text.vTaskMissedYield  tasks.o
    0x0800568e   0x0800568e   0x00000002   PAD
    0x08005690   0x08005690   0x0000001e   Code   RO         2143    .text.vTaskPlaceOnEventList  tasks.o
    0x080056ae   0x080056ae   0x00000002   PAD
    0x080056b0   0x080056b0   0x00000028   Code   RO         2147    .text.vTaskPlaceOnEventListRestricted  tasks.o
    0x080056d8   0x080056d8   0x00000026   Code   RO         2145    .text.vTaskPlaceOnUnorderedEventList  tasks.o
    0x080056fe   0x080056fe   0x00000002   PAD
    0x08005700   0x08005700   0x0000009a   Code   RO         2171    .text.vTaskPriorityInherit  tasks.o
    0x0800579a   0x0800579a   0x00000002   PAD
    0x0800579c   0x0800579c   0x0000001a   Code   RO         2153    .text.vTaskSetTimeOutState  tasks.o
    0x080057b6   0x080057b6   0x00000002   PAD
    0x080057b8   0x080057b8   0x00000078   Code   RO         2123    .text.vTaskStartScheduler  tasks.o
    0x08005830   0x08005830   0x00000010   Code   RO         2097    .text.vTaskSuspendAll  tasks.o
    0x08005840   0x08005840   0x0000006c   Code   RO         2115    .text.vTaskSwitchContext  tasks.o
    0x080058ac   0x080058ac   0x0000001c   Code   RO         1958    .text.xEventGroupCreate  event_groups.o
    0x080058c8   0x080058c8   0x0000007e   Code   RO         1962    .text.xEventGroupSetBits  event_groups.o
    0x08005946   0x08005946   0x00000002   PAD
    0x08005948   0x08005948   0x00000016   Code   RO         1980    .text.xEventGroupSetBitsFromISR  event_groups.o
    0x0800595e   0x0800595e   0x00000002   PAD
    0x08005960   0x08005960   0x000000b0   Code   RO         1964    .text.xEventGroupWaitBits  event_groups.o
    0x08005a10   0x08005a10   0x0000004a   Code   RO         2289    .text.xPortStartScheduler  port.o
    0x08005a5a   0x08005a5a   0x00000002   PAD
    0x08005a5c   0x08005a5c   0x0000002e   Code   RO         2305    .text.xPortSysTickHandler  port.o
    0x08005a8a   0x08005a8a   0x00000002   PAD
    0x08005a8c   0x08005a8c   0x00000032   Code   RO         2012    .text.xQueueGenericCreate  queue.o
    0x08005abe   0x08005abe   0x00000002   PAD
    0x08005ac0   0x08005ac0   0x00000180   Code   RO         2026    .text.xQueueGenericReceive  queue.o
    0x08005c40   0x08005c40   0x0000006a   Code   RO         2010    .text.xQueueGenericReset  queue.o
    0x08005caa   0x08005caa   0x00000002   PAD
    0x08005cac   0x08005cac   0x00000136   Code   RO         2022    .text.xQueueGenericSend  queue.o
    0x08005de2   0x08005de2   0x00000002   PAD
    0x08005de4   0x08005de4   0x0000006e   Code   RO         2036    .text.xQueueGenericSendFromISR  queue.o
    0x08005e52   0x08005e52   0x00000002   PAD
    0x08005e54   0x08005e54   0x00000058   Code   RO         2155    .text.xTaskCheckForTimeOut  tasks.o
    0x08005eac   0x08005eac   0x00000060   Code   RO         2083    .text.xTaskCreate   tasks.o
    0x08005f0c   0x08005f0c   0x00000026   Code   RO         2169    .text.xTaskGetSchedulerState  tasks.o
    0x08005f32   0x08005f32   0x00000002   PAD
    0x08005f34   0x08005f34   0x0000000c   Code   RO         2131    .text.xTaskGetTickCount  tasks.o
    0x08005f40   0x08005f40   0x0000014c   Code   RO         2129    .text.xTaskIncrementTick  tasks.o
    0x0800608c   0x0800608c   0x0000007e   Code   RO         2173    .text.xTaskPriorityDisinherit  tasks.o
    0x0800610a   0x0800610a   0x00000002   PAD
    0x0800610c   0x0800610c   0x0000007c   Code   RO         2149    .text.xTaskRemoveFromEventList  tasks.o
    0x08006188   0x08006188   0x00000064   Code   RO         2151    .text.xTaskRemoveFromUnorderedEventList  tasks.o
    0x080061ec   0x080061ec   0x00000100   Code   RO         2101    .text.xTaskResumeAll  tasks.o
    0x080062ec   0x080062ec   0x0000004c   Code   RO         2224    .text.xTimerCreateTimerTask  timers.o
    0x08006338   0x08006338   0x00000056   Code   RO         2234    .text.xTimerGenericCommand  timers.o
    0x0800638e   0x0800638e   0x00000002   PAD
    0x08006390   0x08006390   0x0000002a   Code   RO         2250    .text.xTimerPendFunctionCallFromISR  timers.o
    0x080063ba   0x080063ba   0x00000030   Code   RO         3075    i.__ARM_fpclassify  m_wm.l(fpclassify.o)
    0x080063ea   0x080063ea   0x00000002   PAD
    0x080063ec   0x080063ec   0x00000150   Code   RO         2835    i.__hardfp_cosf     m_wm.l(cosf.o)
    0x0800653c   0x0800653c   0x00000004   PAD
    0x08006540   0x08006540   0x000003c4   Code   RO         2847    i.__hardfp_log      m_wm.l(log.o)
    0x08006904   0x08006904   0x00000004   PAD
    0x08006908   0x08006908   0x00000c50   Code   RO         2861    i.__hardfp_pow      m_wm.l(pow.o)
    0x08007558   0x08007558   0x000000f8   Code   RO         3093    i.__kernel_poly     m_wm.l(poly.o)
    0x08007650   0x08007650   0x00000030   Code   RO         3055    i.__mathlib_dbl_divzero  m_wm.l(dunder.o)
    0x08007680   0x08007680   0x00000014   Code   RO         3056    i.__mathlib_dbl_infnan  m_wm.l(dunder.o)
    0x08007694   0x08007694   0x00000014   Code   RO         3057    i.__mathlib_dbl_infnan2  m_wm.l(dunder.o)
    0x080076a8   0x080076a8   0x00000020   Code   RO         3058    i.__mathlib_dbl_invalid  m_wm.l(dunder.o)
    0x080076c8   0x080076c8   0x00000020   Code   RO         3059    i.__mathlib_dbl_overflow  m_wm.l(dunder.o)
    0x080076e8   0x080076e8   0x00000020   Code   RO         3061    i.__mathlib_dbl_underflow  m_wm.l(dunder.o)
    0x08007708   0x08007708   0x00000006   Code   RO         3080    i.__mathlib_flt_infnan  m_wm.l(funder.o)
    0x0800770e   0x0800770e   0x00000002   PAD
    0x08007710   0x08007710   0x00000010   Code   RO         3082    i.__mathlib_flt_invalid  m_wm.l(funder.o)
    0x08007720   0x08007720   0x00000154   Code   RO         3096    i.__mathlib_rredf2  m_wm.l(rredf.o)
    0x08007874   0x08007874   0x00000018   Code   RO         3071    i.fabs              m_wm.l(fabs.o)
    0x0800788c   0x0800788c   0x0000006e   Code   RO         3101    i.sqrt              m_wm.l(sqrt.o)
    0x080078fa   0x080078fa   0x00000018   Code   RO         3009    x$fpl$basic         fz_wm.l(basic.o)
    0x08007912   0x08007912   0x00000002   PAD
    0x08007914   0x08007914   0x00000062   Code   RO         2748    x$fpl$d2f           fz_wm.l(d2f.o)
    0x08007976   0x08007976   0x00000002   PAD
    0x08007978   0x08007978   0x00000150   Code   RO         2750    x$fpl$dadd          fz_wm.l(daddsub_clz.o)
    0x08007ac8   0x08007ac8   0x00000010   Code   RO         3168    x$fpl$dcheck1       fz_wm.l(dcheck1.o)
    0x08007ad8   0x08007ad8   0x00000018   Code   RO         3170    x$fpl$dcmpinf       fz_wm.l(dcmpi.o)
    0x08007af0   0x08007af0   0x000002b0   Code   RO         2759    x$fpl$ddiv          fz_wm.l(ddiv.o)
    0x08007da0   0x08007da0   0x00000078   Code   RO         3011    x$fpl$deqf          fz_wm.l(deqf.o)
    0x08007e18   0x08007e18   0x0000002e   Code   RO         3014    x$fpl$dflt          fz_wm.l(dflt_clz.o)
    0x08007e46   0x08007e46   0x00000002   PAD
    0x08007e48   0x08007e48   0x00000078   Code   RO         3019    x$fpl$dgeqf         fz_wm.l(dgeqf.o)
    0x08007ec0   0x08007ec0   0x00000078   Code   RO         3021    x$fpl$dleqf         fz_wm.l(dleqf.o)
    0x08007f38   0x08007f38   0x00000154   Code   RO         2762    x$fpl$dmul          fz_wm.l(dmul.o)
    0x0800808c   0x0800808c   0x0000009c   Code   RO         3023    x$fpl$dnaninf       fz_wm.l(dnaninf.o)
    0x08008128   0x08008128   0x0000000c   Code   RO         3025    x$fpl$dretinf       fz_wm.l(dretinf.o)
    0x08008134   0x08008134   0x0000006c   Code   RO         3027    x$fpl$drleqf        fz_wm.l(drleqf.o)
    0x080081a0   0x080081a0   0x00000016   Code   RO         2751    x$fpl$drsb          fz_wm.l(daddsub_clz.o)
    0x080081b6   0x080081b6   0x00000002   PAD
    0x080081b8   0x080081b8   0x00000198   Code   RO         3172    x$fpl$dsqrt         fz_wm.l(dsqrt_umaal.o)
    0x08008350   0x08008350   0x000001d4   Code   RO         2752    x$fpl$dsub          fz_wm.l(daddsub_clz.o)
    0x08008524   0x08008524   0x00000056   Code   RO         2764    x$fpl$f2d           fz_wm.l(f2d.o)
    0x0800857a   0x0800857a   0x00000054   Code   RO         2756    x$fpl$fcmp          fz_wm.l(dcmp.o)
    0x080085ce   0x080085ce   0x0000008c   Code   RO         3029    x$fpl$fnaninf       fz_wm.l(fnaninf.o)
    0x0800865a   0x0800865a   0x0000001a   Code   RO         3174    x$fpl$fpinit        fz_wm.l(fpinit.o)
    0x08008674   0x08008674   0x0000000a   Code   RO         3031    x$fpl$fretinf       fz_wm.l(fretinf.o)
    0x0800867e   0x0800867e   0x00000064   Code   RO         3233    x$fpl$retnan        fz_wm.l(retnan.o)
    0x080086e2   0x080086e2   0x0000005c   Code   RO         3033    x$fpl$scalbn        fz_wm.l(scalbn.o)
    0x0800873e   0x0800873e   0x00000030   Code   RO         3245    x$fpl$trapveneer    fz_wm.l(trapv.o)
    0x0800876e   0x0800876e   0x00000000   Code   RO         3035    x$fpl$usenofp       fz_wm.l(usenofp.o)
    0x0800876e   0x0800876e   0x00000002   PAD
    0x08008770   0x08008770   0x00000038   Data   RO         2850    .constdata          m_wm.l(log.o)
    0x080087a8   0x080087a8   0x00000088   Data   RO         2864    .constdata          m_wm.l(pow.o)
    0x08008830   0x08008830   0x00000008   Data   RO         3095    .constdata          m_wm.l(qnan.o)
    0x08008838   0x08008838   0x00000020   Data   RO         3097    .constdata          m_wm.l(rredf.o)
    0x08008858   0x08008858   0x00000010   Data   RO         1313    .rodata.APBAHBPrescTable  stm32f4xx_rcc.o
    0x08008868   0x08008868   0x00000200   Data   RO         2706    .rodata._ZL11CRC16_Table  verify.o
    0x08008a68   0x08008a68   0x00000100   Data   RO         2704    .rodata._ZL8CRC8_TAB  verify.o
    0x08008b68   0x08008b68   0x00000005   Data   RO         2571    .rodata.str1.1      user_task.o
    0x08008b6d   0x08008b6d   0x00000003   PAD
    0x08008b70   0x08008b70   0x00000020   Data   RO         3297    Region$$Table       anon$$obj.o
    0x08008b90   0x08008b90   0x00000004   Data   RO         2653    .init_array         user_global.o
    0x08008b94   0x08008b90   0x00000000   Data   RO         2743    .init_array         c_w.l(init_aeabi.o)


    Execution Region RW_IRAM1 (Exec base: 0x20000000, Load base: 0x08008b98, Size: 0x00016b98, Max: 0x00020000, ABSOLUTE)

    Exec Addr    Load Addr    Size         Type   Attr      Idx    E Section Name        Object

    0x20000000   0x08008b98   0x00000002   Data   RW         2705    .data.CRC16_INIT    verify.o
    0x20000002   0x08008b9a   0x00000002   PAD
    0x20000004   0x08008b9c   0x00000004   Data   RW          257    .data.SystemCoreClock  system_stm32f4xx.o
    0x20000008   0x08008ba0   0x00000004   Data   RW         2307    .data.uxCriticalNesting  port.o
    0x2000000c   0x08008ba4   0x00000004   PAD
    0x20000010        -       0x00000060   Zero   RW         3193    .bss                c_w.l(libspace.o)
    0x20000070        -       0x00000002   Zero   RW         2594    .bss.Clear_IT       user_callback.o
    0x20000072   0x08008ba4   0x00000002   PAD
    0x20000074        -       0x00000004   Zero   RW         2565    .bss.DataVisualTask_Handler  user_task.o
    0x20000078        -       0x0000080c   Zero   RW         2640    .bss.G_gimbal       user_global.o
    0x20000884        -       0x00000001   Zero   RW         2639    .bss.G_led          user_global.o
    0x20000885   0x08008ba4   0x00000003   PAD
    0x20000888        -       0x000002f8   Zero   RW         2642    .bss.G_referee      user_global.o
    0x20000b80        -       0x00000080   Zero   RW         2638    .bss.G_referee_monitor  user_global.o
    0x20000c00        -       0x0000003c   Zero   RW         2643    .bss.G_sentry       user_global.o
    0x20000c3c        -       0x0000009c   Zero   RW         2637    .bss.G_system_monitor  user_global.o
    0x20000cd8        -       0x0000005c   Zero   RW         2641    .bss.G_vofa         user_global.o
    0x20000d34        -       0x00000004   Zero   RW         2567    .bss.GimbalDataSendTask_Handler  user_task.o
    0x20000d38        -       0x00000004   Zero   RW         2568    .bss.RefereeDataSendTask_Handler  user_task.o
    0x20000d3c        -       0x00000004   Zero   RW         2566    .bss.RobotControlTask_Handler  user_task.o
    0x20000d40        -       0x00000004   Zero   RW         2564    .bss.SystemMonitorTask_Handler  user_task.o
    0x20000d44        -       0x00000032   Zero   RW           36    .bss.UA1RxDMAbuf    usart_interface.o
    0x20000d76        -       0x000001f4   Zero   RW           37    .bss.UA2RxDMAbuf    usart_interface.o
    0x20000f6a        -       0x000001f4   Zero   RW           38    .bss.UA3RxDMAbuf    usart_interface.o
    0x2000115e        -       0x000001f4   Zero   RW           39    .bss.UA4RxDMAbuf    usart_interface.o
    0x20001352        -       0x000001f4   Zero   RW           40    .bss.UA5RxDMAbuf    usart_interface.o
    0x20001546        -       0x000001f4   Zero   RW           41    .bss.UA6RxDMAbuf    usart_interface.o
    0x2000173a   0x08008ba4   0x00000002   PAD
    0x2000173c        -       0x00000004   Zero   RW         2570    .bss.USARTHandler   user_task.o
    0x20001740        -       0x00000004   Zero   RW         2569    .bss.UsartDecodeTask_Handler  user_task.o
    0x20001744        -       0x00000004   Zero   RW         2682    .bss._ZZ11UART_DecodejE14usart_vofa_bit  uart_protocol.o
    0x20001748        -       0x00000004   Zero   RW         2683    .bss._ZZ11UART_DecodejE16usart_gimbal_bit  uart_protocol.o
    0x2000174c        -       0x00000004   Zero   RW         2645    .bss._ZZ12MotorMonitorvE5times  user_global.o
    0x20001750        -       0x00000004   Zero   RW         2575    .bss._ZZ14DataVisualTaskPvE13TaskStartTime  user_task.o
    0x20001754        -       0x00000004   Zero   RW         2577    .bss._ZZ15UsartDecodeTaskPvE13TaskStartTime  user_task.o
    0x20001758        -       0x00000004   Zero   RW         2576    .bss._ZZ16RobotControlTaskPvE13TaskStartTime  user_task.o
    0x2000175c        -       0x00000004   Zero   RW         2572    .bss._ZZ17SystemMonitorTaskPvE13TaskStartTime  user_task.o
    0x20001760        -       0x00000004   Zero   RW         2574    .bss._ZZ18GimbalDataSendTaskPvE13TaskStartTime  user_task.o
    0x20001764        -       0x00000001   Zero   RW         2652    .bss._ZZ18YawGimbalCalibratevE10first_flag  user_global.o
    0x20001765        -       0x00000001   Zero   RW         2651    .bss._ZZ18YawGimbalCalibratevE15calibrate_times  user_global.o
    0x20001766   0x08008ba4   0x00000002   PAD
    0x20001768        -       0x00000004   Zero   RW         2647    .bss._ZZ18YawGimbalCalibratevE16yaw_left_encoder  user_global.o
    0x2000176c        -       0x00000004   Zero   RW         2648    .bss._ZZ18YawGimbalCalibratevE17yaw_right_encoder  user_global.o
    0x20001770        -       0x00000004   Zero   RW         2649    .bss._ZZ18YawGimbalCalibratevE20yaw_left_encoder_pre  user_global.o
    0x20001774        -       0x00000004   Zero   RW         2650    .bss._ZZ18YawGimbalCalibratevE21yaw_right_encoder_pre  user_global.o
    0x20001778        -       0x00000004   Zero   RW         2573    .bss._ZZ19RefereeDataSendTaskPvE13TaskStartTime  user_task.o
    0x2000177c        -       0x00000004   Zero   RW         2646    .bss._ZZ20CommunicationMonitorvE5times  user_global.o
    0x20001780        -       0x00000002   Zero   RW         2519    .bss._ZZN11SentryRobot18SendControlCommandEvE9trans_cnt  sentry_robot.o
    0x20001782   0x08008ba4   0x00000002   PAD
    0x20001784        -       0x00000004   Zero   RW         3053    .bss.__cxa_new_handler  libcppabi_w.l(cxa_handlers.cpp.o)
    0x20001788        -       0x0000002c   Zero   RW          101    .bss.can1_context   can_interface.o
    0x200017b4        -       0x0000002c   Zero   RW          102    .bss.can2_context   can_interface.o
    0x200017e0        -       0x00000004   Zero   RW         2272    .bss.prvSampleTimeNow.xLastTime  timers.o
    0x200017e4        -       0x00000004   Zero   RW         2195    .bss.pxCurrentTCB   tasks.o
    0x200017e8        -       0x00000004   Zero   RW         2270    .bss.pxCurrentTimerList  timers.o
    0x200017ec        -       0x00000004   Zero   RW         2204    .bss.pxDelayedTaskList  tasks.o
    0x200017f0        -       0x00000004   Zero   RW         2330    .bss.pxEnd          heap_4.o
    0x200017f4        -       0x00000004   Zero   RW         2205    .bss.pxOverflowDelayedTaskList  tasks.o
    0x200017f8        -       0x00000004   Zero   RW         2271    .bss.pxOverflowTimerList  timers.o
    0x200017fc        -       0x00000280   Zero   RW         2196    .bss.pxReadyTasksLists  tasks.o
    0x20001a7c        -       0x00012c00   Zero   RW         2335    .bss.ucHeap         heap_4.o
    0x2001467c        -       0x00000004   Zero   RW         2201    .bss.uxCurrentNumberOfTasks  tasks.o
    0x20014680        -       0x00000004   Zero   RW         2200    .bss.uxDeletedTasksWaitingCleanUp  tasks.o
    0x20014684        -       0x00000004   Zero   RW         2212    .bss.uxPendedTicks  tasks.o
    0x20014688        -       0x00000004   Zero   RW         2207    .bss.uxSchedulerSuspended  tasks.o
    0x2001468c        -       0x00000004   Zero   RW         2198    .bss.uxTaskNumber   tasks.o
    0x20014690        -       0x00000004   Zero   RW         2197    .bss.uxTopReadyPriority  tasks.o
    0x20014694        -       0x00000014   Zero   RW         2273    .bss.xActiveTimerList1  timers.o
    0x200146a8        -       0x00000014   Zero   RW         2274    .bss.xActiveTimerList2  timers.o
    0x200146bc        -       0x00000001   Zero   RW         2331    .bss.xBlockAllocatedBit  heap_4.o
    0x200146bd   0x08008ba4   0x00000003   PAD
    0x200146c0        -       0x00000014   Zero   RW         2214    .bss.xDelayedTaskList1  tasks.o
    0x200146d4        -       0x00000014   Zero   RW         2215    .bss.xDelayedTaskList2  tasks.o
    0x200146e8        -       0x00000004   Zero   RW         2332    .bss.xFreeBytesRemaining  heap_4.o
    0x200146ec        -       0x00000004   Zero   RW         2209    .bss.xIdleTaskHandle  tasks.o
    0x200146f0        -       0x00000004   Zero   RW         2334    .bss.xMinimumEverFreeBytesRemaining  heap_4.o
    0x200146f4        -       0x00000004   Zero   RW         2210    .bss.xNextTaskUnblockTime  tasks.o
    0x200146f8        -       0x00000004   Zero   RW         2213    .bss.xNumOfOverflows  tasks.o
    0x200146fc        -       0x00000014   Zero   RW         2208    .bss.xPendingReadyList  tasks.o
    0x20014710        -       0x00000040   Zero   RW         2074    .bss.xQueueRegistry  queue.o
    0x20014750        -       0x00000004   Zero   RW         2202    .bss.xSchedulerRunning  tasks.o
    0x20014754        -       0x00000008   Zero   RW         2333    .bss.xStart         heap_4.o
    0x2001475c        -       0x00000014   Zero   RW         2206    .bss.xSuspendedTaskList  tasks.o
    0x20014770        -       0x00000014   Zero   RW         2199    .bss.xTasksWaitingTermination  tasks.o
    0x20014784        -       0x00000004   Zero   RW         2203    .bss.xTickCount     tasks.o
    0x20014788        -       0x00000004   Zero   RW         2268    .bss.xTimerQueue    timers.o
    0x2001478c        -       0x00000004   Zero   RW         2269    .bss.xTimerTaskHandle  timers.o
    0x20014790        -       0x00000004   Zero   RW         2211    .bss.xYieldPending  tasks.o
    0x20014794   0x08008ba4   0x00000004   PAD
    0x20014798        -       0x00002000   Zero   RW         2534    HEAP                startup_stm32f40_41xxx.o
    0x20016798        -       0x00000400   Zero   RW         2533    STACK               startup_stm32f40_41xxx.o


==============================================================================

Image component sizes


      Code (inc. data)   RO Data    RW Data    ZI Data      Debug   Object Name

        24          0          0          0          0      12984   adrc.o
        68          0          0          0          0        515   bsp_init.o
       344          0          0          0          0       5691   can.o
        34          0          0          0         88       2765   can_interface.o
       566          8          0          0          0      19472   can_protocol.o
       428         36          0          0          0       2691   capacitor.o
        30          0          0          0          0      12427   common_math.o
       154          0          0          0          0      17840   communication.o
        76          0          0          0          0       1312   delay.o
        94          0          0          0          0       1087   encoder.o
       384          0          0          0          0       6919   event_groups.o
        54          0          0          0          0       5688   gimbal.o
         6          0          0          0          0      16668   gm6020.o
       110          0          0          0          0       1750   gpio.o
       540          0          0          0      76821       3321   heap_4.o
       192          0          0          0          0       1957   kalman.o
        94          0          0          0          0       3809   led.o
       152          0          0          0          0       2088   list.o
       244         16          0          0          0      16896   m3508.o
        14          0          0          0          0        399   main.o
       144          0          0          0          0       3217   misc.o
       208          4          0          0          0      12601   pid.o
       500         16          0          4          0       2786   port.o
      1428          0          0          0         64      14464   queue.o
        12          0          0          0          0      12706   referee.o
      2490         92          0          0          2      27858   sentry_robot.o
        64         26        392          0       9216        892   startup_stm32f40_41xxx.o
      1270         96          0          0          0      10313   stm32f4xx_can.o
       836          0          0          0          0       6286   stm32f4xx_dma.o
       174          0          0          0          0       4531   stm32f4xx_gpio.o
       142          0          0          0          0       2876   stm32f4xx_it.o
       270          0         16          0          0      12406   stm32f4xx_rcc.o
       164          0          0          0          0      23324   stm32f4xx_tim.o
       594          0          0          0          0       7787   stm32f4xx_usart.o
       276          0          0          4          0       3315   system_stm32f4xx.o
        44          0          0          0          0       1024   systick.o
      2602          8          0          0        800      23803   tasks.o
        56          0          0          0          0       1816   tim.o
       998         16          0          0         60       9872   timers.o
      1096         26          0          0          8      20984   uart_protocol.o
      1884          0          0          0          0       6778   usart.o
       476          0          0          0       2550       5877   usart_interface.o
       768          0          0          0          2      20940   user_callback.o
      2426         60          4          0       3283      38699   user_global.o
        28          0          0          0          0      17449   user_main.o
       638          0          5          0         52      20501   user_task.o
       266          0        768          2          0       2965   verify.o
        44          0          0          0          0       5259   vofa.o

    ----------------------------------------------------------------------
     23764        404       1220         12      92968     457608   Object Totals
         0          0         32          0          0          0   (incl. Generated)
       258          0          3          2         22          0   (incl. Padding)

    ----------------------------------------------------------------------

      Code (inc. data)   RO Data    RW Data    ZI Data      Debug   Library Member Name

         8          0          0          0          0         68   __main.o
         0          0          0          0          0          0   __rtentry.o
        12          0          0          0          0          0   __rtentry2.o
         6          0          0          0          0          0   __rtentry4.o
        52          8          0          0          0          0   __scatter.o
        26          0          0          0          0          0   __scatter_copy.o
        28          0          0          0          0          0   __scatter_zi.o
        22          0          0          0          0        100   _rserrno.o
        16          0          0          0          0         68   aeabi_memset4.o
        10          0          0          0          0         68   defsig_exit.o
        50          0          0          0          0         88   defsig_general.o
        80         58          0          0          0         76   defsig_rtmem_inner.o
        14          0          0          0          0         80   defsig_rtmem_outer.o
        18          0          0          0          0         80   exit.o
        94          0          0          0          0         80   h1_alloc.o
        52          0          0          0          0         68   h1_extend.o
        78          0          0          0          0         80   h1_free.o
        14          0          0          0          0         84   h1_init.o
         6          0          0          0          0        152   heapauxi.o
         4          0          0          0          0        136   hguard.o
         0          0          0          0          0          0   indicate_semi.o
        36          8          0          0          0         80   init_aeabi.o
       138          0          0          0          0        168   init_alloc.o
         2          0          0          0          0          0   libinit.o
        18          0          0          0          0          0   libinit2.o
         2          0          0          0          0          0   libshutdown.o
         2          0          0          0          0          0   libshutdown2.o
         8          4          0          0         96         68   libspace.o
         0          0          0          0          0          0   maybetermalloc1.o
         8          4          0          0          0         68   rt_errno_addr_intlibspace.o
         8          4          0          0          0         68   rt_heap_descriptor_intlibspace.o
        68          0          0          0          0         68   rt_memclr.o
        78          0          0          0          0         80   rt_memclr_w.o
       138          0          0          0          0         68   rt_memcpy_v6.o
       100          0          0          0          0         80   rt_memcpy_w.o
         2          0          0          0          0          0   rtexit.o
        10          0          0          0          0          0   rtexit2.o
        12          4          0          0          0         68   sys_exit.o
        74          0          0          0          0         80   sys_stackheap_outer.o
        14          0          0          0          0         76   sys_wrch.o
         2          0          0          0          0         68   use_no_semi.o
        24          0          0          0          0        164   basic.o
        98          4          0          0          0        140   d2f.o
       826         16          0          0          0        500   daddsub_clz.o
        16          4          0          0          0        116   dcheck1.o
        84          0          0          0          0        244   dcmp.o
        24          0          0          0          0        116   dcmpi.o
       688        140          0          0          0        264   ddiv.o
       120          4          0          0          0        140   deqf.o
        46          0          0          0          0        116   dflt_clz.o
       120          4          0          0          0        140   dgeqf.o
       120          4          0          0          0        140   dleqf.o
       340         12          0          0          0        152   dmul.o
       156          4          0          0          0        140   dnaninf.o
        12          0          0          0          0        116   dretinf.o
       108          0          0          0          0        128   drleqf.o
       408         56          0          0          0        168   dsqrt_umaal.o
        86          4          0          0          0        132   f2d.o
       140          4          0          0          0        132   fnaninf.o
        26          0          0          0          0        116   fpinit.o
        10          0          0          0          0        116   fretinf.o
       100          0          0          0          0        116   retnan.o
        92          0          0          0          0        116   scalbn.o
        48          0          0          0          0        116   trapv.o
         0          0          0          0          0          0   usenofp.o
        38          0          0          0          0        380   new.cpp.o
        12          0          0          0          4        148   cxa_handlers.cpp.o
       336         56          0          0          0        136   cosf.o
       184         44          0          0          0        744   dunder.o
        24          0          0          0          0        124   fabs.o
        48          0          0          0          0        124   fpclassify.o
        22          6          0          0          0        232   funder.o
       964         92         56          0          0        316   log.o
       248          0          0          0          0        152   poly.o
      3152        296        136          0          0        352   pow.o
         0          0          8          0          0          0   qnan.o
       340         24         32          0          0        160   rredf.o
       110          0          0          0          0        148   sqrt.o

    ----------------------------------------------------------------------
     10516        872        232          0        100       8912   Library Totals
        36          8          0          0          0          0   (incl. Padding)

    ----------------------------------------------------------------------

      Code (inc. data)   RO Data    RW Data    ZI Data      Debug   Library Name

      1310         90          0          0         96       2268   c_w.l
      3692        256          0          0          0       3628   fz_wm.l
        38          0          0          0          0        380   libcpp_w.l
        12          0          0          0          4        148   libcppabi_w.l
      5428        518        232          0          0       2488   m_wm.l

    ----------------------------------------------------------------------
     10516        872        232          0        100       8912   Library Totals

    ----------------------------------------------------------------------

==============================================================================


      Code (inc. data)   RO Data    RW Data    ZI Data      Debug   

     34280       1276       1452         12      93068     460616   Grand Totals
     34280       1276       1452         12      93068     460616   ELF Image Totals
     34280       1276       1452         12          0          0   ROM Totals

==============================================================================

    Total RO  Size (Code + RO Data)                35732 (  34.89kB)
    Total RW  Size (RW Data + ZI Data)             93080 (  90.90kB)
    Total ROM Size (Code + RO Data + RW Data)      35744 (  34.91kB)

==============================================================================

