Component: ARM Compiler 6.14 Tool: armlink [5db06800]

==============================================================================

Section Cross References

    led.o(.ARM.exidx.text._ZN3Led7SetPinkEb) refers to led.o(.text._ZN3Led7SetPinkEb) for [Anonymous Symbol]
    led.o(.ARM.exidx.text._ZN3Led10TogglePinkEv) refers to led.o(.text._ZN3Led10TogglePinkEv) for [Anonymous Symbol]
    led.o(.ARM.exidx.text._ZN3Led7SetBlueEb) refers to led.o(.text._ZN3Led7SetBlueEb) for [Anonymous Symbol]
    led.o(.ARM.exidx.text._ZN3Led10ToggleBlueEv) refers to led.o(.text._ZN3Led10ToggleBlueEv) for [Anonymous Symbol]
    led.o(.ARM.exidx.text._ZN3Led8SetGreenEb) refers to led.o(.text._ZN3Led8SetGreenEb) for [Anonymous Symbol]
    led.o(.ARM.exidx.text._ZN3Led11ToggleGreenEv) refers to led.o(.text._ZN3Led11ToggleGreenEv) for [Anonymous Symbol]
    led.o(.ARM.exidx.text._ZN3Led6SetRedEb) refers to led.o(.text._ZN3Led6SetRedEb) for [Anonymous Symbol]
    led.o(.ARM.exidx.text._ZN3Led9ToggleRedEv) refers to led.o(.text._ZN3Led9ToggleRedEv) for [Anonymous Symbol]
    led.o(.ARM.exidx.text._ZN3Led9SetOrangeEb) refers to led.o(.text._ZN3Led9SetOrangeEb) for [Anonymous Symbol]
    led.o(.ARM.exidx.text._ZN3Led12ToggleOrangeEv) refers to led.o(.text._ZN3Led12ToggleOrangeEv) for [Anonymous Symbol]
    usart_interface.o(.text._ZN5Usart10USART_InitEPhtS0_th) refers to usart_interface.o(.bss.UA4RxDMAbuf) for UA4RxDMAbuf
    usart_interface.o(.text._ZN5Usart10USART_InitEPhtS0_th) refers to usart_interface.o(.bss.UA6RxDMAbuf) for UA6RxDMAbuf
    usart_interface.o(.text._ZN5Usart10USART_InitEPhtS0_th) refers to usart_interface.o(.bss.UA2RxDMAbuf) for UA2RxDMAbuf
    usart_interface.o(.text._ZN5Usart10USART_InitEPhtS0_th) refers to usart_interface.o(.bss.UA3RxDMAbuf) for UA3RxDMAbuf
    usart_interface.o(.text._ZN5Usart10USART_InitEPhtS0_th) refers to usart_interface.o(.bss.UA5RxDMAbuf) for UA5RxDMAbuf
    usart_interface.o(.text._ZN5Usart10USART_InitEPhtS0_th) refers to usart_interface.o(.bss.UA1RxDMAbuf) for UA1RxDMAbuf
    usart_interface.o(.ARM.exidx.text._ZN5Usart10USART_InitEPhtS0_th) refers to usart_interface.o(.text._ZN5Usart10USART_InitEPhtS0_th) for [Anonymous Symbol]
    usart_interface.o(.text._ZN5Usart13USART_ReceiveEv) refers to stm32f4xx_dma.o(.text.DMA_GetCurrDataCounter) for DMA_GetCurrDataCounter
    usart_interface.o(.text._ZN5Usart13USART_ReceiveEv) refers to rt_memcpy_v6.o(.text) for __aeabi_memcpy
    usart_interface.o(.ARM.exidx.text._ZN5Usart13USART_ReceiveEv) refers to usart_interface.o(.text._ZN5Usart13USART_ReceiveEv) for [Anonymous Symbol]
    usart_interface.o(.text._ZN5Usart14USART_TransmitEv) refers to stm32f4xx_dma.o(.text.DMA_GetCmdStatus) for DMA_GetCmdStatus
    usart_interface.o(.text._ZN5Usart14USART_TransmitEv) refers to stm32f4xx_dma.o(.text.DMA_ClearITPendingBit) for DMA_ClearITPendingBit
    usart_interface.o(.text._ZN5Usart14USART_TransmitEv) refers to stm32f4xx_dma.o(.text.DMA_Cmd) for DMA_Cmd
    usart_interface.o(.ARM.exidx.text._ZN5Usart14USART_TransmitEv) refers to usart_interface.o(.text._ZN5Usart14USART_TransmitEv) for [Anonymous Symbol]
    communication.o(.text._Z17InitCommunicationv) refers to user_global.o(.bss.G_djirc) for G_djirc
    communication.o(.text._Z17InitCommunicationv) refers to dijrc.o(.text._ZN5DJIRC13SetUartHandleEP13USART_TypeDef) for DJIRC::SetUartHandle(USART_TypeDef*)
    communication.o(.text._Z17InitCommunicationv) refers to user_global.o(.bss.G_chassis_core) for G_chassis_core
    communication.o(.text._Z17InitCommunicationv) refers to chassis_core.o(.text._ZN12Chassis_Core13SetUartHandleEP13USART_TypeDef) for Chassis_Core::SetUartHandle(USART_TypeDef*)
    communication.o(.text._Z17InitCommunicationv) refers to user_global.o(.bss.G_yaw_gimbal) for G_yaw_gimbal
    communication.o(.text._Z17InitCommunicationv) refers to yaw_gimbal.o(.text._ZN10Yaw_Gimbal13SetUartHandleEP13USART_TypeDef) for Yaw_Gimbal::SetUartHandle(USART_TypeDef*)
    communication.o(.text._Z17InitCommunicationv) refers to user_global.o(.bss.G_right_gimbal) for G_right_gimbal
    communication.o(.text._Z17InitCommunicationv) refers to right_gimbal.o(.text._ZN12Right_Gimbal13SetUartHandleEP13USART_TypeDef) for Right_Gimbal::SetUartHandle(USART_TypeDef*)
    communication.o(.text._Z17InitCommunicationv) refers to user_global.o(.bss.G_navigation) for G_navigation
    communication.o(.text._Z17InitCommunicationv) refers to navigation.o(.text._ZN10Navigation13SetUartHandleEP13USART_TypeDef) for Navigation::SetUartHandle(USART_TypeDef*)
    communication.o(.text._Z17InitCommunicationv) refers to user_global.o(.bss.G_left_gimbal) for G_left_gimbal
    communication.o(.text._Z17InitCommunicationv) refers to left_gimbal.o(.text._ZN11Left_Gimbal13SetUartHandleEP13USART_TypeDef) for Left_Gimbal::SetUartHandle(USART_TypeDef*)
    communication.o(.text._Z17InitCommunicationv) refers to can_interface.o(.bss.can1_context) for can1_context
[...]
    USART1_Configuration                     0x08001921   Thumb Code   230  usart.o(.text.USART1_Configuration)
    USART1_IRQHandler                        0x08001a09   Thumb Code    16  stm32f4xx_it.o(.text.USART1_IRQHandler)
    USART2_Configuration                     0x08001a19   Thumb Code   324  usart.o(.text.USART2_Configuration)
    USART2_IRQHandler                        0x08001b5d   Thumb Code    16  stm32f4xx_it.o(.text.USART2_IRQHandler)
    USART3_Configuration                     0x08001b6d   Thumb Code   330  usart.o(.text.USART3_Configuration)
    USART3_IRQHandler                        0x08001cb9   Thumb Code    16  stm32f4xx_it.o(.text.USART3_IRQHandler)
    USART6_Configuration                     0x08001cc9   Thumb Code   326  usart.o(.text.USART6_Configuration)
    USART6_IRQHandler                        0x08001e11   Thumb Code    16  stm32f4xx_it.o(.text.USART6_IRQHandler)
    USART_Cmd                                0x08001e21   Thumb Code    18  stm32f4xx_usart.o(.text.USART_Cmd)
    USART_DMACmd                             0x08001e35   Thumb Code    16  stm32f4xx_usart.o(.text.USART_DMACmd)
    USART_DeInit                             0x08001e45   Thumb Code   274  stm32f4xx_usart.o(.text.USART_DeInit)
    USART_GetITStatus                        0x08001f59   Thumb Code    58  stm32f4xx_usart.o(.text.USART_GetITStatus)
    USART_ITConfig                           0x08001f95   Thumb Code    46  stm32f4xx_usart.o(.text.USART_ITConfig)
    USART_Init                               0x08001fc5   Thumb Code   182  stm32f4xx_usart.o(.text.USART_Init)
    UserMain                                 0x0800207d   Thumb Code    28  user_main.o(.text.UserMain)
    User_CAN_RX_Callback                     0x08002099   Thumb Code   122  user_callback.o(.text.User_CAN_RX_Callback)
    User_SysTickCallback                     0x08002115   Thumb Code   348  user_callback.o(.text.User_SysTickCallback)
    User_UART_Fps_Update                     0x08002271   Thumb Code   136  user_callback.o(.text.User_UART_Fps_Update)
    User_UART_RX_Callback                    0x080022f9   Thumb Code   268  user_callback.o(.text.User_UART_RX_Callback)
    CAN_Decode(CANContext*)                  0x0800242d   Thumb Code   152  can_protocol.o(.text._Z10CAN_DecodeP10CANContext)
    UART_Decode(unsigned)                    0x080024c5   Thumb Code   228  uart_protocol.o(.text._Z11UART_Decodej)
    MotorMonitor()                           0x080025a9   Thumb Code   118  user_global.o(.text._Z12MotorMonitorv)
    LaunchAllTasks()                         0x08002621   Thumb Code   292  user_task.o(.text._Z14LaunchAllTasksv)
    UsartDecodeTask(void*)                   0x08002745   Thumb Code    76  user_task.o(.text._Z15UsartDecodeTaskPv)
    RobotControlTask(void*)                  0x08002791   Thumb Code    66  user_task.o(.text._Z16RobotControlTaskPv)
    ControlModeUpdate()                      0x080027d5   Thumb Code   382  user_global.o(.text._Z17ControlModeUpdatev)
    InitCommunication()                      0x08002955   Thumb Code   156  communication.o(.text._Z17InitCommunicationv)
    RobotStatesUpdate()                      0x080029f1   Thumb Code   584  user_global.o(.text._Z17RobotStatesUpdatev)
    SendYawGimbalData()                      0x08002c39   Thumb Code    70  user_global.o(.text._Z17SendYawGimbalDatav)
    SystemMonitorTask(void*)                 0x08002c81   Thumb Code    78  user_task.o(.text._Z17SystemMonitorTaskPv)
    UART_RSDataDecode(unsigned char*, unsigned short) 0x08002cd1   Thumb Code   280  uart_protocol.o(.text._Z17UART_RSDataDecodePht)
    Get_CRC8_Check_Sum(unsigned char*, unsigned, unsigned char) 0x08002de9   Thumb Code    32  verify.o(.text._Z18Get_CRC8_Check_SumPhjh)
    RobotTargetsUpdate()                     0x08002e09   Thumb Code    16  user_global.o(.text._Z18RobotTargetsUpdatev)
    SendLeftGimbalData()                     0x08002e19   Thumb Code   112  user_global.o(.text._Z18SendLeftGimbalDatav)
    SendNavigationData()                     0x08002e89   Thumb Code   172  user_global.o(.text._Z18SendNavigationDatav)
    ShootTargetsUpdate()                     0x08002f35   Thumb Code   744  user_global.o(.text._Z18ShootTargetsUpdatev)
    StartCommunication()                     0x0800321d   Thumb Code   118  communication.o(.text._Z18StartCommunicationv)
    Get_CRC16_Check_Sum(unsigned char*, unsigned, unsigned short) 0x08003295   Thumb Code    52  verify.o(.text._Z19Get_CRC16_Check_SumPhjt)
    GimbalTargetsUpdate()                    0x080032c9   Thumb Code  1032  user_global.o(.text._Z19GimbalTargetsUpdatev)
    RobotControlExecute()                    0x080036d1   Thumb Code    24  user_global.o(.text._Z19RobotControlExecutev)
    SendChassisCoreData()                    0x080036e9   Thumb Code   124  user_global.o(.text._Z19SendChassisCoreDatav)
    SendRightGimbalData()                    0x08003765   Thumb Code   122  user_global.o(.text._Z19SendRightGimbalDatav)
    ChassisTargetsUpdate()                   0x080037e1   Thumb Code   284  user_global.o(.text._Z20ChassisTargetsUpdatev)
    CommunicationMonitor()                   0x080038fd   Thumb Code   220  user_global.o(.text._Z20CommunicationMonitorv)
    RemoteControlMonitor()                   0x080039d9   Thumb Code    46  user_global.o(.text._Z20RemoteControlMonitorv)
    UART_DJIRCDataDecode()                   0x08003a09   Thumb Code    84  uart_protocol.o(.text._Z20UART_DJIRCDataDecodev)
    Append_CRC8_Check_Sum(unsigned char*, unsigned) 0x08003a5d   Thumb Code    30  verify.o(.text._Z21Append_CRC8_Check_SumPhj)
    Verify_CRC8_Check_Sum(unsigned char*, unsigned) 0x08003a7d   Thumb Code    42  verify.o(.text._Z21Verify_CRC8_Check_SumPhj)
    YawGimbalDataSendTask(void*)             0x08003aa9   Thumb Code    54  user_task.o(.text._Z21YawGimbalDataSendTaskPv)
    Append_CRC16_Check_Sum(unsigned char*, unsigned) 0x08003ae1   Thumb Code    40  verify.o(.text._Z22Append_CRC16_Check_SumPhj)
    LeftGimbalDataSendTask(void*)            0x08003b09   Thumb Code    54  user_task.o(.text._Z22LeftGimbalDataSendTaskPv)
    NavigationDataSendTask(void*)            0x08003b41   Thumb Code    56  user_task.o(.text._Z22NavigationDataSendTaskPv)
    Verify_CRC16_Check_Sum(unsigned char*, unsigned) 0x08003b79   Thumb Code    70  verify.o(.text._Z22Verify_CRC16_Check_SumPhj)
    ChassisCoreDataSendTask(void*)           0x08003bc1   Thumb Code    54  user_task.o(.text._Z23ChassisCoreDataSendTaskPv)
    RightGimbalDataSendTask(void*)           0x08003bf9   Thumb Code    54  user_task.o(.text._Z23RightGimbalDataSendTaskPv)
    UART_YawGimbalDataDecode(unsigned char*) 0x08003c31   Thumb Code    58  uart_protocol.o(.text._Z24UART_YawGimbalDataDecodePh)
    UART_LeftGimbalDataDecode(unsigned char*) 0x08003c6d   Thumb Code    50  uart_protocol.o(.text._Z25UART_LeftGimbalDataDecodePh)
    UART_NavigationDataDecode(unsigned char*) 0x08003ca1   Thumb Code    36  uart_protocol.o(.text._Z25UART_NavigationDataDecodePh)
    UART_ChassisCoreDataDecode(unsigned char*, unsigned short) 0x08003cc5   Thumb Code   220  uart_protocol.o(.text._Z26UART_ChassisCoreDataDecodePht)
    UART_RightGimbalDataDecode(unsigned char*) 0x08003da1   Thumb Code    50  uart_protocol.o(.text._Z26UART_RightGimbalDataDecodePh)
    Clip(float, float, float)                0x08003dd5   Thumb Code    30  common_math.o(.text._Z4Clipfff)
    AbsEncoder::EncodeValueUpdate(unsigned)  0x0800407d   Thumb Code    90  encoder.o(.text._ZN10AbsEncoder17EncodeValueUpdateEj)
    AbsEncoder::AbsEncoder__sub_object(unsigned, unsigned) 0x080040d9   Thumb Code    16  sentry_robot.o(.text._ZN10AbsEncoderC2Ejj)
    CANContext::CanSendMessage()             0x080040e9   Thumb Code    14  can_interface.o(.text._ZN10CANContext14CanSendMessageEv)
    CANContext::CAN_Init(CAN_TypeDef*, unsigned char, unsigned char, unsigned char) 0x080040f9   Thumb Code    20  can_interface.o(.text._ZN10CANContext8CAN_InitEP11CAN_TypeDefhhh)
    Navigation::SetUartHandle(USART_TypeDef*) 0x0800410d   Thumb Code    46  navigation.o(.text._ZN10Navigation13SetUartHandleEP13USART_TypeDef)
    Navigation::SendData()                   0x0800413d   Thumb Code    12  navigation.o(.text._ZN10Navigation8SendDataEv)
    Navigation::Navigation__sub_object()     0x08004149   Thumb Code   112  user_global.o(.text._ZN10NavigationC2Ev)
    Yaw_Gimbal::SetUartHandle(USART_TypeDef*) 0x080041b9   Thumb Code    38  yaw_gimbal.o(.text._ZN10Yaw_Gimbal13SetUartHandleEP13USART_TypeDef)
    Yaw_Gimbal::SendData()                   0x080041e1   Thumb Code    10  yaw_gimbal.o(.text._ZN10Yaw_Gimbal8SendDataEv)
    Yaw_Gimbal::Yaw_Gimbal__sub_object()     0x080041ed   Thumb Code    46  user_global.o(.text._ZN10Yaw_GimbalC2Ev)
    Left_Gimbal::SetUartHandle(USART_TypeDef*) 0x0800421d   Thumb Code    38  left_gimbal.o(.text._ZN11Left_Gimbal13SetUartHandleEP13USART_TypeDef)
    Left_Gimbal::SendData()                  0x08004245   Thumb Code    10  left_gimbal.o(.text._ZN11Left_Gimbal8SendDataEv)
    Left_Gimbal::Left_Gimbal__sub_object()   0x08004251   Thumb Code    42  user_global.o(.text._ZN11Left_GimbalC2Ev)
    SentryRobot::SetShootMode(SentryRobot::ShootMode) 0x0800427d   Thumb Code     8  user_global.o(.text._ZN11SentryRobot12SetShootModeENS_9ShootModeE)
    SentryRobot::SetGimbalMode(SentryRobot::GimbalMode) 0x08004285   Thumb Code     8  user_global.o(.text._ZN11SentryRobot13SetGimbalModeENS_10GimbalModeE)
    SentryRobot::InitAllSensors()            0x0800428d   Thumb Code    18  sentry_robot.o(.text._ZN11SentryRobot14InitAllSensorsEv)
    SentryRobot::SetChassisMode(SentryRobot::ChassisMode) 0x080042a1   Thumb Code     8  user_global.o(.text._ZN11SentryRobot14SetChassisModeENS_11ChassisModeE)
    SentryRobot::InitAllActuators()          0x080042a9   Thumb Code   544  sentry_robot.o(.text._ZN11SentryRobot16InitAllActuatorsEv)
    SentryRobot::SetYawGimbalMode(SentryRobot::YawGimbalMode) 0x080044c9   Thumb Code     8  user_global.o(.text._ZN11SentryRobot16SetYawGimbalModeENS_13YawGimbalModeE)
    SentryRobot::SendControlCommand()        0x080044d1   Thumb Code   370  sentry_robot.o(.text._ZN11SentryRobot18SendControlCommandEv)
    SentryRobot::SetShootDriverTarget(float, float) 0x08004645   Thumb Code    14  sentry_robot.o(.text._ZN11SentryRobot20SetShootDriverTargetEff)
    SentryRobot::ExecuteShootAlgorithm()     0x08004655   Thumb Code    48  sentry_robot.o(.text._ZN11SentryRobot21ExecuteShootAlgorithmEv)
    SentryRobot::IncreaseLeftShootBulletTarget(unsigned) 0x08004685   Thumb Code    36  sentry_robot.o(.text._ZN11SentryRobot29IncreaseLeftShootBulletTargetEj)
    SentryRobot::IncreaseRightShootBulletTarget(unsigned) 0x080046a9   Thumb Code    36  sentry_robot.o(.text._ZN11SentryRobot30IncreaseRightShootBulletTargetEj)
    SentryRobot::Init()                      0x080046cd   Thumb Code    16  sentry_robot.o(.text._ZN11SentryRobot4InitEv)
    SentryRobot::SentryRobot()               0x080046dd   Thumb Code     8  sentry_robot.o(.text._ZN11SentryRobotC2Ev)
    SentryRobot::SentryRobot__sub_object()   0x080046dd   Thumb Code     8  sentry_robot.o(.text._ZN11SentryRobotC2Ev)
    Chassis_Core::SetUartHandle(USART_TypeDef*) 0x080046e5   Thumb Code    38  chassis_core.o(.text._ZN12Chassis_Core13SetUartHandleEP13USART_TypeDef)
    Chassis_Core::SendData()                 0x0800470d   Thumb Code    10  chassis_core.o(.text._ZN12Chassis_Core8SendDataEv)
    Chassis_Core::Chassis_Core__sub_object() 0x08004719   Thumb Code    42  user_global.o(.text._ZN12Chassis_CoreC2Ev)
    Right_Gimbal::SetUartHandle(USART_TypeDef*) 0x08004745   Thumb Code    38  right_gimbal.o(.text._ZN12Right_Gimbal13SetUartHandleEP13USART_TypeDef)
    Right_Gimbal::SendData()                 0x0800476d   Thumb Code    10  right_gimbal.o(.text._ZN12Right_Gimbal8SendDataEv)
    Right_Gimbal::Right_Gimbal__sub_object() 0x08004779   Thumb Code    42  user_global.o(.text._ZN12Right_GimbalC2Ev)
    Led::TogglePink()                        0x080047a5   Thumb Code    18  led.o(.text._ZN3Led10TogglePinkEv)
    Led::ToggleGreen()                       0x080047b9   Thumb Code    18  led.o(.text._ZN3Led11ToggleGreenEv)
    Led::SetRed(bool)                        0x080047cd   Thumb Code    26  led.o(.text._ZN3Led6SetRedEb)
    Led::SetBlue(bool)                       0x080047e9   Thumb Code    22  led.o(.text._ZN3Led7SetBlueEb)
    Led::SetGreen(bool)                      0x08004801   Thumb Code    22  led.o(.text._ZN3Led8SetGreenEb)
    Pid::CalWeakenPID(float)                 0x08004819   Thumb Code   176  pid.o(.text._ZN3Pid12CalWeakenPIDEf)
    Pid::Pid(float, float, float, float, float, float, float, float) 0x080048c9   Thumb Code    32  pid.o(.text._ZN3PidC2Effffffff)
    Pid::Pid__sub_object(float, float, float, float, float, float, float, float) 0x080048c9   Thumb Code    32  pid.o(.text._ZN3PidC2Effffffff)
    EWMA::Update(float)                      0x080048e9   Thumb Code    48  ewma.o(.text._ZN4EWMA6UpdateEf)
    Vofa::Vofa__sub_object()                 0x08004919   Thumb Code    34  user_global.o(.text._ZN4VofaC2Ev)
    DJIRC::SetUartHandle(USART_TypeDef*)     0x0800493d   Thumb Code    36  dijrc.o(.text._ZN5DJIRC13SetUartHandleEP13USART_TypeDef)
    DJIRC::DJIRC__sub_object()               0x08004961   Thumb Code    22  user_global.o(.text._ZN5DJIRCC2Ev)
    M2006::AngleUpdate(unsigned char, float) 0x08004979   Thumb Code    54  m2006.o(.text._ZN5M200611AngleUpdateEhf)
    M2006::SpeedUpdate(unsigned char, float) 0x080049b1   Thumb Code    54  m2006.o(.text._ZN5M200611SpeedUpdateEhf)
    M2006::AngleControl()                    0x080049e9   Thumb Code    48  m2006.o(.text._ZN5M200612AngleControlEv)
    M2006::EncoderAngleUpdate(unsigned)      0x08004a19   Thumb Code    38  m2006.o(.text._ZN5M200618EncoderAngleUpdateEj)
    M2006::EncoderSpeedUpdate(float)         0x08004a41   Thumb Code    38  m2006.o(.text._ZN5M200618EncoderSpeedUpdateEf)
    M2006::M2006__sub_object(CAN_TypeDef*, unsigned, unsigned) 0x08004a69   Thumb Code    26  sentry_robot.o(.text._ZN5M2006C2EP11CAN_TypeDefjj)
    Usart::USART_Init(unsigned char*, unsigned short, unsigned char*, unsigned short, unsigned char) 0x08004a85   Thumb Code   294  usart_interface.o(.text._ZN5Usart10USART_InitEPhtS0_th)
    Usart::USART_Receive()                   0x08004bad   Thumb Code   122  usart_interface.o(.text._ZN5Usart13USART_ReceiveEv)
    Usart::USART_Transmit()                  0x08004c29   Thumb Code    60  usart_interface.o(.text._ZN5Usart14USART_TransmitEv)
    Usart::Usart__sub_object()               0x08004c65   Thumb Code    14  user_global.o(.text._ZN5UsartC2Ev)
    Kalman::UpdateFilter(float)              0x08004c75   Thumb Code    50  kalman.o(.text._ZN6Kalman12UpdateFilterEf)
    Kalman::CalPrediction()                  0x08004ca9   Thumb Code    30  kalman.o(.text._ZN6Kalman13CalPredictionEv)
    Kalman::GetFilterOutput()                0x08004cc9   Thumb Code     6  gm6020.o(.text._ZN6Kalman15GetFilterOutputEv)
    Kalman::CalUpdate()                      0x08004cd1   Thumb Code    70  kalman.o(.text._ZN6Kalman9CalUpdateEv)
    Kalman::Kalman(unsigned char, float, float, float, float) 0x08004d19   Thumb Code    42  kalman.o(.text._ZN6KalmanC2Ehffff)
    Kalman::Kalman__sub_object(unsigned char, float, float, float, float) 0x08004d19   Thumb Code    42  kalman.o(.text._ZN6KalmanC2Ehffff)
    Adrc_TD::Adrc_TD(float, float, float, float) 0x08004d45   Thumb Code    24  adrc.o(.text._ZN7Adrc_TDC2Effff)
    Adrc_TD::Adrc_TD__sub_object(float, float, float, float) 0x08004d45   Thumb Code    24  adrc.o(.text._ZN7Adrc_TDC2Effff)
    Referee::Referee__sub_object()           0x08004d5d   Thumb Code   182  user_global.o(.text._ZN7RefereeC2Ev)
    Photogate::Get_Photogate_State()         0x08004e15   Thumb Code    22  photogate.o(.text._ZN9Photogate19Get_Photogate_StateEv)
    Photogate::Photogate__sub_object()       0x08004e2d   Thumb Code     6  sentry_robot.o(.text._ZN9PhotogateC2Ev)
    std::get_new_handler()                   0x08004e33   Thumb Code    12  cxa_handlers.cpp.o(.text._ZSt15get_new_handlerv)
    operator new(unsigned)                   0x08004e41   Thumb Code    38  new.cpp.o(.text._Znwj)
    bsp_init                                 0x08004ef9   Thumb Code    72  bsp_init.o(.text.bsp_init)
    delay_ms                                 0x08004f41   Thumb Code    26  delay.o(.text.delay_ms)
    delay_us                                 0x08004f5d   Thumb Code    50  delay.o(.text.delay_us)
    main                                     0x08004f91   Thumb Code    14  main.o(.text.main)
    pvPortMalloc                             0x08005885   Thumb Code   238  heap_4.o(.text.pvPortMalloc)
    pvTaskIncrementMutexHeldCount            0x08005975   Thumb Code    24  tasks.o(.text.pvTaskIncrementMutexHeldCount)
    pxPortInitialiseStack                    0x0800598d   Thumb Code    40  port.o(.text.pxPortInitialiseStack)
    uxListRemove                             0x080059b5   Thumb Code    38  list.o(.text.uxListRemove)
    uxTaskResetEventItemValue                0x080059dd   Thumb Code    26  tasks.o(.text.uxTaskResetEventItemValue)
    vEventGroupSetBitsCallback               0x080059f9   Thumb Code     8  event_groups.o(.text.vEventGroupSetBitsCallback)
    vListInitialise                          0x08005a01   Thumb Code    22  list.o(.text.vListInitialise)
    vListInitialiseItem                      0x08005a19   Thumb Code     6  list.o(.text.vListInitialiseItem)
    vListInsert                              0x08005a21   Thumb Code    58  list.o(.text.vListInsert)
    vListInsertEnd                           0x08005a5d   Thumb Code    28  list.o(.text.vListInsertEnd)
    vPortEnterCritical                       0x08005a8d   Thumb Code    32  port.o(.text.vPortEnterCritical)
    vPortExitCritical                        0x08005aad   Thumb Code    26  port.o(.text.vPortExitCritical)
    vPortFree                                0x08005ac9   Thumb Code    86  heap_4.o(.text.vPortFree)
    vPortSetupTimerInterrupt                 0x08005b21   Thumb Code    52  port.o(.text.vPortSetupTimerInterrupt)
    vQueueAddToRegistry                      0x08005b55   Thumb Code    40  queue.o(.text.vQueueAddToRegistry)
    vQueueWaitForMessageRestricted           0x08005b7d   Thumb Code    68  queue.o(.text.vQueueWaitForMessageRestricted)
    vTaskDelay                               0x08005bc1   Thumb Code    52  tasks.o(.text.vTaskDelay)
    vTaskMissedYield                         0x08005bf5   Thumb Code    14  tasks.o(.text.vTaskMissedYield)
    vTaskPlaceOnEventList                    0x08005c05   Thumb Code    30  tasks.o(.text.vTaskPlaceOnEventList)
    vTaskPlaceOnEventListRestricted          0x08005c25   Thumb Code    40  tasks.o(.text.vTaskPlaceOnEventListRestricted)
    vTaskPlaceOnUnorderedEventList           0x08005c4d   Thumb Code    38  tasks.o(.text.vTaskPlaceOnUnorderedEventList)
    vTaskPriorityInherit                     0x08005c75   Thumb Code   154  tasks.o(.text.vTaskPriorityInherit)
    vTaskSetTimeOutState                     0x08005d11   Thumb Code    26  tasks.o(.text.vTaskSetTimeOutState)
    vTaskStartScheduler                      0x08005d2d   Thumb Code   120  tasks.o(.text.vTaskStartScheduler)
    vTaskSuspendAll                          0x08005da5   Thumb Code    16  tasks.o(.text.vTaskSuspendAll)
    vTaskSwitchContext                       0x08005db5   Thumb Code   108  tasks.o(.text.vTaskSwitchContext)
    xEventGroupCreate                        0x08005e21   Thumb Code    28  event_groups.o(.text.xEventGroupCreate)
    xEventGroupSetBits                       0x08005e3d   Thumb Code   126  event_groups.o(.text.xEventGroupSetBits)
    xEventGroupSetBitsFromISR                0x08005ebd   Thumb Code    22  event_groups.o(.text.xEventGroupSetBitsFromISR)
    xEventGroupWaitBits                      0x08005ed5   Thumb Code   176  event_groups.o(.text.xEventGroupWaitBits)
    xPortStartScheduler                      0x08005f85   Thumb Code    74  port.o(.text.xPortStartScheduler)
    xPortSysTickHandler                      0x08005fd1   Thumb Code    46  port.o(.text.xPortSysTickHandler)
    xQueueGenericCreate                      0x08006001   Thumb Code    50  queue.o(.text.xQueueGenericCreate)
    xQueueGenericReceive                     0x08006035   Thumb Code   384  queue.o(.text.xQueueGenericReceive)
    xQueueGenericReset                       0x080061b5   Thumb Code   106  queue.o(.text.xQueueGenericReset)
    xQueueGenericSend                        0x08006221   Thumb Code   310  queue.o(.text.xQueueGenericSend)
    xQueueGenericSendFromISR                 0x08006359   Thumb Code   110  queue.o(.text.xQueueGenericSendFromISR)
    xTaskCheckForTimeOut                     0x080063c9   Thumb Code    88  tasks.o(.text.xTaskCheckForTimeOut)
    xTaskCreate                              0x08006421   Thumb Code    96  tasks.o(.text.xTaskCreate)
    xTaskGetSchedulerState                   0x08006481   Thumb Code    38  tasks.o(.text.xTaskGetSchedulerState)
    xTaskGetTickCount                        0x080064a9   Thumb Code    12  tasks.o(.text.xTaskGetTickCount)
    xTaskIncrementTick                       0x080064b5   Thumb Code   332  tasks.o(.text.xTaskIncrementTick)
    xTaskPriorityDisinherit                  0x08006601   Thumb Code   126  tasks.o(.text.xTaskPriorityDisinherit)
    xTaskRemoveFromEventList                 0x08006681   Thumb Code   124  tasks.o(.text.xTaskRemoveFromEventList)
    xTaskRemoveFromUnorderedEventList        0x080066fd   Thumb Code   100  tasks.o(.text.xTaskRemoveFromUnorderedEventList)
    xTaskResumeAll                           0x08006761   Thumb Code   256  tasks.o(.text.xTaskResumeAll)
    xTimerCreateTimerTask                    0x08006861   Thumb Code    76  timers.o(.text.xTimerCreateTimerTask)
    xTimerGenericCommand                     0x080068ad   Thumb Code    86  timers.o(.text.xTimerGenericCommand)
    xTimerPendFunctionCallFromISR            0x08006905   Thumb Code    42  timers.o(.text.xTimerPendFunctionCallFromISR)
    _fp_init                                 0x0800692f   Thumb Code    26  fpinit.o(x$fpl$fpinit)
    __fplib_config_fpu_vfp                   0x08006947   Thumb Code     0  fpinit.o(x$fpl$fpinit)
    __fplib_config_pureend_doubles           0x08006947   Thumb Code     0  fpinit.o(x$fpl$fpinit)
    Region$$Table$$Base                      0x08006c60   Number         0  anon$$obj.o(Region$$Table)
    Region$$Table$$Limit                     0x08006c80   Number         0  anon$$obj.o(Region$$Table)
    SHT$$INIT_ARRAY$$Base                    0x08006c80   Number         0  user_global.o(.init_array)
    SHT$$INIT_ARRAY$$Limit                   0x08006c84   Number         0  init_aeabi.o(.init_array)
    CRC16_INIT                               0x20000000   Data           2  verify.o(.data.CRC16_INIT)
    SystemCoreClock                          0x20000004   Data           4  system_stm32f4xx.o(.data.SystemCoreClock)
    __libspace_start                         0x20000010   Data          96  libspace.o(.bss)
    ChassisCoreDataSendTask_Handler          0x20000070   Data           4  user_task.o(.bss.ChassisCoreDataSendTask_Handler)
    __temporary_stack_top$libspace           0x20000070   Data           0  libspace.o(.bss)
    Clear_IT                                 0x20000074   Data           2  user_callback.o(.bss.Clear_IT)
    G_chassis_core                           0x20000078   Data         308  user_global.o(.bss.G_chassis_core)
    G_control_mode                           0x200001ac   Data           1  user_global.o(.bss.G_control_mode)
    G_djirc                                  0x200001b0   Data          36  user_global.o(.bss.G_djirc)
    G_led                                    0x200001d4   Data           1  user_global.o(.bss.G_led)
    G_left_gimbal                            0x200001d8   Data          60  user_global.o(.bss.G_left_gimbal)
    G_navigation                             0x20000214   Data        2104  user_global.o(.bss.G_navigation)
    G_referee                                0x20000a4c   Data         764  user_global.o(.bss.G_referee)
    G_referee_monitor                        0x20000d48   Data         128  user_global.o(.bss.G_referee_monitor)
    G_right_gimbal                           0x20000dc8   Data          60  user_global.o(.bss.G_right_gimbal)
    G_sentry                                 0x20000e04   Data         196  user_global.o(.bss.G_sentry)
    G_system_monitor                         0x20000ec8   Data         204  user_global.o(.bss.G_system_monitor)
    G_vofa                                   0x20000f94   Data          92  user_global.o(.bss.G_vofa)
    G_yaw_gimbal                             0x20000ff0   Data         108  user_global.o(.bss.G_yaw_gimbal)
    LeftGimbalDataSendTask_Handler           0x2000105c   Data           4  user_task.o(.bss.LeftGimbalDataSendTask_Handler)
    NavigationDataSendTask_Handler           0x20001060   Data           4  user_task.o(.bss.NavigationDataSendTask_Handler)
    RightGimbalDataSendTask_Handler          0x20001064   Data           4  user_task.o(.bss.RightGimbalDataSendTask_Handler)
    RobotControlTask_Handler                 0x20001068   Data           4  user_task.o(.bss.RobotControlTask_Handler)
    SystemMonitorTask_Handler                0x2000106c   Data           4  user_task.o(.bss.SystemMonitorTask_Handler)
    UA1RxDMAbuf                              0x20001070   Data          50  usart_interface.o(.bss.UA1RxDMAbuf)
    UA2RxDMAbuf                              0x200010a2   Data         500  usart_interface.o(.bss.UA2RxDMAbuf)
    UA3RxDMAbuf                              0x20001296   Data         500  usart_interface.o(.bss.UA3RxDMAbuf)
    UA4RxDMAbuf                              0x2000148a   Data         500  usart_interface.o(.bss.UA4RxDMAbuf)
    UA5RxDMAbuf                              0x2000167e   Data         500  usart_interface.o(.bss.UA5RxDMAbuf)
    UA6RxDMAbuf                              0x20001872   Data         500  usart_interface.o(.bss.UA6RxDMAbuf)
    USARTHandler                             0x20001a68   Data           4  user_task.o(.bss.USARTHandler)
    UsartDecodeTask_Handler                  0x20001a6c   Data           4  user_task.o(.bss.UsartDecodeTask_Handler)
    YawGimbalDataSendTask_Handler            0x20001a70   Data           4  user_task.o(.bss.YawGimbalDataSendTask_Handler)
    __cxa_new_handler                        0x20001ac0   Data           4  cxa_handlers.cpp.o(.bss.__cxa_new_handler)
    can1_context                             0x20001ac4   Data          44  can_interface.o(.bss.can1_context)
    can2_context                             0x20001af0   Data          44  can_interface.o(.bss.can2_context)
    pxCurrentTCB                             0x20001b20   Data           4  tasks.o(.bss.pxCurrentTCB)
    xQueueRegistry                           0x20014a4c   Data          64  queue.o(.bss.xQueueRegistry)



==============================================================================

Memory Map of the image

  Image Entry point : 0x08000189

  Load Region LR_IROM1 (Base: 0x08000000, Size: 0x00006c98, Max: 0x00080000, ABSOLUTE)

    Execution Region ER_IROM1 (Exec base: 0x08000000, Load base: 0x08000000, Size: 0x00006c84, Max: 0x00080000, ABSOLUTE)

    Exec Addr    Load Addr    Size         Type   Attr      Idx    E Section Name        Object

    0x08000000   0x08000000   0x00000188   Data   RO         2586    RESET               startup_stm32f40_41xxx.o
    0x08000188   0x08000188   0x00000008   Code   RO         2850  * !!!main             c_w.l(__main.o)
    0x08000190   0x08000190   0x00000034   Code   RO         3294    !!!scatter          c_w.l(__scatter.o)
    0x080001c4   0x080001c4   0x0000001a   Code   RO         3296    !!handler_copy      c_w.l(__scatter_copy.o)
    0x080001de   0x080001de   0x00000002   PAD
    0x080001e0   0x080001e0   0x0000001c   Code   RO         3298    !!handler_zi        c_w.l(__scatter_zi.o)
    0x080001fc   0x080001fc   0x00000002   Code   RO         3232    .ARM.Collect$$libinit$$00000000  c_w.l(libinit.o)
    0x080001fe   0x080001fe   0x00000004   Code   RO         3024    .ARM.Collect$$libinit$$00000001  c_w.l(libinit2.o)
    0x08000202   0x08000202   0x00000000   Code   RO         3027    .ARM.Collect$$libinit$$00000004  c_w.l(libinit2.o)
    0x08000202   0x08000202   0x00000008   Code   RO         3028    .ARM.Collect$$libinit$$00000005  c_w.l(libinit2.o)
    0x0800020a   0x0800020a   0x00000000   Code   RO         3030    .ARM.Collect$$libinit$$0000000A  c_w.l(libinit2.o)
    0x0800020a   0x0800020a   0x00000000   Code   RO         3032    .ARM.Collect$$libinit$$0000000C  c_w.l(libinit2.o)
    0x0800020a   0x0800020a   0x00000000   Code   RO         3034    .ARM.Collect$$libinit$$0000000E  c_w.l(libinit2.o)
    0x0800020a   0x0800020a   0x00000000   Code   RO         3037    .ARM.Collect$$libinit$$00000011  c_w.l(libinit2.o)
    0x0800020a   0x0800020a   0x00000000   Code   RO         3039    .ARM.Collect$$libinit$$00000013  c_w.l(libinit2.o)
    0x0800020a   0x0800020a   0x00000000   Code   RO         3041    .ARM.Collect$$libinit$$00000015  c_w.l(libinit2.o)
    0x0800020a   0x0800020a   0x00000000   Code   RO         3043    .ARM.Collect$$libinit$$00000017  c_w.l(libinit2.o)
    0x0800020a   0x0800020a   0x00000000   Code   RO         3045    .ARM.Collect$$libinit$$00000019  c_w.l(libinit2.o)
    0x0800020a   0x0800020a   0x00000000   Code   RO         3047    .ARM.Collect$$libinit$$0000001B  c_w.l(libinit2.o)
    0x0800020a   0x0800020a   0x00000000   Code   RO         3049    .ARM.Collect$$libinit$$0000001D  c_w.l(libinit2.o)
    0x0800020a   0x0800020a   0x00000000   Code   RO         3051    .ARM.Collect$$libinit$$0000001F  c_w.l(libinit2.o)
    0x0800020a   0x0800020a   0x00000000   Code   RO         3053    .ARM.Collect$$libinit$$00000021  c_w.l(libinit2.o)
    0x0800020a   0x0800020a   0x00000000   Code   RO         3055    .ARM.Collect$$libinit$$00000023  c_w.l(libinit2.o)
    0x0800020a   0x0800020a   0x00000000   Code   RO         3057    .ARM.Collect$$libinit$$00000025  c_w.l(libinit2.o)
    0x0800020a   0x0800020a   0x00000000   Code   RO         3061    .ARM.Collect$$libinit$$0000002C  c_w.l(libinit2.o)
    0x0800020a   0x0800020a   0x00000000   Code   RO         3063    .ARM.Collect$$libinit$$0000002E  c_w.l(libinit2.o)
    0x0800020a   0x0800020a   0x00000000   Code   RO         3065    .ARM.Collect$$libinit$$00000030  c_w.l(libinit2.o)
    0x0800020a   0x0800020a   0x00000004   Code   RO         3066    .ARM.Collect$$libinit$$00000031  c_w.l(libinit2.o)
    0x0800020e   0x0800020e   0x00000000   Code   RO         3067    .ARM.Collect$$libinit$$00000032  c_w.l(libinit2.o)
    0x0800020e   0x0800020e   0x00000002   Code   RO         3068    .ARM.Collect$$libinit$$00000033  c_w.l(libinit2.o)
    0x08000210   0x08000210   0x00000002   Code   RO         3292    .ARM.Collect$$libshutdown$$00000000  c_w.l(libshutdown.o)
    0x08000212   0x08000212   0x00000000   Code   RO         3261    .ARM.Collect$$libshutdown$$00000002  c_w.l(libshutdown2.o)
    0x08000212   0x08000212   0x00000000   Code   RO         3263    .ARM.Collect$$libshutdown$$00000004  c_w.l(libshutdown2.o)
    0x08000212   0x08000212   0x00000000   Code   RO         3266    .ARM.Collect$$libshutdown$$00000007  c_w.l(libshutdown2.o)
    0x08000212   0x08000212   0x00000000   Code   RO         3269    .ARM.Collect$$libshutdown$$0000000A  c_w.l(libshutdown2.o)
    0x08000212   0x08000212   0x00000000   Code   RO         3271    .ARM.Collect$$libshutdown$$0000000C  c_w.l(libshutdown2.o)
    0x08000212   0x08000212   0x00000000   Code   RO         3274    .ARM.Collect$$libshutdown$$0000000F  c_w.l(libshutdown2.o)
    0x08000212   0x08000212   0x00000002   Code   RO         3275    .ARM.Collect$$libshutdown$$00000010  c_w.l(libshutdown2.o)
    0x08000214   0x08000214   0x00000000   Code   RO         2951    .ARM.Collect$$rtentry$$00000000  c_w.l(__rtentry.o)
    0x08000214   0x08000214   0x00000000   Code   RO         3124    .ARM.Collect$$rtentry$$00000002  c_w.l(__rtentry2.o)
    0x08000214   0x08000214   0x00000006   Code   RO         3136    .ARM.Collect$$rtentry$$00000004  c_w.l(__rtentry4.o)
    0x0800021a   0x0800021a   0x00000000   Code   RO         3126    .ARM.Collect$$rtentry$$00000009  c_w.l(__rtentry2.o)
    0x0800021a   0x0800021a   0x00000004   Code   RO         3127    .ARM.Collect$$rtentry$$0000000A  c_w.l(__rtentry2.o)
    0x0800021e   0x0800021e   0x00000000   Code   RO         3129    .ARM.Collect$$rtentry$$0000000C  c_w.l(__rtentry2.o)
    0x0800021e   0x0800021e   0x00000008   Code   RO         3130    .ARM.Collect$$rtentry$$0000000D  c_w.l(__rtentry2.o)
    0x08000226   0x08000226   0x00000002   Code   RO         3233    .ARM.Collect$$rtexit$$00000000  c_w.l(rtexit.o)
    0x08000228   0x08000228   0x00000000   Code   RO         3248    .ARM.Collect$$rtexit$$00000002  c_w.l(rtexit2.o)
    0x08000228   0x08000228   0x00000004   Code   RO         3249    .ARM.Collect$$rtexit$$00000003  c_w.l(rtexit2.o)
    0x0800022c   0x0800022c   0x00000006   Code   RO         3250    .ARM.Collect$$rtexit$$00000004  c_w.l(rtexit2.o)
    0x08000232   0x08000232   0x00000002   PAD
    0x08000234   0x08000234   0x00000040   Code   RO         2587    .text               startup_stm32f40_41xxx.o
    0x08000274   0x08000274   0x0000008a   Code   RO         2840    .text               c_w.l(rt_memcpy_v6.o)
    0x080002fe   0x080002fe   0x00000010   Code   RO         2842    .text               c_w.l(aeabi_memset4.o)
    0x0800030e   0x0800030e   0x00000044   Code   RO         2844    .text               c_w.l(rt_memclr.o)
    0x08000352   0x08000352   0x0000004e   Code   RO         2846    .text               c_w.l(rt_memclr_w.o)
    0x080003a0   0x080003a0   0x00000006   Code   RO         2848    .text               c_w.l(heapauxi.o)
    0x080003a6   0x080003a6   0x00000002   PAD
    0x080003a8   0x080003a8   0x00000024   Code   RO         2855    .text               c_w.l(init_aeabi.o)
    0x080003cc   0x080003cc   0x0000005e   Code   RO         2956    .text               c_w.l(h1_alloc.o)
    0x0800042a   0x0800042a   0x0000004e   Code   RO         2958    .text               c_w.l(h1_free.o)
    0x08000478   0x08000478   0x00000064   Code   RO         3022    .text               c_w.l(rt_memcpy_w.o)
    0x080004dc   0x080004dc   0x0000000c   Code   RO         3117    .text               c_w.l(sys_exit.o)
    0x080004e8   0x080004e8   0x00000008   Code   RO         3141    .text               c_w.l(rt_heap_descriptor_intlibspace.o)
    0x080004f0   0x080004f0   0x00000004   Code   RO         3148    .text               c_w.l(hguard.o)
    0x080004f4   0x080004f4   0x0000008a   Code   RO         3150    .text               c_w.l(init_alloc.o)
    0x0800057e   0x0800057e   0x0000000e   Code   RO         3154    .text               c_w.l(h1_init.o)
    0x0800058c   0x0800058c   0x00000008   Code   RO         3192    .text               c_w.l(libspace.o)
    0x08000594   0x08000594   0x00000002   Code   RO         3195    .text               c_w.l(use_no_semi.o)
    0x08000596   0x08000596   0x00000000   Code   RO         3197    .text               c_w.l(indicate_semi.o)
    0x08000596   0x08000596   0x0000004a   Code   RO         3198    .text               c_w.l(sys_stackheap_outer.o)
    0x080005e0   0x080005e0   0x00000000   Code   RO         3204    .text               c_w.l(maybetermalloc1.o)
    0x080005e0   0x080005e0   0x00000034   Code   RO         3206    .text               c_w.l(h1_extend.o)
    0x08000614   0x08000614   0x00000012   Code   RO         3210    .text               c_w.l(exit.o)
    0x08000626   0x08000626   0x0000000a   Code   RO         3212    .text               c_w.l(defsig_exit.o)
    0x08000630   0x08000630   0x0000000e   Code   RO         3216    .text               c_w.l(defsig_rtmem_outer.o)
    0x0800063e   0x0800063e   0x00000032   Code   RO         3239    .text               c_w.l(defsig_general.o)
    0x08000670   0x08000670   0x00000050   Code   RO         3241    .text               c_w.l(defsig_rtmem_inner.o)
    0x080006c0   0x080006c0   0x0000000e   Code   RO         3243    .text               c_w.l(sys_wrch.o)
    0x080006ce   0x080006ce   0x00000002   PAD
    0x080006d0   0x080006d0   0x000000a8   Code   RO          193    .text.CAN1_Configuration  can.o
    0x08000778   0x08000778   0x00000010   Code   RO          288    .text.CAN1_RX0_IRQHandler  stm32f4xx_it.o
    0x08000788   0x08000788   0x00000002   Code   RO          286    .text.CAN1_TX_IRQHandler  stm32f4xx_it.o
    0x0800078a   0x0800078a   0x00000002   PAD
    0x0800078c   0x0800078c   0x000000b0   Code   RO          195    .text.CAN2_Configuration  can.o
    0x0800083c   0x0800083c   0x00000010   Code   RO          292    .text.CAN2_RX0_IRQHandler  stm32f4xx_it.o
    0x0800084c   0x0800084c   0x00000002   Code   RO          290    .text.CAN2_TX_IRQHandler  stm32f4xx_it.o
    0x0800084e   0x0800084e   0x00000002   PAD
    0x08000850   0x08000850   0x000000aa   Code   RO          469    .text.CAN_ClearITPendingBit  stm32f4xx_can.o
    0x080008fa   0x080008fa   0x00000002   PAD
    0x080008fc   0x080008fc   0x00000028   Code   RO          421    .text.CAN_DeInit    stm32f4xx_can.o
    0x08000924   0x08000924   0x000000ac   Code   RO          425    .text.CAN_FilterInit  stm32f4xx_can.o
    0x080009d0   0x080009d0   0x00000108   Code   RO          465    .text.CAN_GetITStatus  stm32f4xx_can.o
    0x08000ad8   0x08000ad8   0x00000010   Code   RO          459    .text.CAN_ITConfig  stm32f4xx_can.o
    0x08000ae8   0x08000ae8   0x00000102   Code   RO          423    .text.CAN_Init      stm32f4xx_can.o
    0x08000bea   0x08000bea   0x00000002   PAD
    0x08000bec   0x08000bec   0x000000a0   Code   RO          441    .text.CAN_Receive   stm32f4xx_can.o
    0x08000c8c   0x08000c8c   0x00000014   Code   RO          427    .text.CAN_StructInit  stm32f4xx_can.o
    0x08000ca0   0x08000ca0   0x000000a2   Code   RO          435    .text.CAN_Transmit  stm32f4xx_can.o
    0x08000d42   0x08000d42   0x00000002   PAD
    0x08000d44   0x08000d44   0x00000008   Code   RO          467    .text.CheckITStatus  stm32f4xx_can.o
    0x08000d4c   0x08000d4c   0x00000032   Code   RO          722    .text.DMA_ClearITPendingBit  stm32f4xx_dma.o
    0x08000d7e   0x08000d7e   0x00000002   PAD
    0x08000d80   0x08000d80   0x00000012   Code   RO          692    .text.DMA_Cmd       stm32f4xx_dma.o
    0x08000d92   0x08000d92   0x00000002   PAD
    0x08000d94   0x08000d94   0x00000258   Code   RO          686    .text.DMA_DeInit    stm32f4xx_dma.o
    0x08000fec   0x08000fec   0x00000008   Code   RO          710    .text.DMA_GetCmdStatus  stm32f4xx_dma.o
    0x08000ff4   0x08000ff4   0x00000006   Code   RO          700    .text.DMA_GetCurrDataCounter  stm32f4xx_dma.o
    0x08000ffa   0x08000ffa   0x00000002   PAD
    0x08000ffc   0x08000ffc   0x00000034   Code   RO          718    .text.DMA_ITConfig  stm32f4xx_dma.o
    0x08001030   0x08001030   0x00000066   Code   RO          688    .text.DMA_Init      stm32f4xx_dma.o
    0x08001096   0x08001096   0x00000002   PAD
    0x08001098   0x08001098   0x0000006e   Code   RO          216    .text.GPIO_Configure  gpio.o
    0x08001106   0x08001106   0x00000002   PAD
    0x08001108   0x08001108   0x00000086   Code   RO          949    .text.GPIO_Init     stm32f4xx_gpio.o
    0x0800118e   0x0800118e   0x00000002   PAD
    0x08001190   0x08001190   0x00000028   Code   RO          973    .text.GPIO_PinAFConfig  stm32f4xx_gpio.o
    0x080011b8   0x080011b8   0x0000000a   Code   RO          955    .text.GPIO_ReadInputDataBit  stm32f4xx_gpio.o
    0x080011c2   0x080011c2   0x00000002   PAD
    0x080011c4   0x080011c4   0x00000002   Code   RO          294    .text.HardFault_Handler  stm32f4xx_it.o
    0x080011c6   0x080011c6   0x00000002   PAD
    0x080011c8   0x080011c8   0x00000062   Code   RO          321    .text.NVIC_Init     misc.o
    0x0800122a   0x0800122a   0x00000002   PAD
    0x0800122c   0x0800122c   0x00000014   Code   RO          319    .text.NVIC_PriorityGroupConfig  misc.o
    0x08001240   0x08001240   0x00000064   Code   RO         2355    .text.PendSV_Handler  port.o
    0x080012a4   0x080012a4   0x0000002e   Code   RO          218    .text.PhotoGate_GPIO_Configuration  gpio.o
    0x080012d2   0x080012d2   0x00000002   PAD
    0x080012d4   0x080012d4   0x00000018   Code   RO         1325    .text.RCC_AHB1PeriphClockCmd  stm32f4xx_rcc.o
    0x080012ec   0x080012ec   0x00000018   Code   RO         1331    .text.RCC_APB1PeriphClockCmd  stm32f4xx_rcc.o
    0x08001304   0x08001304   0x00000018   Code   RO         1341    .text.RCC_APB1PeriphResetCmd  stm32f4xx_rcc.o
    0x0800131c   0x0800131c   0x00000018   Code   RO         1333    .text.RCC_APB2PeriphClockCmd  stm32f4xx_rcc.o
    0x08001334   0x08001334   0x00000018   Code   RO         1343    .text.RCC_APB2PeriphResetCmd  stm32f4xx_rcc.o
    0x0800134c   0x0800134c   0x00000096   Code   RO         1303    .text.RCC_GetClocksFreq  stm32f4xx_rcc.o
    0x080013e2   0x080013e2   0x0000000e   PAD
    0x080013f0   0x080013f0   0x00000024   Code   RO         2339    .text.SVC_Handler   port.o
    0x08001414   0x08001414   0x000000be   Code   RO          305    .text.SetSysClock   system_stm32f4xx.o
    0x080014d2   0x080014d2   0x00000002   PAD
    0x080014d4   0x080014d4   0x0000001a   Code   RO          327    .text.SysTick_CLKSourceConfig  misc.o
    0x080014ee   0x080014ee   0x00000002   PAD
    0x080014f0   0x080014f0   0x0000002c   Code   RO          227    .text.SysTick_Configuration  systick.o
    0x0800151c   0x0800151c   0x00000008   Code   RO          272    .text.SysTick_Handler  stm32f4xx_it.o
    0x08001524   0x08001524   0x00000056   Code   RO          303    .text.SystemInit    system_stm32f4xx.o
    0x0800157a   0x0800157a   0x00000002   PAD
    0x0800157c   0x0800157c   0x00000038   Code   RO          236    .text.TIM5_Configuration  tim.o
    0x080015b4   0x080015b4   0x00000012   Code   RO         1755    .text.TIM_Cmd       stm32f4xx_tim.o
    0x080015c6   0x080015c6   0x00000002   PAD
    0x080015c8   0x080015c8   0x00000092   Code   RO         1729    .text.TIM_TimeBaseInit  stm32f4xx_tim.o
    0x0800165a   0x0800165a   0x00000002   PAD
    0x0800165c   0x0800165c   0x00000148   Code   RO          250    .text.UART4_Configuration  usart.o
    0x080017a4   0x080017a4   0x00000010   Code   RO          280    .text.UART4_IRQHandler  stm32f4xx_it.o
    0x080017b4   0x080017b4   0x0000015a   Code   RO          252    .text.UART5_Configuration  usart.o
    0x0800190e   0x0800190e   0x00000002   PAD
    0x08001910   0x08001910   0x00000010   Code   RO          282    .text.UART5_IRQHandler  stm32f4xx_it.o
    0x08001920   0x08001920   0x000000e6   Code   RO          244    .text.USART1_Configuration  usart.o
    0x08001a06   0x08001a06   0x00000002   PAD
    0x08001a08   0x08001a08   0x00000010   Code   RO          274    .text.USART1_IRQHandler  stm32f4xx_it.o
    0x08001a18   0x08001a18   0x00000144   Code   RO          246    .text.USART2_Configuration  usart.o
    0x08001b5c   0x08001b5c   0x00000010   Code   RO          276    .text.USART2_IRQHandler  stm32f4xx_it.o
    0x08001b6c   0x08001b6c   0x0000014a   Code   RO          248    .text.USART3_Configuration  usart.o
    0x08001cb6   0x08001cb6   0x00000002   PAD
    0x08001cb8   0x08001cb8   0x00000010   Code   RO          278    .text.USART3_IRQHandler  stm32f4xx_it.o
    0x08001cc8   0x08001cc8   0x00000146   Code   RO          254    .text.USART6_Configuration  usart.o
    0x08001e0e   0x08001e0e   0x00000002   PAD
    0x08001e10   0x08001e10   0x00000010   Code   RO          284    .text.USART6_IRQHandler  stm32f4xx_it.o
    0x08001e20   0x08001e20   0x00000012   Code   RO         1929    .text.USART_Cmd     stm32f4xx_usart.o
    0x08001e32   0x08001e32   0x00000002   PAD
    0x08001e34   0x08001e34   0x00000010   Code   RO         1965    .text.USART_DMACmd  stm32f4xx_usart.o
    0x08001e44   0x08001e44   0x00000112   Code   RO         1919    .text.USART_DeInit  stm32f4xx_usart.o
    0x08001f56   0x08001f56   0x00000002   PAD
    0x08001f58   0x08001f58   0x0000003a   Code   RO         1973    .text.USART_GetITStatus  stm32f4xx_usart.o
    0x08001f92   0x08001f92   0x00000002   PAD
    0x08001f94   0x08001f94   0x0000002e   Code   RO         1967    .text.USART_ITConfig  stm32f4xx_usart.o
    0x08001fc2   0x08001fc2   0x00000002   PAD
    0x08001fc4   0x08001fc4   0x000000b6   Code   RO         1921    .text.USART_Init    stm32f4xx_usart.o
    0x0800207a   0x0800207a   0x00000002   PAD
    0x0800207c   0x0800207c   0x0000001c   Code   RO         2593    .text.UserMain      user_main.o
    0x08002098   0x08002098   0x0000007a   Code   RO         2651    .text.User_CAN_RX_Callback  user_callback.o
    0x08002112   0x08002112   0x00000002   PAD
    0x08002114   0x08002114   0x0000015c   Code   RO         2645    .text.User_SysTickCallback  user_callback.o
    0x08002270   0x08002270   0x00000088   Code   RO         2649    .text.User_UART_Fps_Update  user_callback.o
    0x080022f8   0x080022f8   0x0000010c   Code   RO         2647    .text.User_UART_RX_Callback  user_callback.o
    0x08002404   0x08002404   0x00000028   Code   RO         2712    .text._GLOBAL__sub_I_user_global.cpp  user_global.o
    0x0800242c   0x0800242c   0x00000098   Code   RO         2825    .text._Z10CAN_DecodeP10CANContext  can_protocol.o
    0x080024c4   0x080024c4   0x000000e4   Code   RO         2772    .text._Z11UART_Decodej  uart_protocol.o
    0x080025a8   0x080025a8   0x00000076   Code   RO         2682    .text._Z12MotorMonitorv  user_global.o
    0x0800261e   0x0800261e   0x00000002   PAD
    0x08002620   0x08002620   0x00000124   Code   RO         2601    .text._Z14LaunchAllTasksv  user_task.o
    0x08002744   0x08002744   0x0000004c   Code   RO         2617    .text._Z15UsartDecodeTaskPv  user_task.o
    0x08002790   0x08002790   0x00000042   Code   RO         2605    .text._Z16RobotControlTaskPv  user_task.o
    0x080027d2   0x080027d2   0x00000002   PAD
    0x080027d4   0x080027d4   0x0000017e   Code   RO         2698    .text._Z17ControlModeUpdatev  user_global.o
    0x08002952   0x08002952   0x00000002   PAD
    0x08002954   0x08002954   0x0000009c   Code   RO           50    .text._Z17InitCommunicationv  communication.o
    0x080029f0   0x080029f0   0x00000248   Code   RO         2700    .text._Z17RobotStatesUpdatev  user_global.o
    0x08002c38   0x08002c38   0x00000046   Code   RO         2690    .text._Z17SendYawGimbalDatav  user_global.o
    0x08002c7e   0x08002c7e   0x00000002   PAD
    0x08002c80   0x08002c80   0x0000004e   Code   RO         2603    .text._Z17SystemMonitorTaskPv  user_task.o
    0x08002cce   0x08002cce   0x00000002   PAD
    0x08002cd0   0x08002cd0   0x00000118   Code   RO         2786    .text._Z17UART_RSDataDecodePht  uart_protocol.o
    0x08002de8   0x08002de8   0x00000020   Code   RO         2802    .text._Z18Get_CRC8_Check_SumPhjh  verify.o
    0x08002e08   0x08002e08   0x00000010   Code   RO         2702    .text._Z18RobotTargetsUpdatev  user_global.o
    0x08002e18   0x08002e18   0x00000070   Code   RO         2692    .text._Z18SendLeftGimbalDatav  user_global.o
    0x08002e88   0x08002e88   0x000000ac   Code   RO         2686    .text._Z18SendNavigationDatav  user_global.o
    0x08002f34   0x08002f34   0x000002e8   Code   RO         2708    .text._Z18ShootTargetsUpdatev  user_global.o
    0x0800321c   0x0800321c   0x00000076   Code   RO           52    .text._Z18StartCommunicationv  communication.o
    0x08003292   0x08003292   0x00000002   PAD
    0x08003294   0x08003294   0x00000034   Code   RO         2808    .text._Z19Get_CRC16_Check_SumPhjt  verify.o
    0x080032c8   0x080032c8   0x00000408   Code   RO         2706    .text._Z19GimbalTargetsUpdatev  user_global.o
    0x080036d0   0x080036d0   0x00000018   Code   RO         2710    .text._Z19RobotControlExecutev  user_global.o
    0x080036e8   0x080036e8   0x0000007c   Code   RO         2696    .text._Z19SendChassisCoreDatav  user_global.o
    0x08003764   0x08003764   0x0000007a   Code   RO         2694    .text._Z19SendRightGimbalDatav  user_global.o
    0x080037de   0x080037de   0x00000002   PAD
    0x080037e0   0x080037e0   0x0000011c   Code   RO         2704    .text._Z20ChassisTargetsUpdatev  user_global.o
    0x080038fc   0x080038fc   0x000000dc   Code   RO         2684    .text._Z20CommunicationMonitorv  user_global.o
    0x080039d8   0x080039d8   0x0000002e   Code   RO         2680    .text._Z20RemoteControlMonitorv  user_global.o
    0x08003a06   0x08003a06   0x00000002   PAD
    0x08003a08   0x08003a08   0x00000054   Code   RO         2774    .text._Z20UART_DJIRCDataDecodev  uart_protocol.o
    0x08003a5c   0x08003a5c   0x0000001e   Code   RO         2806    .text._Z21Append_CRC8_Check_SumPhj  verify.o
    0x08003a7a   0x08003a7a   0x00000002   PAD
    0x08003a7c   0x08003a7c   0x0000002a   Code   RO         2804    .text._Z21Verify_CRC8_Check_SumPhj  verify.o
    0x08003aa6   0x08003aa6   0x00000002   PAD
    0x08003aa8   0x08003aa8   0x00000036   Code   RO         2607    .text._Z21YawGimbalDataSendTaskPv  user_task.o
    0x08003ade   0x08003ade   0x00000002   PAD
    0x08003ae0   0x08003ae0   0x00000028   Code   RO         2812    .text._Z22Append_CRC16_Check_SumPhj  verify.o
    0x08003b08   0x08003b08   0x00000036   Code   RO         2611    .text._Z22LeftGimbalDataSendTaskPv  user_task.o
    0x08003b3e   0x08003b3e   0x00000002   PAD
    0x08003b40   0x08003b40   0x00000038   Code   RO         2615    .text._Z22NavigationDataSendTaskPv  user_task.o
    0x08003b78   0x08003b78   0x00000046   Code   RO         2810    .text._Z22Verify_CRC16_Check_SumPhj  verify.o
    0x08003bbe   0x08003bbe   0x00000002   PAD
    0x08003bc0   0x08003bc0   0x00000036   Code   RO         2613    .text._Z23ChassisCoreDataSendTaskPv  user_task.o
    0x08003bf6   0x08003bf6   0x00000002   PAD
    0x08003bf8   0x08003bf8   0x00000036   Code   RO         2609    .text._Z23RightGimbalDataSendTaskPv  user_task.o
    0x08003c2e   0x08003c2e   0x00000002   PAD
    0x08003c30   0x08003c30   0x0000003a   Code   RO         2778    .text._Z24UART_YawGimbalDataDecodePh  uart_protocol.o
    0x08003c6a   0x08003c6a   0x00000002   PAD
    0x08003c6c   0x08003c6c   0x00000032   Code   RO         2784    .text._Z25UART_LeftGimbalDataDecodePh  uart_protocol.o
    0x08003c9e   0x08003c9e   0x00000002   PAD
    0x08003ca0   0x08003ca0   0x00000024   Code   RO         2782    .text._Z25UART_NavigationDataDecodePh  uart_protocol.o
    0x08003cc4   0x08003cc4   0x000000dc   Code   RO         2776    .text._Z26UART_ChassisCoreDataDecodePht  uart_protocol.o
    0x08003da0   0x08003da0   0x00000032   Code   RO         2780    .text._Z26UART_RightGimbalDataDecodePh  uart_protocol.o
    0x08003dd2   0x08003dd2   0x00000002   PAD
    0x08003dd4   0x08003dd4   0x0000001e   Code   RO         2476    .text._Z4Clipfff    common_math.o
    0x08003df2   0x08003df2   0x00000002   PAD
    0x08003df4   0x08003df4   0x00000266   Code   RO         2788    .text._ZL11MatchRSDatatPht  uart_protocol.o
    0x0800405a   0x0800405a   0x00000002   PAD
    0x0800405c   0x0800405c   0x00000016   Code   RO         2829    .text._ZL13GetMotorSpeedPh  can_protocol.o
    0x08004072   0x08004072   0x00000002   PAD
    0x08004074   0x08004074   0x00000008   Code   RO         2827    .text._ZL16GetEncoderNumberPh  can_protocol.o
    0x0800407c   0x0800407c   0x0000005a   Code   RO          120    .text._ZN10AbsEncoder17EncodeValueUpdateEj  encoder.o
    0x080040d6   0x080040d6   0x00000002   PAD
    0x080040d8   0x080040d8   0x00000010   Code   RO         2580    .text._ZN10AbsEncoderC2Ejj  sentry_robot.o
    0x080040e8   0x080040e8   0x0000000e   Code   RO          108    .text._ZN10CANContext14CanSendMessageEv  can_interface.o
    0x080040f6   0x080040f6   0x00000002   PAD
    0x080040f8   0x080040f8   0x00000014   Code   RO          106    .text._ZN10CANContext8CAN_InitEP11CAN_TypeDefhhh  can_interface.o
    0x0800410c   0x0800410c   0x0000002e   Code   RO           82    .text._ZN10Navigation13SetUartHandleEP13USART_TypeDef  navigation.o
    0x0800413a   0x0800413a   0x00000002   PAD
    0x0800413c   0x0800413c   0x0000000c   Code   RO           84    .text._ZN10Navigation8SendDataEv  navigation.o
    0x08004148   0x08004148   0x00000070   Code   RO         2757    .text._ZN10NavigationC2Ev  user_global.o
    0x080041b8   0x080041b8   0x00000026   Code   RO          173    .text._ZN10Yaw_Gimbal13SetUartHandleEP13USART_TypeDef  yaw_gimbal.o
    0x080041de   0x080041de   0x00000002   PAD
    0x080041e0   0x080041e0   0x0000000a   Code   RO          175    .text._ZN10Yaw_Gimbal8SendDataEv  yaw_gimbal.o
    0x080041ea   0x080041ea   0x00000002   PAD
    0x080041ec   0x080041ec   0x0000002e   Code   RO         2749    .text._ZN10Yaw_GimbalC2Ev  user_global.o
    0x0800421a   0x0800421a   0x00000002   PAD
    0x0800421c   0x0800421c   0x00000026   Code   RO          149    .text._ZN11Left_Gimbal13SetUartHandleEP13USART_TypeDef  left_gimbal.o
    0x08004242   0x08004242   0x00000002   PAD
    0x08004244   0x08004244   0x0000000a   Code   RO          151    .text._ZN11Left_Gimbal8SendDataEv  left_gimbal.o
    0x0800424e   0x0800424e   0x00000002   PAD
    0x08004250   0x08004250   0x0000002a   Code   RO         2745    .text._ZN11Left_GimbalC2Ev  user_global.o
    0x0800427a   0x0800427a   0x00000002   PAD
    0x0800427c   0x0800427c   0x00000008   Code   RO         2763    .text._ZN11SentryRobot12SetShootModeENS_9ShootModeE  user_global.o
    0x08004284   0x08004284   0x00000008   Code   RO         2761    .text._ZN11SentryRobot13SetGimbalModeENS_10GimbalModeE  user_global.o
    0x0800428c   0x0800428c   0x00000012   Code   RO         2559    .text._ZN11SentryRobot14InitAllSensorsEv  sentry_robot.o
    0x0800429e   0x0800429e   0x00000002   PAD
    0x080042a0   0x080042a0   0x00000008   Code   RO         2765    .text._ZN11SentryRobot14SetChassisModeENS_11ChassisModeE  user_global.o
    0x080042a8   0x080042a8   0x00000220   Code   RO         2557    .text._ZN11SentryRobot16InitAllActuatorsEv  sentry_robot.o
    0x080044c8   0x080044c8   0x00000008   Code   RO         2767    .text._ZN11SentryRobot16SetYawGimbalModeENS_13YawGimbalModeE  user_global.o
    0x080044d0   0x080044d0   0x00000172   Code   RO         2563    .text._ZN11SentryRobot18SendControlCommandEv  sentry_robot.o
    0x08004642   0x08004642   0x00000002   PAD
    0x08004644   0x08004644   0x0000000e   Code   RO         2569    .text._ZN11SentryRobot20SetShootDriverTargetEff  sentry_robot.o
    0x08004652   0x08004652   0x00000002   PAD
    0x08004654   0x08004654   0x00000030   Code   RO         2561    .text._ZN11SentryRobot21ExecuteShootAlgorithmEv  sentry_robot.o
    0x08004684   0x08004684   0x00000024   Code   RO         2565    .text._ZN11SentryRobot29IncreaseLeftShootBulletTargetEj  sentry_robot.o
    0x080046a8   0x080046a8   0x00000024   Code   RO         2567    .text._ZN11SentryRobot30IncreaseRightShootBulletTargetEj  sentry_robot.o
    0x080046cc   0x080046cc   0x00000010   Code   RO         2555    .text._ZN11SentryRobot4InitEv  sentry_robot.o
    0x080046dc   0x080046dc   0x00000008   Code   RO         2553    .text._ZN11SentryRobotC2Ev  sentry_robot.o
    0x080046e4   0x080046e4   0x00000026   Code   RO          128    .text._ZN12Chassis_Core13SetUartHandleEP13USART_TypeDef  chassis_core.o
    0x0800470a   0x0800470a   0x00000002   PAD
    0x0800470c   0x0800470c   0x0000000a   Code   RO          130    .text._ZN12Chassis_Core8SendDataEv  chassis_core.o
    0x08004716   0x08004716   0x00000002   PAD
    0x08004718   0x08004718   0x0000002a   Code   RO         2751    .text._ZN12Chassis_CoreC2Ev  user_global.o
    0x08004742   0x08004742   0x00000002   PAD
    0x08004744   0x08004744   0x00000026   Code   RO          161    .text._ZN12Right_Gimbal13SetUartHandleEP13USART_TypeDef  right_gimbal.o
    0x0800476a   0x0800476a   0x00000002   PAD
    0x0800476c   0x0800476c   0x0000000a   Code   RO          163    .text._ZN12Right_Gimbal8SendDataEv  right_gimbal.o
    0x08004776   0x08004776   0x00000002   PAD
    0x08004778   0x08004778   0x0000002a   Code   RO         2747    .text._ZN12Right_GimbalC2Ev  user_global.o
    0x080047a2   0x080047a2   0x00000002   PAD
    0x080047a4   0x080047a4   0x00000012   Code   RO            4    .text._ZN3Led10TogglePinkEv  led.o
    0x080047b6   0x080047b6   0x00000002   PAD
    0x080047b8   0x080047b8   0x00000012   Code   RO           12    .text._ZN3Led11ToggleGreenEv  led.o
    0x080047ca   0x080047ca   0x00000002   PAD
    0x080047cc   0x080047cc   0x0000001a   Code   RO           14    .text._ZN3Led6SetRedEb  led.o
    0x080047e6   0x080047e6   0x00000002   PAD
    0x080047e8   0x080047e8   0x00000016   Code   RO            6    .text._ZN3Led7SetBlueEb  led.o
    0x080047fe   0x080047fe   0x00000002   PAD
    0x08004800   0x08004800   0x00000016   Code   RO           10    .text._ZN3Led8SetGreenEb  led.o
    0x08004816   0x08004816   0x00000002   PAD
    0x08004818   0x08004818   0x000000b0   Code   RO         2529    .text._ZN3Pid12CalWeakenPIDEf  pid.o
    0x080048c8   0x080048c8   0x00000020   Code   RO         2527    .text._ZN3PidC2Effffffff  pid.o
    0x080048e8   0x080048e8   0x00000030   Code   RO         2490    .text._ZN4EWMA6UpdateEf  ewma.o
    0x08004918   0x08004918   0x00000022   Code   RO         2755    .text._ZN4VofaC2Ev  user_global.o
    0x0800493a   0x0800493a   0x00000002   PAD
    0x0800493c   0x0800493c   0x00000024   Code   RO           61    .text._ZN5DJIRC13SetUartHandleEP13USART_TypeDef  dijrc.o
    0x08004960   0x08004960   0x00000016   Code   RO         2753    .text._ZN5DJIRCC2Ev  user_global.o
    0x08004976   0x08004976   0x00000002   PAD
    0x08004978   0x08004978   0x00000036   Code   RO         2421    .text._ZN5M200611AngleUpdateEhf  m2006.o
    0x080049ae   0x080049ae   0x00000002   PAD
    0x080049b0   0x080049b0   0x00000036   Code   RO         2419    .text._ZN5M200611SpeedUpdateEhf  m2006.o
    0x080049e6   0x080049e6   0x00000002   PAD
    0x080049e8   0x080049e8   0x00000030   Code   RO         2429    .text._ZN5M200612AngleControlEv  m2006.o
    0x08004a18   0x08004a18   0x00000026   Code   RO         2425    .text._ZN5M200618EncoderAngleUpdateEj  m2006.o
    0x08004a3e   0x08004a3e   0x00000002   PAD
    0x08004a40   0x08004a40   0x00000026   Code   RO         2423    .text._ZN5M200618EncoderSpeedUpdateEf  m2006.o
    0x08004a66   0x08004a66   0x00000002   PAD
    0x08004a68   0x08004a68   0x0000001a   Code   RO         2578    .text._ZN5M2006C2EP11CAN_TypeDefjj  sentry_robot.o
    0x08004a82   0x08004a82   0x00000002   PAD
    0x08004a84   0x08004a84   0x00000126   Code   RO           30    .text._ZN5Usart10USART_InitEPhtS0_th  usart_interface.o
    0x08004baa   0x08004baa   0x00000002   PAD
    0x08004bac   0x08004bac   0x0000007a   Code   RO           32    .text._ZN5Usart13USART_ReceiveEv  usart_interface.o
    0x08004c26   0x08004c26   0x00000002   PAD
    0x08004c28   0x08004c28   0x0000003c   Code   RO           34    .text._ZN5Usart14USART_TransmitEv  usart_interface.o
    0x08004c64   0x08004c64   0x0000000e   Code   RO         2769    .text._ZN5UsartC2Ev  user_global.o
    0x08004c72   0x08004c72   0x00000002   PAD
    0x08004c74   0x08004c74   0x00000032   Code   RO         2501    .text._ZN6Kalman12UpdateFilterEf  kalman.o
    0x08004ca6   0x08004ca6   0x00000002   PAD
    0x08004ca8   0x08004ca8   0x0000001e   Code   RO         2503    .text._ZN6Kalman13CalPredictionEv  kalman.o
    0x08004cc6   0x08004cc6   0x00000002   PAD
    0x08004cc8   0x08004cc8   0x00000006   Code   RO         2416    .text._ZN6Kalman15GetFilterOutputEv  gm6020.o
    0x08004cce   0x08004cce   0x00000002   PAD
    0x08004cd0   0x08004cd0   0x00000046   Code   RO         2505    .text._ZN6Kalman9CalUpdateEv  kalman.o
    0x08004d16   0x08004d16   0x00000002   PAD
    0x08004d18   0x08004d18   0x0000002a   Code   RO         2499    .text._ZN6KalmanC2Ehffff  kalman.o
    0x08004d42   0x08004d42   0x00000002   PAD
    0x08004d44   0x08004d44   0x00000018   Code   RO         2462    .text._ZN7Adrc_TDC2Effff  adrc.o
    0x08004d5c   0x08004d5c   0x000000b6   Code   RO         2759    .text._ZN7RefereeC2Ev  user_global.o
    0x08004e12   0x08004e12   0x00000002   PAD
    0x08004e14   0x08004e14   0x00000016   Code   RO          140    .text._ZN9Photogate19Get_Photogate_StateEv  photogate.o
    0x08004e2a   0x08004e2a   0x00000002   PAD
    0x08004e2c   0x08004e2c   0x00000006   Code   RO         2582    .text._ZN9PhotogateC2Ev  sentry_robot.o
    0x08004e32   0x08004e32   0x0000000c   Code   RO         3097    .text._ZSt15get_new_handlerv  libcppabi_w.l(cxa_handlers.cpp.o)
    0x08004e3e   0x08004e3e   0x00000002   PAD
    0x08004e40   0x08004e40   0x00000026   Code   RO         2873    .text._Znwj         libcpp_w.l(new.cpp.o)
    0x08004e66   0x08004e66   0x00000002   PAD
    0x08004e68   0x08004e68   0x00000010   Code   RO         2662    .text.__cxx_global_var_init  user_global.o
    0x08004e78   0x08004e78   0x00000010   Code   RO         2664    .text.__cxx_global_var_init.1  user_global.o
    0x08004e88   0x08004e88   0x00000010   Code   RO         2666    .text.__cxx_global_var_init.2  user_global.o
    0x08004e98   0x08004e98   0x00000010   Code   RO         2668    .text.__cxx_global_var_init.3  user_global.o
    0x08004ea8   0x08004ea8   0x00000010   Code   RO         2670    .text.__cxx_global_var_init.4  user_global.o
    0x08004eb8   0x08004eb8   0x00000010   Code   RO         2672    .text.__cxx_global_var_init.5  user_global.o
    0x08004ec8   0x08004ec8   0x00000010   Code   RO         2674    .text.__cxx_global_var_init.6  user_global.o
    0x08004ed8   0x08004ed8   0x00000010   Code   RO         2676    .text.__cxx_global_var_init.7  user_global.o
    0x08004ee8   0x08004ee8   0x00000010   Code   RO         2678    .text.__cxx_global_var_init.8  user_global.o
    0x08004ef8   0x08004ef8   0x00000048   Code   RO          185    .text.bsp_init      bsp_init.o
    0x08004f40   0x08004f40   0x0000001a   Code   RO          206    .text.delay_ms      delay.o
    0x08004f5a   0x08004f5a   0x00000002   PAD
    0x08004f5c   0x08004f5c   0x00000032   Code   RO          204    .text.delay_us      delay.o
    0x08004f8e   0x08004f8e   0x00000002   PAD
    0x08004f90   0x08004f90   0x0000000e   Code   RO          263    .text.main          main.o
    0x08004f9e   0x08004f9e   0x00000002   PAD
    0x08004fa0   0x08004fa0   0x000000a2   Code   RO         2151    .text.prvAddCurrentTaskToDelayedList  tasks.o
    0x08005042   0x08005042   0x00000002   PAD
    0x08005044   0x08005044   0x000000ae   Code   RO         2139    .text.prvAddNewTaskToReadyList  tasks.o
    0x080050f2   0x080050f2   0x00000002   PAD
    0x080050f4   0x080050f4   0x0000006c   Code   RO         2278    .text.prvCheckForValidListAndQueue  timers.o
    0x08005160   0x08005160   0x00000060   Code   RO         2245    .text.prvCheckTasksWaitingTermination  tasks.o
    0x080051c0   0x080051c0   0x00000028   Code   RO         2092    .text.prvCopyDataFromQueue  queue.o
    0x080051e8   0x080051e8   0x0000007a   Code   RO         2082    .text.prvCopyDataToQueue  queue.o
    0x08005262   0x08005262   0x00000002   PAD
    0x08005264   0x08005264   0x00000012   Code   RO         2143    .text.prvDeleteTCB  tasks.o
    0x08005276   0x08005276   0x00000002   PAD
    0x08005278   0x08005278   0x00000020   Code   RO         2306    .text.prvGetNextExpireTime  timers.o
    0x08005298   0x08005298   0x00000076   Code   RO         2370    .text.prvHeapInit   heap_4.o
    0x0800530e   0x0800530e   0x00000002   PAD
    0x08005310   0x08005310   0x0000002a   Code   RO         2177    .text.prvIdleTask   tasks.o
    0x0800533a   0x0800533a   0x00000002   PAD
    0x0800533c   0x0800533c   0x00000020   Code   RO         2066    .text.prvInitialiseNewQueue  queue.o
    0x0800535c   0x0800535c   0x0000008a   Code   RO         2137    .text.prvInitialiseNewTask  tasks.o
    0x080053e6   0x080053e6   0x00000002   PAD
    0x080053e8   0x080053e8   0x00000070   Code   RO         2243    .text.prvInitialiseTaskLists  tasks.o
    0x08005458   0x08005458   0x00000062   Code   RO         2372    .text.prvInsertBlockIntoFreeList  heap_4.o
    0x080054ba   0x080054ba   0x00000002   PAD
    0x080054bc   0x080054bc   0x00000040   Code   RO         2318    .text.prvInsertTimerInActiveList  timers.o
    0x080054fc   0x080054fc   0x00000018   Code   RO         2094    .text.prvIsQueueEmpty  queue.o
    0x08005514   0x08005514   0x0000001c   Code   RO         2084    .text.prvIsQueueFull  queue.o
    0x08005530   0x08005530   0x00000028   Code   RO         2347    .text.prvPortStartFirstTask  port.o
    0x08005558   0x08005558   0x0000004c   Code   RO         2314    .text.prvProcessExpiredTimer  timers.o
    0x080055a4   0x080055a4   0x000000cc   Code   RO         2310    .text.prvProcessReceivedCommands  timers.o
    0x08005670   0x08005670   0x00000080   Code   RO         2308    .text.prvProcessTimerOrBlockTask  timers.o
    0x080056f0   0x080056f0   0x00000028   Code   RO         2145    .text.prvResetNextTaskUnblockTime  tasks.o
    0x08005718   0x08005718   0x0000002a   Code   RO         2312    .text.prvSampleTimeNow  timers.o
    0x08005742   0x08005742   0x00000002   PAD
    0x08005744   0x08005744   0x00000076   Code   RO         2316    .text.prvSwitchTimerLists  timers.o
    0x080057ba   0x080057ba   0x00000002   PAD
    0x080057bc   0x080057bc   0x00000022   Code   RO         2337    .text.prvTaskExitError  port.o
    0x080057de   0x080057de   0x00000002   PAD
    0x080057e0   0x080057e0   0x00000018   Code   RO         2018    .text.prvTestWaitCondition  event_groups.o
    0x080057f8   0x080057f8   0x00000016   Code   RO         2280    .text.prvTimerTask  timers.o
    0x0800580e   0x0800580e   0x00000002   PAD
    0x08005810   0x08005810   0x00000072   Code   RO         2086    .text.prvUnlockQueue  queue.o
    0x08005882   0x08005882   0x00000002   PAD
    0x08005884   0x08005884   0x000000ee   Code   RO         2368    .text.pvPortMalloc  heap_4.o
    0x08005972   0x08005972   0x00000002   PAD
    0x08005974   0x08005974   0x00000018   Code   RO         2229    .text.pvTaskIncrementMutexHeldCount  tasks.o
    0x0800598c   0x0800598c   0x00000028   Code   RO         2335    .text.pxPortInitialiseStack  port.o
    0x080059b4   0x080059b4   0x00000026   Code   RO         2052    .text.uxListRemove  list.o
    0x080059da   0x080059da   0x00000002   PAD
    0x080059dc   0x080059dc   0x0000001a   Code   RO         2227    .text.uxTaskResetEventItemValue  tasks.o
    0x080059f6   0x080059f6   0x00000002   PAD
    0x080059f8   0x080059f8   0x00000008   Code   RO         2030    .text.vEventGroupSetBitsCallback  event_groups.o
    0x08005a00   0x08005a00   0x00000016   Code   RO         2044    .text.vListInitialise  list.o
    0x08005a16   0x08005a16   0x00000002   PAD
    0x08005a18   0x08005a18   0x00000006   Code   RO         2046    .text.vListInitialiseItem  list.o
    0x08005a1e   0x08005a1e   0x00000002   PAD
    0x08005a20   0x08005a20   0x0000003a   Code   RO         2050    .text.vListInsert   list.o
    0x08005a5a   0x08005a5a   0x00000002   PAD
    0x08005a5c   0x08005a5c   0x0000001c   Code   RO         2048    .text.vListInsertEnd  list.o
    0x08005a78   0x08005a78   0x00000014   Code   RO         2345    .text.vPortEnableVFP  port.o
    0x08005a8c   0x08005a8c   0x00000020   Code   RO         2351    .text.vPortEnterCritical  port.o
    0x08005aac   0x08005aac   0x0000001a   Code   RO         2353    .text.vPortExitCritical  port.o
    0x08005ac6   0x08005ac6   0x00000002   PAD
    0x08005ac8   0x08005ac8   0x00000056   Code   RO         2374    .text.vPortFree     heap_4.o
    0x08005b1e   0x08005b1e   0x00000002   PAD
    0x08005b20   0x08005b20   0x00000034   Code   RO         2343    .text.vPortSetupTimerInterrupt  port.o
    0x08005b54   0x08005b54   0x00000028   Code   RO         2120    .text.vQueueAddToRegistry  queue.o
    0x08005b7c   0x08005b7c   0x00000044   Code   RO         2124    .text.vQueueWaitForMessageRestricted  queue.o
    0x08005bc0   0x08005bc0   0x00000034   Code   RO         2155    .text.vTaskDelay    tasks.o
    0x08005bf4   0x08005bf4   0x0000000e   Code   RO         2209    .text.vTaskMissedYield  tasks.o
    0x08005c02   0x08005c02   0x00000002   PAD
    0x08005c04   0x08005c04   0x0000001e   Code   RO         2195    .text.vTaskPlaceOnEventList  tasks.o
    0x08005c22   0x08005c22   0x00000002   PAD
    0x08005c24   0x08005c24   0x00000028   Code   RO         2199    .text.vTaskPlaceOnEventListRestricted  tasks.o
    0x08005c4c   0x08005c4c   0x00000026   Code   RO         2197    .text.vTaskPlaceOnUnorderedEventList  tasks.o
    0x08005c72   0x08005c72   0x00000002   PAD
    0x08005c74   0x08005c74   0x0000009a   Code   RO         2223    .text.vTaskPriorityInherit  tasks.o
    0x08005d0e   0x08005d0e   0x00000002   PAD
    0x08005d10   0x08005d10   0x0000001a   Code   RO         2205    .text.vTaskSetTimeOutState  tasks.o
    0x08005d2a   0x08005d2a   0x00000002   PAD
    0x08005d2c   0x08005d2c   0x00000078   Code   RO         2175    .text.vTaskStartScheduler  tasks.o
    0x08005da4   0x08005da4   0x00000010   Code   RO         2149    .text.vTaskSuspendAll  tasks.o
    0x08005db4   0x08005db4   0x0000006c   Code   RO         2167    .text.vTaskSwitchContext  tasks.o
    0x08005e20   0x08005e20   0x0000001c   Code   RO         2010    .text.xEventGroupCreate  event_groups.o
    0x08005e3c   0x08005e3c   0x0000007e   Code   RO         2014    .text.xEventGroupSetBits  event_groups.o
    0x08005eba   0x08005eba   0x00000002   PAD
    0x08005ebc   0x08005ebc   0x00000016   Code   RO         2032    .text.xEventGroupSetBitsFromISR  event_groups.o
    0x08005ed2   0x08005ed2   0x00000002   PAD
    0x08005ed4   0x08005ed4   0x000000b0   Code   RO         2016    .text.xEventGroupWaitBits  event_groups.o
    0x08005f84   0x08005f84   0x0000004a   Code   RO         2341    .text.xPortStartScheduler  port.o
    0x08005fce   0x08005fce   0x00000002   PAD
    0x08005fd0   0x08005fd0   0x0000002e   Code   RO         2357    .text.xPortSysTickHandler  port.o
    0x08005ffe   0x08005ffe   0x00000002   PAD
    0x08006000   0x08006000   0x00000032   Code   RO         2064    .text.xQueueGenericCreate  queue.o
    0x08006032   0x08006032   0x00000002   PAD
    0x08006034   0x08006034   0x00000180   Code   RO         2078    .text.xQueueGenericReceive  queue.o
    0x080061b4   0x080061b4   0x0000006a   Code   RO         2062    .text.xQueueGenericReset  queue.o
    0x0800621e   0x0800621e   0x00000002   PAD
    0x08006220   0x08006220   0x00000136   Code   RO         2074    .text.xQueueGenericSend  queue.o
    0x08006356   0x08006356   0x00000002   PAD
    0x08006358   0x08006358   0x0000006e   Code   RO         2088    .text.xQueueGenericSendFromISR  queue.o
    0x080063c6   0x080063c6   0x00000002   PAD
    0x080063c8   0x080063c8   0x00000058   Code   RO         2207    .text.xTaskCheckForTimeOut  tasks.o
    0x08006420   0x08006420   0x00000060   Code   RO         2135    .text.xTaskCreate   tasks.o
    0x08006480   0x08006480   0x00000026   Code   RO         2221    .text.xTaskGetSchedulerState  tasks.o
    0x080064a6   0x080064a6   0x00000002   PAD
    0x080064a8   0x080064a8   0x0000000c   Code   RO         2183    .text.xTaskGetTickCount  tasks.o
    0x080064b4   0x080064b4   0x0000014c   Code   RO         2181    .text.xTaskIncrementTick  tasks.o
    0x08006600   0x08006600   0x0000007e   Code   RO         2225    .text.xTaskPriorityDisinherit  tasks.o
    0x0800667e   0x0800667e   0x00000002   PAD
    0x08006680   0x08006680   0x0000007c   Code   RO         2201    .text.xTaskRemoveFromEventList  tasks.o
    0x080066fc   0x080066fc   0x00000064   Code   RO         2203    .text.xTaskRemoveFromUnorderedEventList  tasks.o
    0x08006760   0x08006760   0x00000100   Code   RO         2153    .text.xTaskResumeAll  tasks.o
    0x08006860   0x08006860   0x0000004c   Code   RO         2276    .text.xTimerCreateTimerTask  timers.o
    0x080068ac   0x080068ac   0x00000056   Code   RO         2286    .text.xTimerGenericCommand  timers.o
    0x08006902   0x08006902   0x00000002   PAD
    0x08006904   0x08006904   0x0000002a   Code   RO         2302    .text.xTimerPendFunctionCallFromISR  timers.o
    0x0800692e   0x0800692e   0x0000001a   Code   RO         3174    x$fpl$fpinit        fz_wm.l(fpinit.o)
    0x08006948   0x08006948   0x00000010   Data   RO         1365    .rodata.APBAHBPrescTable  stm32f4xx_rcc.o
    0x08006958   0x08006958   0x00000200   Data   RO         2816    .rodata._ZL11CRC16_Table  verify.o
    0x08006b58   0x08006b58   0x00000100   Data   RO         2814    .rodata._ZL8CRC8_TAB  verify.o
    0x08006c58   0x08006c58   0x00000005   Data   RO         2628    .rodata.str1.1      user_task.o
    0x08006c5d   0x08006c5d   0x00000003   PAD
    0x08006c60   0x08006c60   0x00000020   Data   RO         3293    Region$$Table       anon$$obj.o
    0x08006c80   0x08006c80   0x00000004   Data   RO         2737    .init_array         user_global.o
    0x08006c84   0x08006c80   0x00000000   Data   RO         2853    .init_array         c_w.l(init_aeabi.o)


    Execution Region RW_IRAM1 (Exec base: 0x20000000, Load base: 0x08006c88, Size: 0x00016ed0, Max: 0x00020000, ABSOLUTE)

    Exec Addr    Load Addr    Size         Type   Attr      Idx    E Section Name        Object

    0x20000000   0x08006c88   0x00000002   Data   RW         2815    .data.CRC16_INIT    verify.o
    0x20000002   0x08006c8a   0x00000002   PAD
    0x20000004   0x08006c8c   0x00000004   Data   RW          309    .data.SystemCoreClock  system_stm32f4xx.o
    0x20000008   0x08006c90   0x00000004   Data   RW         2359    .data.uxCriticalNesting  port.o
    0x2000000c   0x08006c94   0x00000004   PAD
    0x20000010        -       0x00000060   Zero   RW         3193    .bss                c_w.l(libspace.o)
    0x20000070        -       0x00000004   Zero   RW         2624    .bss.ChassisCoreDataSendTask_Handler  user_task.o
    0x20000074        -       0x00000002   Zero   RW         2653    .bss.Clear_IT       user_callback.o
    0x20000076   0x08006c94   0x00000002   PAD
    0x20000078        -       0x00000134   Zero   RW         2720    .bss.G_chassis_core  user_global.o
    0x200001ac        -       0x00000001   Zero   RW         2726    .bss.G_control_mode  user_global.o
    0x200001ad   0x08006c94   0x00000003   PAD
    0x200001b0        -       0x00000024   Zero   RW         2721    .bss.G_djirc        user_global.o
    0x200001d4        -       0x00000001   Zero   RW         2716    .bss.G_led          user_global.o
    0x200001d5   0x08006c94   0x00000003   PAD
    0x200001d8        -       0x0000003c   Zero   RW         2717    .bss.G_left_gimbal  user_global.o
    0x20000214        -       0x00000838   Zero   RW         2723    .bss.G_navigation   user_global.o
    0x20000a4c        -       0x000002fc   Zero   RW         2724    .bss.G_referee      user_global.o
    0x20000d48        -       0x00000080   Zero   RW         2715    .bss.G_referee_monitor  user_global.o
    0x20000dc8        -       0x0000003c   Zero   RW         2718    .bss.G_right_gimbal  user_global.o
    0x20000e04        -       0x000000c4   Zero   RW         2725    .bss.G_sentry       user_global.o
    0x20000ec8        -       0x000000cc   Zero   RW         2714    .bss.G_system_monitor  user_global.o
    0x20000f94        -       0x0000005c   Zero   RW         2722    .bss.G_vofa         user_global.o
    0x20000ff0        -       0x0000006c   Zero   RW         2719    .bss.G_yaw_gimbal   user_global.o
    0x2000105c        -       0x00000004   Zero   RW         2623    .bss.LeftGimbalDataSendTask_Handler  user_task.o
    0x20001060        -       0x00000004   Zero   RW         2625    .bss.NavigationDataSendTask_Handler  user_task.o
    0x20001064        -       0x00000004   Zero   RW         2622    .bss.RightGimbalDataSendTask_Handler  user_task.o
    0x20001068        -       0x00000004   Zero   RW         2620    .bss.RobotControlTask_Handler  user_task.o
    0x2000106c        -       0x00000004   Zero   RW         2619    .bss.SystemMonitorTask_Handler  user_task.o
    0x20001070        -       0x00000032   Zero   RW           36    .bss.UA1RxDMAbuf    usart_interface.o
    0x200010a2        -       0x000001f4   Zero   RW           37    .bss.UA2RxDMAbuf    usart_interface.o
    0x20001296        -       0x000001f4   Zero   RW           38    .bss.UA3RxDMAbuf    usart_interface.o
    0x2000148a        -       0x000001f4   Zero   RW           39    .bss.UA4RxDMAbuf    usart_interface.o
    0x2000167e        -       0x000001f4   Zero   RW           40    .bss.UA5RxDMAbuf    usart_interface.o
    0x20001872        -       0x000001f4   Zero   RW           41    .bss.UA6RxDMAbuf    usart_interface.o
    0x20001a66   0x08006c94   0x00000002   PAD
    0x20001a68        -       0x00000004   Zero   RW         2627    .bss.USARTHandler   user_task.o
    0x20001a6c        -       0x00000004   Zero   RW         2626    .bss.UsartDecodeTask_Handler  user_task.o
    0x20001a70        -       0x00000004   Zero   RW         2621    .bss.YawGimbalDataSendTask_Handler  user_task.o
    0x20001a74        -       0x00000004   Zero   RW         2792    .bss._ZZ11UART_DecodejE20usart_navigation_bit  uart_protocol.o
    0x20001a78        -       0x00000004   Zero   RW         2790    .bss._ZZ11UART_DecodejE20usart_yaw_gimbal_bit  uart_protocol.o
    0x20001a7c        -       0x00000004   Zero   RW         2793    .bss._ZZ11UART_DecodejE21usart_left_gimbal_bit  uart_protocol.o
    0x20001a80        -       0x00000004   Zero   RW         2791    .bss._ZZ11UART_DecodejE22usart_right_gimbal_bit  uart_protocol.o
    0x20001a84        -       0x00000004   Zero   RW         2727    .bss._ZZ12MotorMonitorvE5times  user_global.o
    0x20001a88        -       0x00000004   Zero   RW         2636    .bss._ZZ15UsartDecodeTaskPvE13TaskStartTime  user_task.o
    0x20001a8c        -       0x00000004   Zero   RW         2635    .bss._ZZ16RobotControlTaskPvE13TaskStartTime  user_task.o
    0x20001a90        -       0x00000004   Zero   RW         2629    .bss._ZZ17SystemMonitorTaskPvE13TaskStartTime  user_task.o
    0x20001a94        -       0x00000004   Zero   RW         2735    .bss._ZZ18ShootTargetsUpdatevE26left_bullut_cnt_target_pre  user_global.o
    0x20001a98        -       0x00000004   Zero   RW         2736    .bss._ZZ18ShootTargetsUpdatevE27right_bullut_cnt_target_pre  user_global.o
    0x20001a9c        -       0x00000001   Zero   RW         2732    .bss._ZZ19GimbalTargetsUpdatevE13change_flag_1  user_global.o
    0x20001a9d        -       0x00000001   Zero   RW         2734    .bss._ZZ19GimbalTargetsUpdatevE13change_flag_2  user_global.o
    0x20001a9e        -       0x00000002   Zero   RW         2730    .bss._ZZ19GimbalTargetsUpdatevE14auto_delay_cnt  user_global.o
    0x20001aa0        -       0x00000001   Zero   RW         2733    .bss._ZZ19GimbalTargetsUpdatevE16auto_change_flag  user_global.o
    0x20001aa1   0x08006c94   0x00000001   PAD
    0x20001aa2        -       0x00000002   Zero   RW         2729    .bss._ZZ19GimbalTargetsUpdatevE16mannal_delay_cnt  user_global.o
    0x20001aa4        -       0x00000001   Zero   RW         2731    .bss._ZZ19GimbalTargetsUpdatevE18mannal_change_flag  user_global.o
    0x20001aa5   0x08006c94   0x00000003   PAD
    0x20001aa8        -       0x00000004   Zero   RW         2728    .bss._ZZ20CommunicationMonitorvE5times  user_global.o
    0x20001aac        -       0x00000004   Zero   RW         2634    .bss._ZZ21YawGimbalDataSendTaskPvE13TaskStartTime  user_task.o
    0x20001ab0        -       0x00000004   Zero   RW         2632    .bss._ZZ22LeftGimbalDataSendTaskPvE13TaskStartTime  user_task.o
    0x20001ab4        -       0x00000004   Zero   RW         2631    .bss._ZZ22NavigationDataSendTaskPvE13TaskStartTime  user_task.o
    0x20001ab8        -       0x00000004   Zero   RW         2630    .bss._ZZ23ChassisCoreDataSendTaskPvE13TaskStartTime  user_task.o
    0x20001abc        -       0x00000004   Zero   RW         2633    .bss._ZZ23RightGimbalDataSendTaskPvE13TaskStartTime  user_task.o
    0x20001ac0        -       0x00000004   Zero   RW         3099    .bss.__cxa_new_handler  libcppabi_w.l(cxa_handlers.cpp.o)
    0x20001ac4        -       0x0000002c   Zero   RW          110    .bss.can1_context   can_interface.o
    0x20001af0        -       0x0000002c   Zero   RW          111    .bss.can2_context   can_interface.o
    0x20001b1c        -       0x00000004   Zero   RW         2324    .bss.prvSampleTimeNow.xLastTime  timers.o
    0x20001b20        -       0x00000004   Zero   RW         2247    .bss.pxCurrentTCB   tasks.o
    0x20001b24        -       0x00000004   Zero   RW         2322    .bss.pxCurrentTimerList  timers.o
    0x20001b28        -       0x00000004   Zero   RW         2256    .bss.pxDelayedTaskList  tasks.o
    0x20001b2c        -       0x00000004   Zero   RW         2382    .bss.pxEnd          heap_4.o
    0x20001b30        -       0x00000004   Zero   RW         2257    .bss.pxOverflowDelayedTaskList  tasks.o
    0x20001b34        -       0x00000004   Zero   RW         2323    .bss.pxOverflowTimerList  timers.o
    0x20001b38        -       0x00000280   Zero   RW         2248    .bss.pxReadyTasksLists  tasks.o
    0x20001db8        -       0x00012c00   Zero   RW         2387    .bss.ucHeap         heap_4.o
    0x200149b8        -       0x00000004   Zero   RW         2253    .bss.uxCurrentNumberOfTasks  tasks.o
    0x200149bc        -       0x00000004   Zero   RW         2252    .bss.uxDeletedTasksWaitingCleanUp  tasks.o
    0x200149c0        -       0x00000004   Zero   RW         2264    .bss.uxPendedTicks  tasks.o
    0x200149c4        -       0x00000004   Zero   RW         2259    .bss.uxSchedulerSuspended  tasks.o
    0x200149c8        -       0x00000004   Zero   RW         2250    .bss.uxTaskNumber   tasks.o
    0x200149cc        -       0x00000004   Zero   RW         2249    .bss.uxTopReadyPriority  tasks.o
    0x200149d0        -       0x00000014   Zero   RW         2325    .bss.xActiveTimerList1  timers.o
    0x200149e4        -       0x00000014   Zero   RW         2326    .bss.xActiveTimerList2  timers.o
    0x200149f8        -       0x00000001   Zero   RW         2383    .bss.xBlockAllocatedBit  heap_4.o
    0x200149f9   0x08006c94   0x00000003   PAD
    0x200149fc        -       0x00000014   Zero   RW         2266    .bss.xDelayedTaskList1  tasks.o
    0x20014a10        -       0x00000014   Zero   RW         2267    .bss.xDelayedTaskList2  tasks.o
    0x20014a24        -       0x00000004   Zero   RW         2384    .bss.xFreeBytesRemaining  heap_4.o
    0x20014a28        -       0x00000004   Zero   RW         2261    .bss.xIdleTaskHandle  tasks.o
    0x20014a2c        -       0x00000004   Zero   RW         2386    .bss.xMinimumEverFreeBytesRemaining  heap_4.o
    0x20014a30        -       0x00000004   Zero   RW         2262    .bss.xNextTaskUnblockTime  tasks.o
    0x20014a34        -       0x00000004   Zero   RW         2265    .bss.xNumOfOverflows  tasks.o
    0x20014a38        -       0x00000014   Zero   RW         2260    .bss.xPendingReadyList  tasks.o
    0x20014a4c        -       0x00000040   Zero   RW         2126    .bss.xQueueRegistry  queue.o
    0x20014a8c        -       0x00000004   Zero   RW         2254    .bss.xSchedulerRunning  tasks.o
    0x20014a90        -       0x00000008   Zero   RW         2385    .bss.xStart         heap_4.o
    0x20014a98        -       0x00000014   Zero   RW         2258    .bss.xSuspendedTaskList  tasks.o
    0x20014aac        -       0x00000014   Zero   RW         2251    .bss.xTasksWaitingTermination  tasks.o
    0x20014ac0        -       0x00000004   Zero   RW         2255    .bss.xTickCount     tasks.o
    0x20014ac4        -       0x00000004   Zero   RW         2320    .bss.xTimerQueue    timers.o
    0x20014ac8        -       0x00000004   Zero   RW         2321    .bss.xTimerTaskHandle  timers.o
    0x20014acc        -       0x00000004   Zero   RW         2263    .bss.xYieldPending  tasks.o
    0x20014ad0        -       0x00002000   Zero   RW         2585    HEAP                startup_stm32f40_41xxx.o
    0x20016ad0        -       0x00000400   Zero   RW         2584    STACK               startup_stm32f40_41xxx.o


==============================================================================

Image component sizes


      Code (inc. data)   RO Data    RW Data    ZI Data      Debug   Object Name

        24          0          0          0          0      12988   adrc.o
        72          0          0          0          0        520   bsp_init.o
       344          0          0          0          0       5695   can.o
        34          0          0          0         88       2794   can_interface.o
       182          0          0          0          0      19192   can_protocol.o
        48          0          0          0          0       5701   chassis_core.o
        30          0          0          0          0      12431   common_math.o
       274          0          0          0          0      17844   communication.o
        76          0          0          0          0       1316   delay.o
        36          0          0          0          0       5133   dijrc.o
        90          0          0          0          0       1069   encoder.o
       384          0          0          0          0       6923   event_groups.o
        48          0          0          0          0      11497   ewma.o
         6          0          0          0          0      16659   gm6020.o
       156          0          0          0          0       1903   gpio.o
       540          0          0          0      76821       3325   heap_4.o
       192          0          0          0          0       1961   kalman.o
       106          0          0          0          0       3813   led.o
        48          0          0          0          0       5596   left_gimbal.o
       152          0          0          0          0       2092   list.o
       232          0          0          0          0      16554   m2006.o
        14          0          0          0          0        403   main.o
       144          0          0          0          0       3221   misc.o
        58          0          0          0          0       9072   navigation.o
        22          0          0          0          0       1997   photogate.o
       208          4          0          0          0      12605   pid.o
       500         16          0          4          0       2790   port.o
      1428          0          0          0         64      14468   queue.o
        48          0          0          0          0       5607   right_gimbal.o
      1138         32          0          0          0      28628   sentry_robot.o
        64         26        392          0       9216        892   startup_stm32f40_41xxx.o
      1270         96          0          0          0      10317   stm32f4xx_can.o
       836          0          0          0          0       6290   stm32f4xx_dma.o
       184          0          0          0          0       4535   stm32f4xx_gpio.o
       142          0          0          0          0       2880   stm32f4xx_it.o
       270          0         16          0          0      12410   stm32f4xx_rcc.o
       164          0          0          0          0      23328   stm32f4xx_tim.o
       594          0          0          0          0       7791   stm32f4xx_usart.o
       276          0          0          4          0       3319   system_stm32f4xx.o
        44          0          0          0          0       1028   systick.o
      2602          8          0          0        800      23807   tasks.o
        56          0          0          0          0       1820   tim.o
       998         16          0          0         60       9876   timers.o
      1620         26          0          0         16      22655   uart_protocol.o
      1884          0          0          0          0       6782   usart.o
       476          0          0          0       2550       5881   usart_interface.o
       874          0          0          0          2      20989   user_callback.o
      4802         68          4          0       4086      45947   user_global.o
        28          0          0          0          0      17442   user_main.o
       784          0          5          0         68      21079   user_task.o
       266          0        768          2          0       2969   verify.o
        48          0          0          0          0       5609   yaw_gimbal.o

    ----------------------------------------------------------------------
     25192        292       1220         12      93792     491443   Object Totals
         0          0         32          0          0          0   (incl. Generated)
       276          0          3          2         21          0   (incl. Padding)

    ----------------------------------------------------------------------

      Code (inc. data)   RO Data    RW Data    ZI Data      Debug   Library Member Name

         8          0          0          0          0         68   __main.o
         0          0          0          0          0          0   __rtentry.o
        12          0          0          0          0          0   __rtentry2.o
         6          0          0          0          0          0   __rtentry4.o
        52          8          0          0          0          0   __scatter.o
        26          0          0          0          0          0   __scatter_copy.o
        28          0          0          0          0          0   __scatter_zi.o
        16          0          0          0          0         68   aeabi_memset4.o
        10          0          0          0          0         68   defsig_exit.o
        50          0          0          0          0         88   defsig_general.o
        80         58          0          0          0         76   defsig_rtmem_inner.o
        14          0          0          0          0         80   defsig_rtmem_outer.o
        18          0          0          0          0         80   exit.o
        94          0          0          0          0         80   h1_alloc.o
        52          0          0          0          0         68   h1_extend.o
        78          0          0          0          0         80   h1_free.o
        14          0          0          0          0         84   h1_init.o
         6          0          0          0          0        152   heapauxi.o
         4          0          0          0          0        136   hguard.o
         0          0          0          0          0          0   indicate_semi.o
        36          8          0          0          0         80   init_aeabi.o
       138          0          0          0          0        168   init_alloc.o
         2          0          0          0          0          0   libinit.o
        18          0          0          0          0          0   libinit2.o
         2          0          0          0          0          0   libshutdown.o
         2          0          0          0          0          0   libshutdown2.o
         8          4          0          0         96         68   libspace.o
         0          0          0          0          0          0   maybetermalloc1.o
         8          4          0          0          0         68   rt_heap_descriptor_intlibspace.o
        68          0          0          0          0         68   rt_memclr.o
        78          0          0          0          0         80   rt_memclr_w.o
       138          0          0          0          0         68   rt_memcpy_v6.o
       100          0          0          0          0         80   rt_memcpy_w.o
         2          0          0          0          0          0   rtexit.o
        10          0          0          0          0          0   rtexit2.o
        12          4          0          0          0         68   sys_exit.o
        74          0          0          0          0         80   sys_stackheap_outer.o
        14          0          0          0          0         76   sys_wrch.o
         2          0          0          0          0         68   use_no_semi.o
        26          0          0          0          0        116   fpinit.o
        38          0          0          0          0        380   new.cpp.o
        12          0          0          0          4        148   cxa_handlers.cpp.o

    ----------------------------------------------------------------------
      1368         86          0          0        100       2744   Library Totals
        12          0          0          0          0          0   (incl. Padding)

    ----------------------------------------------------------------------

      Code (inc. data)   RO Data    RW Data    ZI Data      Debug   Library Name

      1280         86          0          0         96       2100   c_w.l
        26          0          0          0          0        116   fz_wm.l
        38          0          0          0          0        380   libcpp_w.l
        12          0          0          0          4        148   libcppabi_w.l

    ----------------------------------------------------------------------
      1368         86          0          0        100       2744   Library Totals

    ----------------------------------------------------------------------

==============================================================================


      Code (inc. data)   RO Data    RW Data    ZI Data      Debug   

     26560        378       1220         12      93892     492223   Grand Totals
     26560        378       1220         12      93892     492223   ELF Image Totals
     26560        378       1220         12          0          0   ROM Totals

==============================================================================

    Total RO  Size (Code + RO Data)                27780 (  27.13kB)
    Total RW  Size (RW Data + ZI Data)             93904 (  91.70kB)
    Total ROM Size (Code + RO Data + RW Data)      27792 (  27.14kB)

==============================================================================

