Component: ARM Compiler 6.14 Tool: armlink [5db06800]

==============================================================================

Section Cross References

    bmi088.o(.text._ZN6BMI0884InitEb) refers to bmi088.o(.text._ZN6BMI08811AccSelfTestEv) for BMI088::AccSelfTest()
    bmi088.o(.text._ZN6BMI0884InitEb) refers to bmi088.o(.text._ZN6BMI0887AccInitEv) for BMI088::AccInit()
    bmi088.o(.text._ZN6BMI0884InitEb) refers to bmi088.o(.text._ZN6BMI08812GyroSelfTestEv) for BMI088::GyroSelfTest()
    bmi088.o(.text._ZN6BMI0884InitEb) refers to bmi088.o(.text._ZN6BMI0888GyroInitEv) for BMI088::GyroInit()
    bmi088.o(.text._ZN6BMI0884InitEb) refers to bmi088.o(.text._ZN6BMI08813GetGyroOffsetEb) for BMI088::GetGyroOffset(bool)
    bmi088.o(.ARM.exidx.text._ZN6BMI0884InitEb) refers to bmi088.o(.text._ZN6BMI0884InitEb) for [Anonymous Symbol]
    bmi088.o(.text._ZN6BMI08811AccSelfTestEv) refers to bmi088.o(.text._ZN6BMI08817ReadAccSingleDataEhPh) for BMI088::ReadAccSingleData(unsigned char, unsigned char*)
    bmi088.o(.text._ZN6BMI08811AccSelfTestEv) refers to delay.o(.text.delay_us) for delay_us
    bmi088.o(.text._ZN6BMI08811AccSelfTestEv) refers to bmi088.o(.text._ZN6BMI08818WriteAccSingleDataEhh) for BMI088::WriteAccSingleData(unsigned char, unsigned char)
    bmi088.o(.text._ZN6BMI08811AccSelfTestEv) refers to delay.o(.text.delay_ms) for delay_ms
    bmi088.o(.text._ZN6BMI08811AccSelfTestEv) refers to bmi088.o(.rodata._ZZN6BMI08811AccSelfTestEvE43write_BMI088_ACCEL_self_test_Reg_Data_Error) for BMI088::AccSelfTest()::write_BMI088_ACCEL_self_test_Reg_Data_Error
    bmi088.o(.text._ZN6BMI08811AccSelfTestEv) refers to bmi088.o(.text._ZN6BMI08819ReadAccMultiplyDataEhPhh) for BMI088::ReadAccMultiplyData(unsigned char, unsigned char*, unsigned char)
    bmi088.o(.ARM.exidx.text._ZN6BMI08811AccSelfTestEv) refers to bmi088.o(.text._ZN6BMI08811AccSelfTestEv) for [Anonymous Symbol]
    bmi088.o(.text._ZN6BMI0887AccInitEv) refers to bmi088.o(.text._ZN6BMI08817ReadAccSingleDataEhPh) for BMI088::ReadAccSingleData(unsigned char, unsigned char*)
    bmi088.o(.text._ZN6BMI0887AccInitEv) refers to delay.o(.text.delay_us) for delay_us
    bmi088.o(.text._ZN6BMI0887AccInitEv) refers to bmi088.o(.text._ZN6BMI08818WriteAccSingleDataEhh) for BMI088::WriteAccSingleData(unsigned char, unsigned char)
    bmi088.o(.text._ZN6BMI0887AccInitEv) refers to delay.o(.text.delay_ms) for delay_ms
    bmi088.o(.text._ZN6BMI0887AccInitEv) refers to bmi088.o(.rodata._ZL33write_BMI088_ACCEL_Reg_Data_Error) for _ZL33write_BMI088_ACCEL_Reg_Data_Error
    bmi088.o(.ARM.exidx.text._ZN6BMI0887AccInitEv) refers to bmi088.o(.text._ZN6BMI0887AccInitEv) for [Anonymous Symbol]
    bmi088.o(.text._ZN6BMI08812GyroSelfTestEv) refers to bmi088.o(.text._ZN6BMI08818ReadGyroSingleDataEhPh) for BMI088::ReadGyroSingleData(unsigned char, unsigned char*)
    bmi088.o(.text._ZN6BMI08812GyroSelfTestEv) refers to delay.o(.text.delay_us) for delay_us
    bmi088.o(.text._ZN6BMI08812GyroSelfTestEv) refers to bmi088.o(.text._ZN6BMI08819WriteGyroSingleDataEhh) for BMI088::WriteGyroSingleData(unsigned char, unsigned char)
    bmi088.o(.text._ZN6BMI08812GyroSelfTestEv) refers to delay.o(.text.delay_ms) for delay_ms
    bmi088.o(.ARM.exidx.text._ZN6BMI08812GyroSelfTestEv) refers to bmi088.o(.text._ZN6BMI08812GyroSelfTestEv) for [Anonymous Symbol]
    bmi088.o(.text._ZN6BMI0888GyroInitEv) refers to bmi088.o(.text._ZN6BMI08818ReadGyroSingleDataEhPh) for BMI088::ReadGyroSingleData(unsigned char, unsigned char*)
    bmi088.o(.text._ZN6BMI0888GyroInitEv) refers to delay.o(.text.delay_us) for delay_us
    bmi088.o(.text._ZN6BMI0888GyroInitEv) refers to bmi088.o(.text._ZN6BMI08819WriteGyroSingleDataEhh) for BMI088::WriteGyroSingleData(unsigned char, unsigned char)
    bmi088.o(.text._ZN6BMI0888GyroInitEv) refers to delay.o(.text.delay_ms) for delay_ms
    bmi088.o(.text._ZN6BMI0888GyroInitEv) refers to bmi088.o(.rodata._ZL32write_BMI088_GYRO_Reg_Data_Error) for _ZL32write_BMI088_GYRO_Reg_Data_Error
    bmi088.o(.ARM.exidx.text._ZN6BMI0888GyroInitEv) refers to bmi088.o(.text._ZN6BMI0888GyroInitEv) for [Anonymous Symbol]
    bmi088.o(.text._ZN6BMI08813GetGyroOffsetEb) refers to bmi088.o(.text._ZN6BMI08814UpdataGyroDataEv) for BMI088::UpdataGyroData()
    bmi088.o(.ARM.exidx.text._ZN6BMI08813GetGyroOffsetEb) refers to bmi088.o(.text._ZN6BMI08813GetGyroOffsetEb) for [Anonymous Symbol]
    bmi088.o(.text._ZN6BMI08814UpdataGyroDataEv) refers to bmi088.o(.text._ZN6BMI08820ReadGyroMultiplyDataEhPhh) for BMI088::ReadGyroMultiplyData(unsigned char, unsigned char*, unsigned char)
    bmi088.o(.text._ZN6BMI08814UpdataGyroDataEv) refers to kalman.o(.text._ZN6Kalman12UpdateFilterEf) for Kalman::UpdateFilter(float)
    bmi088.o(.ARM.exidx.text._ZN6BMI08814UpdataGyroDataEv) refers to bmi088.o(.text._ZN6BMI08814UpdataGyroDataEv) for [Anonymous Symbol]
    bmi088.o(.text._ZN6BMI08817ReadAccSingleDataEhPh) refers to stm32f4xx_gpio.o(.text.GPIO_ResetBits) for GPIO_ResetBits
[...]
    DMA_GetCmdStatus                         0x08001025   Thumb Code     8  stm32f4xx_dma.o(.text.DMA_GetCmdStatus)
    DMA_GetCurrDataCounter                   0x0800102d   Thumb Code     6  stm32f4xx_dma.o(.text.DMA_GetCurrDataCounter)
    DMA_ITConfig                             0x08001035   Thumb Code    52  stm32f4xx_dma.o(.text.DMA_ITConfig)
    DMA_Init                                 0x08001069   Thumb Code   102  stm32f4xx_dma.o(.text.DMA_Init)
    GPIO_Configure                           0x080010d1   Thumb Code    82  gpio.o(.text.GPIO_Configure)
    GPIO_Init                                0x08001125   Thumb Code   134  stm32f4xx_gpio.o(.text.GPIO_Init)
    GPIO_PinAFConfig                         0x080011ad   Thumb Code    40  stm32f4xx_gpio.o(.text.GPIO_PinAFConfig)
    GPIO_ResetBits                           0x080011d5   Thumb Code     4  stm32f4xx_gpio.o(.text.GPIO_ResetBits)
    GPIO_SetBits                             0x080011d9   Thumb Code     4  stm32f4xx_gpio.o(.text.GPIO_SetBits)
    HardFault_Handler                        0x080011dd   Thumb Code     2  stm32f4xx_it.o(.text.HardFault_Handler)
    NVIC_Init                                0x080011e1   Thumb Code    98  misc.o(.text.NVIC_Init)
    NVIC_PriorityGroupConfig                 0x08001245   Thumb Code    20  misc.o(.text.NVIC_PriorityGroupConfig)
    PendSV_Handler                           0x08001261   Thumb Code   100  port.o(.text.PendSV_Handler)
    RCC_AHB1PeriphClockCmd                   0x080012c5   Thumb Code    24  stm32f4xx_rcc.o(.text.RCC_AHB1PeriphClockCmd)
    RCC_AHB2PeriphClockCmd                   0x080012dd   Thumb Code    24  stm32f4xx_rcc.o(.text.RCC_AHB2PeriphClockCmd)
    RCC_APB1PeriphClockCmd                   0x080012f5   Thumb Code    24  stm32f4xx_rcc.o(.text.RCC_APB1PeriphClockCmd)
    RCC_APB1PeriphResetCmd                   0x0800130d   Thumb Code    24  stm32f4xx_rcc.o(.text.RCC_APB1PeriphResetCmd)
    RCC_APB2PeriphClockCmd                   0x08001325   Thumb Code    24  stm32f4xx_rcc.o(.text.RCC_APB2PeriphClockCmd)
    RCC_APB2PeriphResetCmd                   0x0800133d   Thumb Code    24  stm32f4xx_rcc.o(.text.RCC_APB2PeriphResetCmd)
    RCC_GetClocksFreq                        0x08001355   Thumb Code   150  stm32f4xx_rcc.o(.text.RCC_GetClocksFreq)
    SPI_Cmd                                  0x080013ed   Thumb Code    18  stm32f4xx_spi.o(.text.SPI_Cmd)
    SPI_Configuration                        0x08001401   Thumb Code   250  spi.o(.text.SPI_Configuration)
    SPI_I2S_DeInit                           0x080014fd   Thumb Code   202  stm32f4xx_spi.o(.text.SPI_I2S_DeInit)
    SPI_Init                                 0x080015c9   Thumb Code    70  stm32f4xx_spi.o(.text.SPI_Init)
    SVC_Handler                              0x08001611   Thumb Code    36  port.o(.text.SVC_Handler)
    SysTick_CLKSourceConfig                  0x080016f5   Thumb Code    26  misc.o(.text.SysTick_CLKSourceConfig)
    SysTick_Configuration                    0x08001711   Thumb Code    44  systick.o(.text.SysTick_Configuration)
    SysTick_Handler                          0x0800173d   Thumb Code     8  stm32f4xx_it.o(.text.SysTick_Handler)
    SystemInit                               0x08001745   Thumb Code    86  system_stm32f4xx.o(.text.SystemInit)
    TIM4_Configuration                       0x0800179d   Thumb Code   220  tim.o(.text.TIM4_Configuration)
    TIM5_Configuration                       0x08001879   Thumb Code    56  tim.o(.text.TIM5_Configuration)
    TIM_ARRPreloadConfig                     0x080018b1   Thumb Code    18  stm32f4xx_tim.o(.text.TIM_ARRPreloadConfig)
    TIM_Cmd                                  0x080018c5   Thumb Code    18  stm32f4xx_tim.o(.text.TIM_Cmd)
    TIM_CtrlPWMOutputs                       0x080018d9   Thumb Code    24  stm32f4xx_tim.o(.text.TIM_CtrlPWMOutputs)
    TIM_OC3Init                              0x080018f1   Thumb Code   114  stm32f4xx_tim.o(.text.TIM_OC3Init)
    TIM_OC3PreloadConfig                     0x08001965   Thumb Code    12  stm32f4xx_tim.o(.text.TIM_OC3PreloadConfig)
    TIM_OC4Init                              0x08001971   Thumb Code    84  stm32f4xx_tim.o(.text.TIM_OC4Init)
    TIM_OC4PreloadConfig                     0x080019c5   Thumb Code    14  stm32f4xx_tim.o(.text.TIM_OC4PreloadConfig)
    TIM_TimeBaseInit                         0x080019d5   Thumb Code   146  stm32f4xx_tim.o(.text.TIM_TimeBaseInit)
    UART4_IRQHandler                         0x08001a69   Thumb Code    16  stm32f4xx_it.o(.text.UART4_IRQHandler)
    UART5_IRQHandler                         0x08001a79   Thumb Code    16  stm32f4xx_it.o(.text.UART5_IRQHandler)
    USART1_IRQHandler                        0x08001a89   Thumb Code    16  stm32f4xx_it.o(.text.USART1_IRQHandler)
    USART2_Configuration                     0x08001a99   Thumb Code   326  usart.o(.text.USART2_Configuration)
    USART2_IRQHandler                        0x08001be1   Thumb Code    16  stm32f4xx_it.o(.text.USART2_IRQHandler)
    USART3_Configuration                     0x08001bf1   Thumb Code   330  usart.o(.text.USART3_Configuration)
    USART3_IRQHandler                        0x08001d3d   Thumb Code    16  stm32f4xx_it.o(.text.USART3_IRQHandler)
    USART6_Configuration                     0x08001d4d   Thumb Code   326  usart.o(.text.USART6_Configuration)
    USART6_IRQHandler                        0x08001e95   Thumb Code    16  stm32f4xx_it.o(.text.USART6_IRQHandler)
    USART_Cmd                                0x08001ea5   Thumb Code    18  stm32f4xx_usart.o(.text.USART_Cmd)
    USART_DMACmd                             0x08001eb9   Thumb Code    16  stm32f4xx_usart.o(.text.USART_DMACmd)
    USART_GetITStatus                        0x08001ec9   Thumb Code    58  stm32f4xx_usart.o(.text.USART_GetITStatus)
    USART_ITConfig                           0x08001f05   Thumb Code    46  stm32f4xx_usart.o(.text.USART_ITConfig)
    USART_Init                               0x08001f35   Thumb Code   182  stm32f4xx_usart.o(.text.USART_Init)
    UserMain                                 0x08001fed   Thumb Code    28  user_main.o(.text.UserMain)
    User_CAN_RX_Callback                     0x08002009   Thumb Code   122  user_callback.o(.text.User_CAN_RX_Callback)
    User_SysTickCallback                     0x08002085   Thumb Code   158  user_callback.o(.text.User_SysTickCallback)
    User_UART_Fps_Update                     0x08002125   Thumb Code   136  user_callback.o(.text.User_UART_Fps_Update)
    User_UART_RX_Callback                    0x080021ad   Thumb Code   130  user_callback.o(.text.User_UART_RX_Callback)
    CAN_Decode(CANContext*)                  0x08002241   Thumb Code     2  can_protocol.o(.text._Z10CAN_DecodeP10CANContext)
    GimbalTest()                             0x08002245   Thumb Code    46  user_global.o(.text._Z10GimbalTestv)
    UART_Decode(unsigned)                    0x08002275   Thumb Code    54  uart_protocol.o(.text._Z11UART_Decodej)
    MotorMonitor()                           0x080022ad   Thumb Code    74  user_global.o(.text._Z12MotorMonitorv)
    SendCoreData()                           0x080022f9   Thumb Code    80  user_global.o(.text._Z12SendCoreDatav)
    DataVisualTask(void*)                    0x08002349   Thumb Code    80  user_task.o(.text._Z14DataVisualTaskPv)
    LaunchAllTasks()                         0x08002399   Thumb Code   212  user_task.o(.text._Z14LaunchAllTasksv)
    UsartDecodeTask(void*)                   0x0800246d   Thumb Code    74  user_task.o(.text._Z15UsartDecodeTaskPv)
    CoreDataSendTask(void*)                  0x080024b9   Thumb Code    54  user_task.o(.text._Z16CoreDataSendTaskPv)
    RobotControlTask(void*)                  0x080024f1   Thumb Code    66  user_task.o(.text._Z16RobotControlTaskPv)
    ControlModeUpdate()                      0x08002535   Thumb Code    62  user_global.o(.text._Z17ControlModeUpdatev)
    InitCommunication()                      0x08002575   Thumb Code    92  communication.o(.text._Z17InitCommunicationv)
    RobotStatesUpdate()                      0x080025d1   Thumb Code   204  user_global.o(.text._Z17RobotStatesUpdatev)
    RobotTargetsUpdate()                     0x0800269d   Thumb Code     8  user_global.o(.text._Z18RobotTargetsUpdatev)
    StartCommunication()                     0x080026a5   Thumb Code    62  communication.o(.text._Z18StartCommunicationv)
    Get_CRC16_Check_Sum(unsigned char*, unsigned, unsigned short) 0x080026e5   Thumb Code    52  verify.o(.text._Z19Get_CRC16_Check_SumPhjt)
    GimbalTargetsUpdate()                    0x08002719   Thumb Code   196  user_global.o(.text._Z19GimbalTargetsUpdatev)
    RobotControlExecute()                    0x080027dd   Thumb Code    24  user_global.o(.text._Z19RobotControlExecutev)
    VisualizeGimbalData()                    0x080027f5   Thumb Code   162  user_global.o(.text._Z19VisualizeGimbalDatav)
    UART_GimbalDataDecode(unsigned char*)    0x08002899   Thumb Code    50  uart_protocol.o(.text._Z21UART_GimbalDataDecodePh)
    Append_CRC16_Check_Sum(unsigned char*, unsigned) 0x080028cd   Thumb Code    40  verify.o(.text._Z22Append_CRC16_Check_SumPhj)
    Verify_CRC16_Check_Sum(unsigned char*, unsigned) 0x080028f5   Thumb Code    70  verify.o(.text._Z22Verify_CRC16_Check_SumPhj)
    Sgn(float)                               0x0800293d   Thumb Code    44  common_math.o(.text._Z3Sgnf)
    Clip(float, float, float)                0x08002969   Thumb Code    30  common_math.o(.text._Z4Clipfff)
    LedTask(void*)                           0x08002989   Thumb Code    56  user_task.o(.text._Z7LedTaskPv)
    invSqrt(float)                           0x080029c1   Thumb Code    50  common_math.o(.text._Z7invSqrtf)
    AbsEncoder::AbsEncoder__sub_object(unsigned, unsigned) 0x080029f5   Thumb Code    16  sentry_robot.o(.text._ZN10AbsEncoderC2Ejj)
    CANContext::CanSendMessage()             0x08002a05   Thumb Code    14  can_interface.o(.text._ZN10CANContext14CanSendMessageEv)
    CANContext::CAN_Init(CAN_TypeDef*, unsigned char, unsigned char, unsigned char) 0x08002a15   Thumb Code    20  can_interface.o(.text._ZN10CANContext8CAN_InitEP11CAN_TypeDefhhh)
    SentryRobot::SetGimbalMode(SentryRobot::GimbalMode) 0x08002a29   Thumb Code     4  user_global.o(.text._ZN11SentryRobot13SetGimbalModeENS_10GimbalModeE)
    SentryRobot::InitAllSensors()            0x08002a2d   Thumb Code   160  sentry_robot.o(.text._ZN11SentryRobot14InitAllSensorsEv)
    SentryRobot::InitAllActuators()          0x08002acd   Thumb Code   580  sentry_robot.o(.text._ZN11SentryRobot16InitAllActuatorsEv)
    SentryRobot::SendControlCommand()        0x08002d11   Thumb Code   222  sentry_robot.o(.text._ZN11SentryRobot18SendControlCommandEv)
    SentryRobot::SetGimbalAngleTarget(float, float) 0x08002df1   Thumb Code    14  sentry_robot.o(.text._ZN11SentryRobot20SetGimbalAngleTargetEff)
    SentryRobot::ExecuteGimbalAlgorithm()    0x08002e01   Thumb Code    32  sentry_robot.o(.text._ZN11SentryRobot22ExecuteGimbalAlgorithmEv)
    SentryRobot::Init()                      0x08002e21   Thumb Code    16  sentry_robot.o(.text._ZN11SentryRobot4InitEv)
    SentryRobot::SentryRobot__sub_object()   0x08002e31   Thumb Code     6  user_global.o(.text._ZN11SentryRobotC2Ev)
    Led::ToggleBlue()                        0x08002e39   Thumb Code    18  led.o(.text._ZN3Led10ToggleBlueEv)
    Led::ToggleGreen()                       0x08002e4d   Thumb Code    18  led.o(.text._ZN3Led11ToggleGreenEv)
    Led::ToggleYellow()                      0x08002e61   Thumb Code    18  led.o(.text._ZN3Led12ToggleYellowEv)
    Pid::CalWeakenPID(float)                 0x08002e75   Thumb Code   176  pid.o(.text._ZN3Pid12CalWeakenPIDEf)
    Pid::Pid(float, float, float, float, float, float, float, float) 0x08002f25   Thumb Code    32  pid.o(.text._ZN3PidC2Effffffff)
    Pid::Pid__sub_object(float, float, float, float, float, float, float, float) 0x08002f25   Thumb Code    32  pid.o(.text._ZN3PidC2Effffffff)
    Vofa::SetUartHandle(USART_TypeDef*)      0x08002f45   Thumb Code    34  vofa.o(.text._ZN4Vofa13SetUartHandleEP13USART_TypeDef)
    Vofa::SendData()                         0x08002f69   Thumb Code    10  vofa.o(.text._ZN4Vofa8SendDataEv)
    Vofa::Vofa__sub_object()                 0x08002f75   Thumb Code    34  user_global.o(.text._ZN4VofaC2Ev)
    M3508::AngleControl()                    0x08002f99   Thumb Code    78  m3508.o(.text._ZN5M350812AngleControlEv)
    M3508::M3508__sub_object(CAN_TypeDef*, unsigned, unsigned) 0x08002fe9   Thumb Code    26  sentry_robot.o(.text._ZN5M3508C2EP11CAN_TypeDefjj)
    Usart::USART_Init(unsigned char*, unsigned short, unsigned char*, unsigned short, unsigned char) 0x08003005   Thumb Code   294  usart_interface.o(.text._ZN5Usart10USART_InitEPhtS0_th)
    Usart::USART_Receive()                   0x0800312d   Thumb Code   122  usart_interface.o(.text._ZN5Usart13USART_ReceiveEv)
    Usart::USART_Transmit()                  0x080031a9   Thumb Code    60  usart_interface.o(.text._ZN5Usart14USART_TransmitEv)
    Usart::Usart__sub_object()               0x080031e5   Thumb Code    14  user_global.o(.text._ZN5UsartC2Ev)
    BMI088::AccSelfTest()                    0x080031f5   Thumb Code   498  bmi088.o(.text._ZN6BMI08811AccSelfTestEv)
    BMI088::GyroSelfTest()                   0x080033e9   Thumb Code   164  bmi088.o(.text._ZN6BMI08812GyroSelfTestEv)
    BMI088::GetGyroOffset(bool)              0x0800348d   Thumb Code   148  bmi088.o(.text._ZN6BMI08813GetGyroOffsetEb)
    BMI088::ReadSingleReg(unsigned char, unsigned char*) 0x08003521   Thumb Code    22  bmi088.o(.text._ZN6BMI08813ReadSingleRegEhPh)
    BMI088::UpdataAccData()                  0x08003539   Thumb Code   100  bmi088.o(.text._ZN6BMI08813UpdataAccDataEv)
    BMI088::WriteReadByte(unsigned char)     0x0800359d   Thumb Code    28  bmi088.o(.text._ZN6BMI08813WriteReadByteEh)
    BMI088::UpdataGyroData()                 0x080035b9   Thumb Code   140  bmi088.o(.text._ZN6BMI08814UpdataGyroDataEv)
    BMI088::WriteSingleReg(unsigned char, unsigned char) 0x08003645   Thumb Code    16  bmi088.o(.text._ZN6BMI08814WriteSingleRegEhh)
    BMI088::ReadMultiplyReg(unsigned char, unsigned char*, unsigned char) 0x08003655   Thumb Code    42  bmi088.o(.text._ZN6BMI08815ReadMultiplyRegEhPhh)
    BMI088::UpdataAngleData()                0x08003681   Thumb Code    36  bmi088.o(.text._ZN6BMI08815UpdataAngleDataEv)
    BMI088::ReadAccSingleData(unsigned char, unsigned char*) 0x080036a5   Thumb Code    54  bmi088.o(.text._ZN6BMI08817ReadAccSingleDataEhPh)
    BMI088::ReadGyroSingleData(unsigned char, unsigned char*) 0x080036dd   Thumb Code    40  bmi088.o(.text._ZN6BMI08818ReadGyroSingleDataEhPh)
    BMI088::WriteAccSingleData(unsigned char, unsigned char) 0x08003705   Thumb Code    40  bmi088.o(.text._ZN6BMI08818WriteAccSingleDataEhh)
    BMI088::ReadAccMultiplyData(unsigned char, unsigned char*, unsigned char) 0x0800372d   Thumb Code    56  bmi088.o(.text._ZN6BMI08819ReadAccMultiplyDataEhPhh)
    BMI088::WriteGyroSingleData(unsigned char, unsigned char) 0x08003765   Thumb Code    40  bmi088.o(.text._ZN6BMI08819WriteGyroSingleDataEhh)
    BMI088::ReadGyroMultiplyData(unsigned char, unsigned char*, unsigned char) 0x0800378d   Thumb Code    48  bmi088.o(.text._ZN6BMI08820ReadGyroMultiplyDataEhPhh)
    BMI088::Init(bool)                       0x080037bd   Thumb Code    66  bmi088.o(.text._ZN6BMI0884InitEb)
    BMI088::AccInit()                        0x08003801   Thumb Code   206  bmi088.o(.text._ZN6BMI0887AccInitEv)
    BMI088::GyroInit()                       0x080038d1   Thumb Code   206  bmi088.o(.text._ZN6BMI0888GyroInitEv)
    BMI088::BMI088__sub_object()             0x080039a1   Thumb Code     2  sentry_robot.o(.text._ZN6BMI088C2Ev)
    Gimbal::SetUartHandle(USART_TypeDef*)    0x080039a5   Thumb Code    38  gimbal.o(.text._ZN6Gimbal13SetUartHandleEP13USART_TypeDef)
    Gimbal::SendData()                       0x080039cd   Thumb Code    10  gimbal.o(.text._ZN6Gimbal8SendDataEv)
    Gimbal::Gimbal__sub_object()             0x080039d9   Thumb Code    52  user_global.o(.text._ZN6GimbalC2Ev)
    Kalman::UpdateFilter(float)              0x08003a0d   Thumb Code    50  kalman.o(.text._ZN6Kalman12UpdateFilterEf)
    Kalman::CalPrediction()                  0x08003a41   Thumb Code    30  kalman.o(.text._ZN6Kalman13CalPredictionEv)
    Kalman::GetFilterOutput()                0x08003a61   Thumb Code     6  gm6020.o(.text._ZN6Kalman15GetFilterOutputEv)
    Kalman::CalUpdate()                      0x08003a69   Thumb Code    70  kalman.o(.text._ZN6Kalman9CalUpdateEv)
    Kalman::Kalman(unsigned char, float, float, float, float) 0x08003ab1   Thumb Code    42  kalman.o(.text._ZN6KalmanC2Ehffff)
    Kalman::Kalman__sub_object(unsigned char, float, float, float, float) 0x08003ab1   Thumb Code    42  kalman.o(.text._ZN6KalmanC2Ehffff)
    Mahony::AngleUpdate(const float*, const float*) 0x08003ae1   Thumb Code   888  mahony.o(.text._ZN6Mahony11AngleUpdateEPKfS1_)
    Mahony::Mahony(float, float, float)      0x08003e59   Thumb Code    48  mahony.o(.text._ZN6MahonyC2Efff)
    Mahony::Mahony__sub_object(float, float, float) 0x08003e59   Thumb Code    48  mahony.o(.text._ZN6MahonyC2Efff)
    Adrc_TD::CalAdrcTD(float)                0x08003e89   Thumb Code   238  adrc.o(.text._ZN7Adrc_TD9CalAdrcTDEf)
    Adrc_TD::Adrc_TD(float, float, float, float) 0x08003f79   Thumb Code    24  adrc.o(.text._ZN7Adrc_TDC2Effff)
    Adrc_TD::Adrc_TD__sub_object(float, float, float, float) 0x08003f79   Thumb Code    24  adrc.o(.text._ZN7Adrc_TDC2Effff)
    std::get_new_handler()                   0x08003f91   Thumb Code    12  cxa_handlers.cpp.o(.text._ZSt15get_new_handlerv)
    operator new(unsigned)                   0x08003f9d   Thumb Code    38  new.cpp.o(.text._Znwj)
    bsp_init                                 0x08003ff5   Thumb Code    64  bsp_init.o(.text.bsp_init)
    delay_ms                                 0x08004035   Thumb Code    26  delay.o(.text.delay_ms)
    delay_us                                 0x08004051   Thumb Code    50  delay.o(.text.delay_us)
    main                                     0x08004085   Thumb Code    14  main.o(.text.main)
    pvPortMalloc                             0x08004979   Thumb Code   238  heap_4.o(.text.pvPortMalloc)
    pvTaskIncrementMutexHeldCount            0x08004a69   Thumb Code    24  tasks.o(.text.pvTaskIncrementMutexHeldCount)
    pxPortInitialiseStack                    0x08004a81   Thumb Code    40  port.o(.text.pxPortInitialiseStack)
    uxListRemove                             0x08004aa9   Thumb Code    38  list.o(.text.uxListRemove)
    uxTaskResetEventItemValue                0x08004ad1   Thumb Code    26  tasks.o(.text.uxTaskResetEventItemValue)
    vEventGroupSetBitsCallback               0x08004aed   Thumb Code     8  event_groups.o(.text.vEventGroupSetBitsCallback)
    vListInitialise                          0x08004af5   Thumb Code    22  list.o(.text.vListInitialise)
    vListInitialiseItem                      0x08004b0d   Thumb Code     6  list.o(.text.vListInitialiseItem)
    vListInsert                              0x08004b15   Thumb Code    58  list.o(.text.vListInsert)
    vListInsertEnd                           0x08004b51   Thumb Code    28  list.o(.text.vListInsertEnd)
    vPortEnterCritical                       0x08004b81   Thumb Code    32  port.o(.text.vPortEnterCritical)
    vPortExitCritical                        0x08004ba1   Thumb Code    26  port.o(.text.vPortExitCritical)
    vPortFree                                0x08004bbd   Thumb Code    86  heap_4.o(.text.vPortFree)
    vPortSetupTimerInterrupt                 0x08004c15   Thumb Code    52  port.o(.text.vPortSetupTimerInterrupt)
    vQueueAddToRegistry                      0x08004c49   Thumb Code    40  queue.o(.text.vQueueAddToRegistry)
    vQueueWaitForMessageRestricted           0x08004c71   Thumb Code    68  queue.o(.text.vQueueWaitForMessageRestricted)
    vTaskDelay                               0x08004cb5   Thumb Code    52  tasks.o(.text.vTaskDelay)
    vTaskMissedYield                         0x08004ce9   Thumb Code    14  tasks.o(.text.vTaskMissedYield)
    vTaskPlaceOnEventList                    0x08004cf9   Thumb Code    30  tasks.o(.text.vTaskPlaceOnEventList)
    vTaskPlaceOnEventListRestricted          0x08004d19   Thumb Code    40  tasks.o(.text.vTaskPlaceOnEventListRestricted)
    vTaskPlaceOnUnorderedEventList           0x08004d41   Thumb Code    38  tasks.o(.text.vTaskPlaceOnUnorderedEventList)
    vTaskPriorityInherit                     0x08004d69   Thumb Code   154  tasks.o(.text.vTaskPriorityInherit)
    vTaskSetTimeOutState                     0x08004e05   Thumb Code    26  tasks.o(.text.vTaskSetTimeOutState)
    vTaskStartScheduler                      0x08004e21   Thumb Code   120  tasks.o(.text.vTaskStartScheduler)
    vTaskSuspendAll                          0x08004e99   Thumb Code    16  tasks.o(.text.vTaskSuspendAll)
    vTaskSwitchContext                       0x08004ea9   Thumb Code   108  tasks.o(.text.vTaskSwitchContext)
    xEventGroupCreate                        0x08004f15   Thumb Code    28  event_groups.o(.text.xEventGroupCreate)
    xEventGroupSetBits                       0x08004f31   Thumb Code   126  event_groups.o(.text.xEventGroupSetBits)
    xEventGroupSetBitsFromISR                0x08004fb1   Thumb Code    22  event_groups.o(.text.xEventGroupSetBitsFromISR)
    xEventGroupWaitBits                      0x08004fc9   Thumb Code   176  event_groups.o(.text.xEventGroupWaitBits)
    xPortStartScheduler                      0x08005079   Thumb Code    74  port.o(.text.xPortStartScheduler)
    xPortSysTickHandler                      0x080050c5   Thumb Code    46  port.o(.text.xPortSysTickHandler)
    xQueueGenericCreate                      0x080050f5   Thumb Code    50  queue.o(.text.xQueueGenericCreate)
    xQueueGenericReceive                     0x08005129   Thumb Code   384  queue.o(.text.xQueueGenericReceive)
    xQueueGenericReset                       0x080052a9   Thumb Code   106  queue.o(.text.xQueueGenericReset)
    xQueueGenericSend                        0x08005315   Thumb Code   310  queue.o(.text.xQueueGenericSend)
    xQueueGenericSendFromISR                 0x0800544d   Thumb Code   110  queue.o(.text.xQueueGenericSendFromISR)
    xTaskCheckForTimeOut                     0x080054bd   Thumb Code    88  tasks.o(.text.xTaskCheckForTimeOut)
    xTaskCreate                              0x08005515   Thumb Code    96  tasks.o(.text.xTaskCreate)
    xTaskGetSchedulerState                   0x08005575   Thumb Code    38  tasks.o(.text.xTaskGetSchedulerState)
    xTaskGetTickCount                        0x0800559d   Thumb Code    12  tasks.o(.text.xTaskGetTickCount)
    xTaskIncrementTick                       0x080055a9   Thumb Code   332  tasks.o(.text.xTaskIncrementTick)
    xTaskPriorityDisinherit                  0x080056f5   Thumb Code   126  tasks.o(.text.xTaskPriorityDisinherit)
    xTaskRemoveFromEventList                 0x08005775   Thumb Code   124  tasks.o(.text.xTaskRemoveFromEventList)
    xTaskRemoveFromUnorderedEventList        0x080057f1   Thumb Code   100  tasks.o(.text.xTaskRemoveFromUnorderedEventList)
    xTaskResumeAll                           0x08005855   Thumb Code   256  tasks.o(.text.xTaskResumeAll)
    xTimerCreateTimerTask                    0x08005955   Thumb Code    76  timers.o(.text.xTimerCreateTimerTask)
    xTimerGenericCommand                     0x080059a1   Thumb Code    86  timers.o(.text.xTimerGenericCommand)
    xTimerPendFunctionCallFromISR            0x080059f9   Thumb Code    42  timers.o(.text.xTimerPendFunctionCallFromISR)
    __ARM_fpclassifyf                        0x08005a23   Thumb Code    38  fpclassifyf.o(i.__ARM_fpclassifyf)
    __hardfp_asinf                           0x08005a49   Thumb Code   258  asinf.o(i.__hardfp_asinf)
    __hardfp_atan2f                          0x08005b75   Thumb Code   594  atan2f.o(i.__hardfp_atan2f)
    __hardfp_sqrtf                           0x08005e21   Thumb Code    58  sqrtf.o(i.__hardfp_sqrtf)
    __mathlib_flt_infnan                     0x08005e5b   Thumb Code     6  funder.o(i.__mathlib_flt_infnan)
    __mathlib_flt_infnan2                    0x08005e61   Thumb Code     6  funder.o(i.__mathlib_flt_infnan2)
    __mathlib_flt_invalid                    0x08005e69   Thumb Code    10  funder.o(i.__mathlib_flt_invalid)
    __mathlib_flt_underflow                  0x08005e79   Thumb Code    10  funder.o(i.__mathlib_flt_underflow)
    sqrtf                                    0x08005e89   Thumb Code    62  sqrtf.o(i.sqrtf)
    __aeabi_d2f                              0x08005ec9   Thumb Code     0  d2f.o(x$fpl$d2f)
    _d2f                                     0x08005ec9   Thumb Code    98  d2f.o(x$fpl$d2f)
    __aeabi_dadd                             0x08005f2d   Thumb Code     0  daddsub_clz.o(x$fpl$dadd)
    _dadd                                    0x08005f2d   Thumb Code   332  daddsub_clz.o(x$fpl$dadd)
    __aeabi_dmul                             0x0800607d   Thumb Code     0  dmul.o(x$fpl$dmul)
    _dmul                                    0x0800607d   Thumb Code   332  dmul.o(x$fpl$dmul)
    __fpl_dnaninf                            0x080061d1   Thumb Code   156  dnaninf.o(x$fpl$dnaninf)
    __fpl_dretinf                            0x0800626d   Thumb Code    12  dretinf.o(x$fpl$dretinf)
    __aeabi_dsub                             0x08006279   Thumb Code     0  daddsub_clz.o(x$fpl$dsub)
    _dsub                                    0x08006279   Thumb Code   464  daddsub_clz.o(x$fpl$dsub)
    __aeabi_f2d                              0x0800644d   Thumb Code     0  f2d.o(x$fpl$f2d)
    _f2d                                     0x0800644d   Thumb Code    86  f2d.o(x$fpl$f2d)
    __fpl_fnaninf                            0x080064a3   Thumb Code   140  fnaninf.o(x$fpl$fnaninf)
    _fp_init                                 0x0800652f   Thumb Code    26  fpinit.o(x$fpl$fpinit)
    __fplib_config_fpu_vfp                   0x08006547   Thumb Code     0  fpinit.o(x$fpl$fpinit)
    __fplib_config_pureend_doubles           0x08006547   Thumb Code     0  fpinit.o(x$fpl$fpinit)
    __fpl_fretinf                            0x08006549   Thumb Code    10  fretinf.o(x$fpl$fretinf)
    __I$use$fp                               0x08006552   Number         0  usenofp.o(x$fpl$usenofp)
    Region$$Table$$Base                      0x080067a0   Number         0  anon$$obj.o(Region$$Table)
    Region$$Table$$Limit                     0x080067c0   Number         0  anon$$obj.o(Region$$Table)
    SHT$$INIT_ARRAY$$Base                    0x080067c0   Number         0  user_global.o(.init_array)
    SHT$$INIT_ARRAY$$Limit                   0x080067c4   Number         0  init_aeabi.o(.init_array)
    CRC16_INIT                               0x20000000   Data           2  verify.o(.data.CRC16_INIT)
    SystemCoreClock                          0x20000004   Data           4  system_stm32f4xx.o(.data.SystemCoreClock)
    __libspace_start                         0x20000010   Data          96  libspace.o(.bss)
    Clear_IT                                 0x20000070   Data           2  user_callback.o(.bss.Clear_IT)
    __temporary_stack_top$libspace           0x20000070   Data           0  libspace.o(.bss)
    CoreDataSendTask_Handler                 0x20000074   Data           4  user_task.o(.bss.CoreDataSendTask_Handler)
    DataVisualTask_Handler                   0x20000078   Data           4  user_task.o(.bss.DataVisualTask_Handler)
    G_gimbal                                 0x2000007c   Data         108  user_global.o(.bss.G_gimbal)
    G_led                                    0x200000e8   Data           1  user_global.o(.bss.G_led)
    G_sentry                                 0x200000ec   Data          36  user_global.o(.bss.G_sentry)
    G_system_monitor                         0x20000110   Data         148  user_global.o(.bss.G_system_monitor)
    G_vofa                                   0x200001a4   Data          92  user_global.o(.bss.G_vofa)
    LedTask_Handler                          0x20000200   Data           4  user_task.o(.bss.LedTask_Handler)
    RobotControlTask_Handler                 0x20000204   Data           4  user_task.o(.bss.RobotControlTask_Handler)
    UA1RxDMAbuf                              0x20000208   Data          50  usart_interface.o(.bss.UA1RxDMAbuf)
    UA2RxDMAbuf                              0x2000023a   Data         500  usart_interface.o(.bss.UA2RxDMAbuf)
    UA3RxDMAbuf                              0x2000042e   Data         500  usart_interface.o(.bss.UA3RxDMAbuf)
    UA4RxDMAbuf                              0x20000622   Data         500  usart_interface.o(.bss.UA4RxDMAbuf)
    UA5RxDMAbuf                              0x20000816   Data         500  usart_interface.o(.bss.UA5RxDMAbuf)
    UA6RxDMAbuf                              0x20000a0a   Data         500  usart_interface.o(.bss.UA6RxDMAbuf)
    USARTHandler                             0x20000c00   Data           4  user_task.o(.bss.USARTHandler)
    UsartDecodeTask_Handler                  0x20000c04   Data           4  user_task.o(.bss.UsartDecodeTask_Handler)
    __cxa_new_handler                        0x20000c24   Data           4  cxa_handlers.cpp.o(.bss.__cxa_new_handler)
    can1_context                             0x20000c28   Data          44  can_interface.o(.bss.can1_context)
    can2_context                             0x20000c54   Data          44  can_interface.o(.bss.can2_context)
    pxCurrentTCB                             0x20000c84   Data           4  tasks.o(.bss.pxCurrentTCB)
    servoInitAngle                           0x20000f1c   Data           4  tim.o(.bss.servoInitAngle)
    xQueueRegistry                           0x20013bb4   Data          64  queue.o(.bss.xQueueRegistry)



==============================================================================

Memory Map of the image

  Image Entry point : 0x08000189

  Load Region LR_IROM1 (Base: 0x08000000, Size: 0x000067d8, Max: 0x00100000, ABSOLUTE)

    Execution Region ER_IROM1 (Exec base: 0x08000000, Load base: 0x08000000, Size: 0x000067c4, Max: 0x00100000, ABSOLUTE)

    Exec Addr    Load Addr    Size         Type   Attr      Idx    E Section Name        Object

    0x08000000   0x08000000   0x00000188   Data   RO         2546    RESET               startup_stm32f40_41xxx.o
    0x08000188   0x08000188   0x00000008   Code   RO         2718  * !!!main             c_w.l(__main.o)
    0x08000190   0x08000190   0x00000034   Code   RO         3162    !!!scatter          c_w.l(__scatter.o)
    0x080001c4   0x080001c4   0x0000001a   Code   RO         3164    !!handler_copy      c_w.l(__scatter_copy.o)
    0x080001de   0x080001de   0x00000002   PAD
    0x080001e0   0x080001e0   0x0000001c   Code   RO         3166    !!handler_zi        c_w.l(__scatter_zi.o)
    0x080001fc   0x080001fc   0x00000002   Code   RO         3100    .ARM.Collect$$libinit$$00000000  c_w.l(libinit.o)
    0x080001fe   0x080001fe   0x00000004   Code   RO         2892    .ARM.Collect$$libinit$$00000001  c_w.l(libinit2.o)
    0x08000202   0x08000202   0x00000000   Code   RO         2895    .ARM.Collect$$libinit$$00000004  c_w.l(libinit2.o)
    0x08000202   0x08000202   0x00000008   Code   RO         2896    .ARM.Collect$$libinit$$00000005  c_w.l(libinit2.o)
    0x0800020a   0x0800020a   0x00000000   Code   RO         2898    .ARM.Collect$$libinit$$0000000A  c_w.l(libinit2.o)
    0x0800020a   0x0800020a   0x00000000   Code   RO         2900    .ARM.Collect$$libinit$$0000000C  c_w.l(libinit2.o)
    0x0800020a   0x0800020a   0x00000000   Code   RO         2902    .ARM.Collect$$libinit$$0000000E  c_w.l(libinit2.o)
    0x0800020a   0x0800020a   0x00000000   Code   RO         2905    .ARM.Collect$$libinit$$00000011  c_w.l(libinit2.o)
    0x0800020a   0x0800020a   0x00000000   Code   RO         2907    .ARM.Collect$$libinit$$00000013  c_w.l(libinit2.o)
    0x0800020a   0x0800020a   0x00000000   Code   RO         2909    .ARM.Collect$$libinit$$00000015  c_w.l(libinit2.o)
    0x0800020a   0x0800020a   0x00000000   Code   RO         2911    .ARM.Collect$$libinit$$00000017  c_w.l(libinit2.o)
    0x0800020a   0x0800020a   0x00000000   Code   RO         2913    .ARM.Collect$$libinit$$00000019  c_w.l(libinit2.o)
    0x0800020a   0x0800020a   0x00000000   Code   RO         2915    .ARM.Collect$$libinit$$0000001B  c_w.l(libinit2.o)
    0x0800020a   0x0800020a   0x00000000   Code   RO         2917    .ARM.Collect$$libinit$$0000001D  c_w.l(libinit2.o)
    0x0800020a   0x0800020a   0x00000000   Code   RO         2919    .ARM.Collect$$libinit$$0000001F  c_w.l(libinit2.o)
    0x0800020a   0x0800020a   0x00000000   Code   RO         2921    .ARM.Collect$$libinit$$00000021  c_w.l(libinit2.o)
    0x0800020a   0x0800020a   0x00000000   Code   RO         2923    .ARM.Collect$$libinit$$00000023  c_w.l(libinit2.o)
    0x0800020a   0x0800020a   0x00000000   Code   RO         2925    .ARM.Collect$$libinit$$00000025  c_w.l(libinit2.o)
    0x0800020a   0x0800020a   0x00000000   Code   RO         2929    .ARM.Collect$$libinit$$0000002C  c_w.l(libinit2.o)
    0x0800020a   0x0800020a   0x00000000   Code   RO         2931    .ARM.Collect$$libinit$$0000002E  c_w.l(libinit2.o)
    0x0800020a   0x0800020a   0x00000000   Code   RO         2933    .ARM.Collect$$libinit$$00000030  c_w.l(libinit2.o)
    0x0800020a   0x0800020a   0x00000004   Code   RO         2934    .ARM.Collect$$libinit$$00000031  c_w.l(libinit2.o)
    0x0800020e   0x0800020e   0x00000000   Code   RO         2935    .ARM.Collect$$libinit$$00000032  c_w.l(libinit2.o)
    0x0800020e   0x0800020e   0x00000002   Code   RO         2936    .ARM.Collect$$libinit$$00000033  c_w.l(libinit2.o)
    0x08000210   0x08000210   0x00000002   Code   RO         3160    .ARM.Collect$$libshutdown$$00000000  c_w.l(libshutdown.o)
    0x08000212   0x08000212   0x00000000   Code   RO         3129    .ARM.Collect$$libshutdown$$00000002  c_w.l(libshutdown2.o)
    0x08000212   0x08000212   0x00000000   Code   RO         3131    .ARM.Collect$$libshutdown$$00000004  c_w.l(libshutdown2.o)
    0x08000212   0x08000212   0x00000000   Code   RO         3134    .ARM.Collect$$libshutdown$$00000007  c_w.l(libshutdown2.o)
    0x08000212   0x08000212   0x00000000   Code   RO         3137    .ARM.Collect$$libshutdown$$0000000A  c_w.l(libshutdown2.o)
    0x08000212   0x08000212   0x00000000   Code   RO         3139    .ARM.Collect$$libshutdown$$0000000C  c_w.l(libshutdown2.o)
    0x08000212   0x08000212   0x00000000   Code   RO         3142    .ARM.Collect$$libshutdown$$0000000F  c_w.l(libshutdown2.o)
    0x08000212   0x08000212   0x00000002   Code   RO         3143    .ARM.Collect$$libshutdown$$00000010  c_w.l(libshutdown2.o)
    0x08000214   0x08000214   0x00000000   Code   RO         2819    .ARM.Collect$$rtentry$$00000000  c_w.l(__rtentry.o)
    0x08000214   0x08000214   0x00000000   Code   RO         2992    .ARM.Collect$$rtentry$$00000002  c_w.l(__rtentry2.o)
    0x08000214   0x08000214   0x00000006   Code   RO         3004    .ARM.Collect$$rtentry$$00000004  c_w.l(__rtentry4.o)
    0x0800021a   0x0800021a   0x00000000   Code   RO         2994    .ARM.Collect$$rtentry$$00000009  c_w.l(__rtentry2.o)
    0x0800021a   0x0800021a   0x00000004   Code   RO         2995    .ARM.Collect$$rtentry$$0000000A  c_w.l(__rtentry2.o)
    0x0800021e   0x0800021e   0x00000000   Code   RO         2997    .ARM.Collect$$rtentry$$0000000C  c_w.l(__rtentry2.o)
    0x0800021e   0x0800021e   0x00000008   Code   RO         2998    .ARM.Collect$$rtentry$$0000000D  c_w.l(__rtentry2.o)
    0x08000226   0x08000226   0x00000002   Code   RO         3101    .ARM.Collect$$rtexit$$00000000  c_w.l(rtexit.o)
    0x08000228   0x08000228   0x00000000   Code   RO         3116    .ARM.Collect$$rtexit$$00000002  c_w.l(rtexit2.o)
    0x08000228   0x08000228   0x00000004   Code   RO         3117    .ARM.Collect$$rtexit$$00000003  c_w.l(rtexit2.o)
    0x0800022c   0x0800022c   0x00000006   Code   RO         3118    .ARM.Collect$$rtexit$$00000004  c_w.l(rtexit2.o)
    0x08000232   0x08000232   0x00000002   PAD
    0x08000234   0x08000234   0x00000040   Code   RO         2547    .text               startup_stm32f40_41xxx.o
    0x08000274   0x08000274   0x0000008a   Code   RO         2708    .text               c_w.l(rt_memcpy_v6.o)
    0x080002fe   0x080002fe   0x00000010   Code   RO         2710    .text               c_w.l(aeabi_memset4.o)
    0x0800030e   0x0800030e   0x00000044   Code   RO         2712    .text               c_w.l(rt_memclr.o)
    0x08000352   0x08000352   0x0000004e   Code   RO         2714    .text               c_w.l(rt_memclr_w.o)
    0x080003a0   0x080003a0   0x00000006   Code   RO         2716    .text               c_w.l(heapauxi.o)
    0x080003a6   0x080003a6   0x00000002   PAD
    0x080003a8   0x080003a8   0x00000024   Code   RO         2723    .text               c_w.l(init_aeabi.o)
    0x080003cc   0x080003cc   0x0000005e   Code   RO         2824    .text               c_w.l(h1_alloc.o)
    0x0800042a   0x0800042a   0x0000004e   Code   RO         2826    .text               c_w.l(h1_free.o)
    0x08000478   0x08000478   0x00000016   Code   RO         2886    .text               c_w.l(_rserrno.o)
    0x0800048e   0x0800048e   0x00000064   Code   RO         2890    .text               c_w.l(rt_memcpy_w.o)
    0x080004f2   0x080004f2   0x00000002   PAD
    0x080004f4   0x080004f4   0x0000000c   Code   RO         2985    .text               c_w.l(sys_exit.o)
    0x08000500   0x08000500   0x00000008   Code   RO         3009    .text               c_w.l(rt_heap_descriptor_intlibspace.o)
    0x08000508   0x08000508   0x00000008   Code   RO         3014    .text               c_w.l(rt_errno_addr_intlibspace.o)
    0x08000510   0x08000510   0x00000004   Code   RO         3016    .text               c_w.l(hguard.o)
    0x08000514   0x08000514   0x0000008a   Code   RO         3018    .text               c_w.l(init_alloc.o)
    0x0800059e   0x0800059e   0x0000000e   Code   RO         3022    .text               c_w.l(h1_init.o)
    0x080005ac   0x080005ac   0x00000008   Code   RO         3060    .text               c_w.l(libspace.o)
    0x080005b4   0x080005b4   0x00000002   Code   RO         3063    .text               c_w.l(use_no_semi.o)
    0x080005b6   0x080005b6   0x00000000   Code   RO         3065    .text               c_w.l(indicate_semi.o)
    0x080005b6   0x080005b6   0x0000004a   Code   RO         3066    .text               c_w.l(sys_stackheap_outer.o)
    0x08000600   0x08000600   0x00000000   Code   RO         3072    .text               c_w.l(maybetermalloc1.o)
    0x08000600   0x08000600   0x00000034   Code   RO         3074    .text               c_w.l(h1_extend.o)
    0x08000634   0x08000634   0x00000012   Code   RO         3078    .text               c_w.l(exit.o)
    0x08000646   0x08000646   0x0000000a   Code   RO         3080    .text               c_w.l(defsig_exit.o)
    0x08000650   0x08000650   0x0000000e   Code   RO         3084    .text               c_w.l(defsig_rtmem_outer.o)
    0x0800065e   0x0800065e   0x00000032   Code   RO         3107    .text               c_w.l(defsig_general.o)
    0x08000690   0x08000690   0x00000050   Code   RO         3109    .text               c_w.l(defsig_rtmem_inner.o)
    0x080006e0   0x080006e0   0x0000000e   Code   RO         3111    .text               c_w.l(sys_wrch.o)
    0x080006ee   0x080006ee   0x00000002   PAD
    0x080006f0   0x080006f0   0x000000b2   Code   RO          156    .text.CAN1_Configuration  can.o
    0x080007a2   0x080007a2   0x00000002   PAD
    0x080007a4   0x080007a4   0x00000010   Code   RO          258    .text.CAN1_RX0_IRQHandler  stm32f4xx_it.o
    0x080007b4   0x080007b4   0x00000002   Code   RO          256    .text.CAN1_TX_IRQHandler  stm32f4xx_it.o
    0x080007b6   0x080007b6   0x00000002   PAD
    0x080007b8   0x080007b8   0x000000bc   Code   RO          158    .text.CAN2_Configuration  can.o
    0x08000874   0x08000874   0x00000010   Code   RO          262    .text.CAN2_RX0_IRQHandler  stm32f4xx_it.o
    0x08000884   0x08000884   0x00000002   Code   RO          260    .text.CAN2_TX_IRQHandler  stm32f4xx_it.o
    0x08000886   0x08000886   0x00000002   PAD
    0x08000888   0x08000888   0x000000aa   Code   RO          439    .text.CAN_ClearITPendingBit  stm32f4xx_can.o
    0x08000932   0x08000932   0x00000002   PAD
    0x08000934   0x08000934   0x00000028   Code   RO          391    .text.CAN_DeInit    stm32f4xx_can.o
    0x0800095c   0x0800095c   0x000000ac   Code   RO          395    .text.CAN_FilterInit  stm32f4xx_can.o
    0x08000a08   0x08000a08   0x00000108   Code   RO          435    .text.CAN_GetITStatus  stm32f4xx_can.o
    0x08000b10   0x08000b10   0x00000010   Code   RO          429    .text.CAN_ITConfig  stm32f4xx_can.o
    0x08000b20   0x08000b20   0x00000102   Code   RO          393    .text.CAN_Init      stm32f4xx_can.o
    0x08000c22   0x08000c22   0x00000002   PAD
    0x08000c24   0x08000c24   0x000000a0   Code   RO          411    .text.CAN_Receive   stm32f4xx_can.o
    0x08000cc4   0x08000cc4   0x00000014   Code   RO          397    .text.CAN_StructInit  stm32f4xx_can.o
    0x08000cd8   0x08000cd8   0x000000a2   Code   RO          405    .text.CAN_Transmit  stm32f4xx_can.o
    0x08000d7a   0x08000d7a   0x00000002   PAD
    0x08000d7c   0x08000d7c   0x00000008   Code   RO          437    .text.CheckITStatus  stm32f4xx_can.o
    0x08000d84   0x08000d84   0x00000032   Code   RO          692    .text.DMA_ClearITPendingBit  stm32f4xx_dma.o
    0x08000db6   0x08000db6   0x00000002   PAD
    0x08000db8   0x08000db8   0x00000012   Code   RO          662    .text.DMA_Cmd       stm32f4xx_dma.o
    0x08000dca   0x08000dca   0x00000002   PAD
    0x08000dcc   0x08000dcc   0x00000258   Code   RO          656    .text.DMA_DeInit    stm32f4xx_dma.o
    0x08001024   0x08001024   0x00000008   Code   RO          680    .text.DMA_GetCmdStatus  stm32f4xx_dma.o
    0x0800102c   0x0800102c   0x00000006   Code   RO          670    .text.DMA_GetCurrDataCounter  stm32f4xx_dma.o
    0x08001032   0x08001032   0x00000002   PAD
    0x08001034   0x08001034   0x00000034   Code   RO          688    .text.DMA_ITConfig  stm32f4xx_dma.o
    0x08001068   0x08001068   0x00000066   Code   RO          658    .text.DMA_Init      stm32f4xx_dma.o
    0x080010ce   0x080010ce   0x00000002   PAD
    0x080010d0   0x080010d0   0x00000052   Code   RO          179    .text.GPIO_Configure  gpio.o
    0x08001122   0x08001122   0x00000002   PAD
    0x08001124   0x08001124   0x00000086   Code   RO          919    .text.GPIO_Init     stm32f4xx_gpio.o
    0x080011aa   0x080011aa   0x00000002   PAD
    0x080011ac   0x080011ac   0x00000028   Code   RO          943    .text.GPIO_PinAFConfig  stm32f4xx_gpio.o
    0x080011d4   0x080011d4   0x00000004   Code   RO          935    .text.GPIO_ResetBits  stm32f4xx_gpio.o
    0x080011d8   0x080011d8   0x00000004   Code   RO          933    .text.GPIO_SetBits  stm32f4xx_gpio.o
    0x080011dc   0x080011dc   0x00000002   Code   RO          264    .text.HardFault_Handler  stm32f4xx_it.o
    0x080011de   0x080011de   0x00000002   PAD
    0x080011e0   0x080011e0   0x00000062   Code   RO          291    .text.NVIC_Init     misc.o
    0x08001242   0x08001242   0x00000002   PAD
    0x08001244   0x08001244   0x00000014   Code   RO          289    .text.NVIC_PriorityGroupConfig  misc.o
    0x08001258   0x08001258   0x00000008   PAD
    0x08001260   0x08001260   0x00000064   Code   RO         2353    .text.PendSV_Handler  port.o
    0x080012c4   0x080012c4   0x00000018   Code   RO         1295    .text.RCC_AHB1PeriphClockCmd  stm32f4xx_rcc.o
    0x080012dc   0x080012dc   0x00000018   Code   RO         1297    .text.RCC_AHB2PeriphClockCmd  stm32f4xx_rcc.o
    0x080012f4   0x080012f4   0x00000018   Code   RO         1301    .text.RCC_APB1PeriphClockCmd  stm32f4xx_rcc.o
    0x0800130c   0x0800130c   0x00000018   Code   RO         1311    .text.RCC_APB1PeriphResetCmd  stm32f4xx_rcc.o
    0x08001324   0x08001324   0x00000018   Code   RO         1303    .text.RCC_APB2PeriphClockCmd  stm32f4xx_rcc.o
    0x0800133c   0x0800133c   0x00000018   Code   RO         1313    .text.RCC_APB2PeriphResetCmd  stm32f4xx_rcc.o
    0x08001354   0x08001354   0x00000096   Code   RO         1273    .text.RCC_GetClocksFreq  stm32f4xx_rcc.o
    0x080013ea   0x080013ea   0x00000002   PAD
    0x080013ec   0x080013ec   0x00000012   Code   RO         1627    .text.SPI_Cmd       stm32f4xx_spi.o
    0x080013fe   0x080013fe   0x00000002   PAD
    0x08001400   0x08001400   0x000000fa   Code   RO          196    .text.SPI_Configuration  spi.o
    0x080014fa   0x080014fa   0x00000002   PAD
    0x080014fc   0x080014fc   0x000000ca   Code   RO         1617    .text.SPI_I2S_DeInit  stm32f4xx_spi.o
    0x080015c6   0x080015c6   0x00000002   PAD
    0x080015c8   0x080015c8   0x00000046   Code   RO         1619    .text.SPI_Init      stm32f4xx_spi.o
    0x0800160e   0x0800160e   0x00000002   PAD
    0x08001610   0x08001610   0x00000024   Code   RO         2337    .text.SVC_Handler   port.o
    0x08001634   0x08001634   0x000000be   Code   RO          275    .text.SetSysClock   system_stm32f4xx.o
    0x080016f2   0x080016f2   0x00000002   PAD
    0x080016f4   0x080016f4   0x0000001a   Code   RO          297    .text.SysTick_CLKSourceConfig  misc.o
    0x0800170e   0x0800170e   0x00000002   PAD
    0x08001710   0x08001710   0x0000002c   Code   RO          187    .text.SysTick_Configuration  systick.o
    0x0800173c   0x0800173c   0x00000008   Code   RO          242    .text.SysTick_Handler  stm32f4xx_it.o
    0x08001744   0x08001744   0x00000056   Code   RO          273    .text.SystemInit    system_stm32f4xx.o
    0x0800179a   0x0800179a   0x00000002   PAD
    0x0800179c   0x0800179c   0x000000dc   Code   RO          204    .text.TIM4_Configuration  tim.o
    0x08001878   0x08001878   0x00000038   Code   RO          206    .text.TIM5_Configuration  tim.o
    0x080018b0   0x080018b0   0x00000012   Code   RO         1719    .text.TIM_ARRPreloadConfig  stm32f4xx_tim.o
    0x080018c2   0x080018c2   0x00000002   PAD
    0x080018c4   0x080018c4   0x00000012   Code   RO         1725    .text.TIM_Cmd       stm32f4xx_tim.o
    0x080018d6   0x080018d6   0x00000002   PAD
    0x080018d8   0x080018d8   0x00000018   Code   RO         1831    .text.TIM_CtrlPWMOutputs  stm32f4xx_tim.o
    0x080018f0   0x080018f0   0x00000072   Code   RO         1731    .text.TIM_OC3Init   stm32f4xx_tim.o
    0x08001962   0x08001962   0x00000002   PAD
    0x08001964   0x08001964   0x0000000c   Code   RO         1759    .text.TIM_OC3PreloadConfig  stm32f4xx_tim.o
    0x08001970   0x08001970   0x00000054   Code   RO         1733    .text.TIM_OC4Init   stm32f4xx_tim.o
    0x080019c4   0x080019c4   0x0000000e   Code   RO         1761    .text.TIM_OC4PreloadConfig  stm32f4xx_tim.o
    0x080019d2   0x080019d2   0x00000002   PAD
    0x080019d4   0x080019d4   0x00000092   Code   RO         1699    .text.TIM_TimeBaseInit  stm32f4xx_tim.o
    0x08001a66   0x08001a66   0x00000002   PAD
    0x08001a68   0x08001a68   0x00000010   Code   RO          250    .text.UART4_IRQHandler  stm32f4xx_it.o
    0x08001a78   0x08001a78   0x00000010   Code   RO          252    .text.UART5_IRQHandler  stm32f4xx_it.o
    0x08001a88   0x08001a88   0x00000010   Code   RO          244    .text.USART1_IRQHandler  stm32f4xx_it.o
    0x08001a98   0x08001a98   0x00000146   Code   RO          218    .text.USART2_Configuration  usart.o
    0x08001bde   0x08001bde   0x00000002   PAD
    0x08001be0   0x08001be0   0x00000010   Code   RO          246    .text.USART2_IRQHandler  stm32f4xx_it.o
    0x08001bf0   0x08001bf0   0x0000014a   Code   RO          220    .text.USART3_Configuration  usart.o
    0x08001d3a   0x08001d3a   0x00000002   PAD
    0x08001d3c   0x08001d3c   0x00000010   Code   RO          248    .text.USART3_IRQHandler  stm32f4xx_it.o
    0x08001d4c   0x08001d4c   0x00000146   Code   RO          224    .text.USART6_Configuration  usart.o
    0x08001e92   0x08001e92   0x00000002   PAD
    0x08001e94   0x08001e94   0x00000010   Code   RO          254    .text.USART6_IRQHandler  stm32f4xx_it.o
    0x08001ea4   0x08001ea4   0x00000012   Code   RO         1899    .text.USART_Cmd     stm32f4xx_usart.o
    0x08001eb6   0x08001eb6   0x00000002   PAD
    0x08001eb8   0x08001eb8   0x00000010   Code   RO         1935    .text.USART_DMACmd  stm32f4xx_usart.o
    0x08001ec8   0x08001ec8   0x0000003a   Code   RO         1943    .text.USART_GetITStatus  stm32f4xx_usart.o
    0x08001f02   0x08001f02   0x00000002   PAD
    0x08001f04   0x08001f04   0x0000002e   Code   RO         1937    .text.USART_ITConfig  stm32f4xx_usart.o
    0x08001f32   0x08001f32   0x00000002   PAD
    0x08001f34   0x08001f34   0x000000b6   Code   RO         1891    .text.USART_Init    stm32f4xx_usart.o
    0x08001fea   0x08001fea   0x00000002   PAD
    0x08001fec   0x08001fec   0x0000001c   Code   RO         2666    .text.UserMain      user_main.o
    0x08002008   0x08002008   0x0000007a   Code   RO         2559    .text.User_CAN_RX_Callback  user_callback.o
    0x08002082   0x08002082   0x00000002   PAD
    0x08002084   0x08002084   0x0000009e   Code   RO         2553    .text.User_SysTickCallback  user_callback.o
    0x08002122   0x08002122   0x00000002   PAD
    0x08002124   0x08002124   0x00000088   Code   RO         2557    .text.User_UART_Fps_Update  user_callback.o
    0x080021ac   0x080021ac   0x00000082   Code   RO         2555    .text.User_UART_RX_Callback  user_callback.o
    0x0800222e   0x0800222e   0x00000002   PAD
    0x08002230   0x08002230   0x00000010   Code   RO         2594    .text._GLOBAL__sub_I_user_global.cpp  user_global.o
    0x08002240   0x08002240   0x00000002   Code   RO         2623    .text._Z10CAN_DecodeP10CANContext  can_protocol.o
    0x08002242   0x08002242   0x00000002   PAD
    0x08002244   0x08002244   0x0000002e   Code   RO         2590    .text._Z10GimbalTestv  user_global.o
    0x08002272   0x08002272   0x00000002   PAD
    0x08002274   0x08002274   0x00000036   Code   RO         2631    .text._Z11UART_Decodej  uart_protocol.o
    0x080022aa   0x080022aa   0x00000002   PAD
    0x080022ac   0x080022ac   0x0000004a   Code   RO         2576    .text._Z12MotorMonitorv  user_global.o
    0x080022f6   0x080022f6   0x00000002   PAD
    0x080022f8   0x080022f8   0x00000050   Code   RO         2580    .text._Z12SendCoreDatav  user_global.o
    0x08002348   0x08002348   0x00000050   Code   RO         2678    .text._Z14DataVisualTaskPv  user_task.o
    0x08002398   0x08002398   0x000000d4   Code   RO         2674    .text._Z14LaunchAllTasksv  user_task.o
    0x0800246c   0x0800246c   0x0000004a   Code   RO         2682    .text._Z15UsartDecodeTaskPv  user_task.o
    0x080024b6   0x080024b6   0x00000002   PAD
    0x080024b8   0x080024b8   0x00000036   Code   RO         2684    .text._Z16CoreDataSendTaskPv  user_task.o
    0x080024ee   0x080024ee   0x00000002   PAD
    0x080024f0   0x080024f0   0x00000042   Code   RO         2680    .text._Z16RobotControlTaskPv  user_task.o
    0x08002532   0x08002532   0x00000002   PAD
    0x08002534   0x08002534   0x0000003e   Code   RO         2582    .text._Z17ControlModeUpdatev  user_global.o
    0x08002572   0x08002572   0x00000002   PAD
    0x08002574   0x08002574   0x0000005c   Code   RO           65    .text._Z17InitCommunicationv  communication.o
    0x080025d0   0x080025d0   0x000000cc   Code   RO         2584    .text._Z17RobotStatesUpdatev  user_global.o
    0x0800269c   0x0800269c   0x00000008   Code   RO         2586    .text._Z18RobotTargetsUpdatev  user_global.o
    0x080026a4   0x080026a4   0x0000003e   Code   RO           67    .text._Z18StartCommunicationv  communication.o
    0x080026e2   0x080026e2   0x00000002   PAD
    0x080026e4   0x080026e4   0x00000034   Code   RO         2649    .text._Z19Get_CRC16_Check_SumPhjt  verify.o
    0x08002718   0x08002718   0x000000c4   Code   RO         2588    .text._Z19GimbalTargetsUpdatev  user_global.o
    0x080027dc   0x080027dc   0x00000018   Code   RO         2592    .text._Z19RobotControlExecutev  user_global.o
    0x080027f4   0x080027f4   0x000000a2   Code   RO         2578    .text._Z19VisualizeGimbalDatav  user_global.o
    0x08002896   0x08002896   0x00000002   PAD
    0x08002898   0x08002898   0x00000032   Code   RO         2633    .text._Z21UART_GimbalDataDecodePh  uart_protocol.o
    0x080028ca   0x080028ca   0x00000002   PAD
    0x080028cc   0x080028cc   0x00000028   Code   RO         2653    .text._Z22Append_CRC16_Check_SumPhj  verify.o
    0x080028f4   0x080028f4   0x00000046   Code   RO         2651    .text._Z22Verify_CRC16_Check_SumPhj  verify.o
    0x0800293a   0x0800293a   0x00000002   PAD
    0x0800293c   0x0800293c   0x0000002c   Code   RO         2440    .text._Z3Sgnf       common_math.o
    0x08002968   0x08002968   0x0000001e   Code   RO         2442    .text._Z4Clipfff    common_math.o
    0x08002986   0x08002986   0x00000002   PAD
    0x08002988   0x08002988   0x00000038   Code   RO         2676    .text._Z7LedTaskPv  user_task.o
    0x080029c0   0x080029c0   0x00000032   Code   RO         2444    .text._Z7invSqrtf   common_math.o
    0x080029f2   0x080029f2   0x00000002   PAD
    0x080029f4   0x080029f4   0x00000010   Code   RO         2540    .text._ZN10AbsEncoderC2Ejj  sentry_robot.o
    0x08002a04   0x08002a04   0x0000000e   Code   RO           53    .text._ZN10CANContext14CanSendMessageEv  can_interface.o
    0x08002a12   0x08002a12   0x00000002   PAD
    0x08002a14   0x08002a14   0x00000014   Code   RO           51    .text._ZN10CANContext8CAN_InitEP11CAN_TypeDefhhh  can_interface.o
    0x08002a28   0x08002a28   0x00000004   Code   RO         2618    .text._ZN11SentryRobot13SetGimbalModeENS_10GimbalModeE  user_global.o
    0x08002a2c   0x08002a2c   0x000000a0   Code   RO         2523    .text._ZN11SentryRobot14InitAllSensorsEv  sentry_robot.o
    0x08002acc   0x08002acc   0x00000244   Code   RO         2521    .text._ZN11SentryRobot16InitAllActuatorsEv  sentry_robot.o
    0x08002d10   0x08002d10   0x000000de   Code   RO         2529    .text._ZN11SentryRobot18SendControlCommandEv  sentry_robot.o
    0x08002dee   0x08002dee   0x00000002   PAD
    0x08002df0   0x08002df0   0x0000000e   Code   RO         2525    .text._ZN11SentryRobot20SetGimbalAngleTargetEff  sentry_robot.o
    0x08002dfe   0x08002dfe   0x00000002   PAD
    0x08002e00   0x08002e00   0x00000020   Code   RO         2527    .text._ZN11SentryRobot22ExecuteGimbalAlgorithmEv  sentry_robot.o
    0x08002e20   0x08002e20   0x00000010   Code   RO         2519    .text._ZN11SentryRobot4InitEv  sentry_robot.o
    0x08002e30   0x08002e30   0x00000006   Code   RO         2616    .text._ZN11SentryRobotC2Ev  user_global.o
    0x08002e36   0x08002e36   0x00000002   PAD
    0x08002e38   0x08002e38   0x00000012   Code   RO          122    .text._ZN3Led10ToggleBlueEv  led.o
    0x08002e4a   0x08002e4a   0x00000002   PAD
    0x08002e4c   0x08002e4c   0x00000012   Code   RO          118    .text._ZN3Led11ToggleGreenEv  led.o
    0x08002e5e   0x08002e5e   0x00000002   PAD
    0x08002e60   0x08002e60   0x00000012   Code   RO          126    .text._ZN3Led12ToggleYellowEv  led.o
    0x08002e72   0x08002e72   0x00000002   PAD
    0x08002e74   0x08002e74   0x000000b0   Code   RO         2495    .text._ZN3Pid12CalWeakenPIDEf  pid.o
    0x08002f24   0x08002f24   0x00000020   Code   RO         2493    .text._ZN3PidC2Effffffff  pid.o
    0x08002f44   0x08002f44   0x00000022   Code   RO          136    .text._ZN4Vofa13SetUartHandleEP13USART_TypeDef  vofa.o
    0x08002f66   0x08002f66   0x00000002   PAD
    0x08002f68   0x08002f68   0x0000000a   Code   RO          138    .text._ZN4Vofa8SendDataEv  vofa.o
    0x08002f72   0x08002f72   0x00000002   PAD
    0x08002f74   0x08002f74   0x00000022   Code   RO         2612    .text._ZN4VofaC2Ev  user_global.o
    0x08002f96   0x08002f96   0x00000002   PAD
    0x08002f98   0x08002f98   0x0000004e   Code   RO         2417    .text._ZN5M350812AngleControlEv  m3508.o
    0x08002fe6   0x08002fe6   0x00000002   PAD
    0x08002fe8   0x08002fe8   0x0000001a   Code   RO         2538    .text._ZN5M3508C2EP11CAN_TypeDefjj  sentry_robot.o
    0x08003002   0x08003002   0x00000002   PAD
    0x08003004   0x08003004   0x00000126   Code   RO           76    .text._ZN5Usart10USART_InitEPhtS0_th  usart_interface.o
    0x0800312a   0x0800312a   0x00000002   PAD
    0x0800312c   0x0800312c   0x0000007a   Code   RO           78    .text._ZN5Usart13USART_ReceiveEv  usart_interface.o
    0x080031a6   0x080031a6   0x00000002   PAD
    0x080031a8   0x080031a8   0x0000003c   Code   RO           80    .text._ZN5Usart14USART_TransmitEv  usart_interface.o
    0x080031e4   0x080031e4   0x0000000e   Code   RO         2620    .text._ZN5UsartC2Ev  user_global.o
    0x080031f2   0x080031f2   0x00000002   PAD
    0x080031f4   0x080031f4   0x000001f2   Code   RO            4    .text._ZN6BMI08811AccSelfTestEv  bmi088.o
    0x080033e6   0x080033e6   0x00000002   PAD
    0x080033e8   0x080033e8   0x000000a4   Code   RO            8    .text._ZN6BMI08812GyroSelfTestEv  bmi088.o
    0x0800348c   0x0800348c   0x00000094   Code   RO           12    .text._ZN6BMI08813GetGyroOffsetEb  bmi088.o
    0x08003520   0x08003520   0x00000016   Code   RO           36    .text._ZN6BMI08813ReadSingleRegEhPh  bmi088.o
    0x08003536   0x08003536   0x00000002   PAD
    0x08003538   0x08003538   0x00000064   Code   RO           26    .text._ZN6BMI08813UpdataAccDataEv  bmi088.o
    0x0800359c   0x0800359c   0x0000001c   Code   RO           32    .text._ZN6BMI08813WriteReadByteEh  bmi088.o
    0x080035b8   0x080035b8   0x0000008c   Code   RO           14    .text._ZN6BMI08814UpdataGyroDataEv  bmi088.o
    0x08003644   0x08003644   0x00000010   Code   RO           38    .text._ZN6BMI08814WriteSingleRegEhh  bmi088.o
    0x08003654   0x08003654   0x0000002a   Code   RO           34    .text._ZN6BMI08815ReadMultiplyRegEhPhh  bmi088.o
    0x0800367e   0x0800367e   0x00000002   PAD
    0x08003680   0x08003680   0x00000024   Code   RO           30    .text._ZN6BMI08815UpdataAngleDataEv  bmi088.o
    0x080036a4   0x080036a4   0x00000036   Code   RO           16    .text._ZN6BMI08817ReadAccSingleDataEhPh  bmi088.o
    0x080036da   0x080036da   0x00000002   PAD
    0x080036dc   0x080036dc   0x00000028   Code   RO           22    .text._ZN6BMI08818ReadGyroSingleDataEhPh  bmi088.o
    0x08003704   0x08003704   0x00000028   Code   RO           18    .text._ZN6BMI08818WriteAccSingleDataEhh  bmi088.o
    0x0800372c   0x0800372c   0x00000038   Code   RO           20    .text._ZN6BMI08819ReadAccMultiplyDataEhPhh  bmi088.o
    0x08003764   0x08003764   0x00000028   Code   RO           24    .text._ZN6BMI08819WriteGyroSingleDataEhh  bmi088.o
    0x0800378c   0x0800378c   0x00000030   Code   RO           28    .text._ZN6BMI08820ReadGyroMultiplyDataEhPhh  bmi088.o
    0x080037bc   0x080037bc   0x00000042   Code   RO            2    .text._ZN6BMI0884InitEb  bmi088.o
    0x080037fe   0x080037fe   0x00000002   PAD
    0x08003800   0x08003800   0x000000ce   Code   RO            6    .text._ZN6BMI0887AccInitEv  bmi088.o
    0x080038ce   0x080038ce   0x00000002   PAD
    0x080038d0   0x080038d0   0x000000ce   Code   RO           10    .text._ZN6BMI0888GyroInitEv  bmi088.o
    0x0800399e   0x0800399e   0x00000002   PAD
    0x080039a0   0x080039a0   0x00000002   Code   RO         2542    .text._ZN6BMI088C2Ev  sentry_robot.o
    0x080039a2   0x080039a2   0x00000002   PAD
    0x080039a4   0x080039a4   0x00000026   Code   RO          104    .text._ZN6Gimbal13SetUartHandleEP13USART_TypeDef  gimbal.o
    0x080039ca   0x080039ca   0x00000002   PAD
    0x080039cc   0x080039cc   0x0000000a   Code   RO          106    .text._ZN6Gimbal8SendDataEv  gimbal.o
    0x080039d6   0x080039d6   0x00000002   PAD
    0x080039d8   0x080039d8   0x00000034   Code   RO         2614    .text._ZN6GimbalC2Ev  user_global.o
    0x08003a0c   0x08003a0c   0x00000032   Code   RO         2467    .text._ZN6Kalman12UpdateFilterEf  kalman.o
    0x08003a3e   0x08003a3e   0x00000002   PAD
    0x08003a40   0x08003a40   0x0000001e   Code   RO         2469    .text._ZN6Kalman13CalPredictionEv  kalman.o
    0x08003a5e   0x08003a5e   0x00000002   PAD
    0x08003a60   0x08003a60   0x00000006   Code   RO         2386    .text._ZN6Kalman15GetFilterOutputEv  gm6020.o
    0x08003a66   0x08003a66   0x00000002   PAD
    0x08003a68   0x08003a68   0x00000046   Code   RO         2471    .text._ZN6Kalman9CalUpdateEv  kalman.o
    0x08003aae   0x08003aae   0x00000002   PAD
    0x08003ab0   0x08003ab0   0x0000002a   Code   RO         2465    .text._ZN6KalmanC2Ehffff  kalman.o
    0x08003ada   0x08003ada   0x00000006   PAD
    0x08003ae0   0x08003ae0   0x00000378   Code   RO         2483    .text._ZN6Mahony11AngleUpdateEPKfS1_  mahony.o
    0x08003e58   0x08003e58   0x00000030   Code   RO         2481    .text._ZN6MahonyC2Efff  mahony.o
    0x08003e88   0x08003e88   0x000000ee   Code   RO         2430    .text._ZN7Adrc_TD9CalAdrcTDEf  adrc.o
    0x08003f76   0x08003f76   0x00000002   PAD
    0x08003f78   0x08003f78   0x00000018   Code   RO         2428    .text._ZN7Adrc_TDC2Effff  adrc.o
    0x08003f90   0x08003f90   0x0000000c   Code   RO         2965    .text._ZSt15get_new_handlerv  libcppabi_w.l(cxa_handlers.cpp.o)
    0x08003f9c   0x08003f9c   0x00000026   Code   RO         2741    .text._Znwj         libcpp_w.l(new.cpp.o)
    0x08003fc2   0x08003fc2   0x00000002   PAD
    0x08003fc4   0x08003fc4   0x00000010   Code   RO         2570    .text.__cxx_global_var_init  user_global.o
    0x08003fd4   0x08003fd4   0x00000010   Code   RO         2572    .text.__cxx_global_var_init.1  user_global.o
    0x08003fe4   0x08003fe4   0x00000010   Code   RO         2574    .text.__cxx_global_var_init.2  user_global.o
    0x08003ff4   0x08003ff4   0x00000040   Code   RO          148    .text.bsp_init      bsp_init.o
    0x08004034   0x08004034   0x0000001a   Code   RO          169    .text.delay_ms      delay.o
    0x0800404e   0x0800404e   0x00000002   PAD
    0x08004050   0x08004050   0x00000032   Code   RO          167    .text.delay_us      delay.o
    0x08004082   0x08004082   0x00000002   PAD
    0x08004084   0x08004084   0x0000000e   Code   RO          233    .text.main          main.o
    0x08004092   0x08004092   0x00000002   PAD
    0x08004094   0x08004094   0x000000a2   Code   RO         2121    .text.prvAddCurrentTaskToDelayedList  tasks.o
    0x08004136   0x08004136   0x00000002   PAD
    0x08004138   0x08004138   0x000000ae   Code   RO         2109    .text.prvAddNewTaskToReadyList  tasks.o
    0x080041e6   0x080041e6   0x00000002   PAD
    0x080041e8   0x080041e8   0x0000006c   Code   RO         2248    .text.prvCheckForValidListAndQueue  timers.o
    0x08004254   0x08004254   0x00000060   Code   RO         2215    .text.prvCheckTasksWaitingTermination  tasks.o
    0x080042b4   0x080042b4   0x00000028   Code   RO         2062    .text.prvCopyDataFromQueue  queue.o
    0x080042dc   0x080042dc   0x0000007a   Code   RO         2052    .text.prvCopyDataToQueue  queue.o
    0x08004356   0x08004356   0x00000002   PAD
    0x08004358   0x08004358   0x00000012   Code   RO         2113    .text.prvDeleteTCB  tasks.o
    0x0800436a   0x0800436a   0x00000002   PAD
    0x0800436c   0x0800436c   0x00000020   Code   RO         2276    .text.prvGetNextExpireTime  timers.o
    0x0800438c   0x0800438c   0x00000076   Code   RO         2307    .text.prvHeapInit   heap_4.o
    0x08004402   0x08004402   0x00000002   PAD
    0x08004404   0x08004404   0x0000002a   Code   RO         2147    .text.prvIdleTask   tasks.o
    0x0800442e   0x0800442e   0x00000002   PAD
    0x08004430   0x08004430   0x00000020   Code   RO         2036    .text.prvInitialiseNewQueue  queue.o
    0x08004450   0x08004450   0x0000008a   Code   RO         2107    .text.prvInitialiseNewTask  tasks.o
    0x080044da   0x080044da   0x00000002   PAD
    0x080044dc   0x080044dc   0x00000070   Code   RO         2213    .text.prvInitialiseTaskLists  tasks.o
    0x0800454c   0x0800454c   0x00000062   Code   RO         2309    .text.prvInsertBlockIntoFreeList  heap_4.o
    0x080045ae   0x080045ae   0x00000002   PAD
    0x080045b0   0x080045b0   0x00000040   Code   RO         2288    .text.prvInsertTimerInActiveList  timers.o
    0x080045f0   0x080045f0   0x00000018   Code   RO         2064    .text.prvIsQueueEmpty  queue.o
    0x08004608   0x08004608   0x0000001c   Code   RO         2054    .text.prvIsQueueFull  queue.o
    0x08004624   0x08004624   0x00000028   Code   RO         2345    .text.prvPortStartFirstTask  port.o
    0x0800464c   0x0800464c   0x0000004c   Code   RO         2284    .text.prvProcessExpiredTimer  timers.o
    0x08004698   0x08004698   0x000000cc   Code   RO         2280    .text.prvProcessReceivedCommands  timers.o
    0x08004764   0x08004764   0x00000080   Code   RO         2278    .text.prvProcessTimerOrBlockTask  timers.o
    0x080047e4   0x080047e4   0x00000028   Code   RO         2115    .text.prvResetNextTaskUnblockTime  tasks.o
    0x0800480c   0x0800480c   0x0000002a   Code   RO         2282    .text.prvSampleTimeNow  timers.o
    0x08004836   0x08004836   0x00000002   PAD
    0x08004838   0x08004838   0x00000076   Code   RO         2286    .text.prvSwitchTimerLists  timers.o
    0x080048ae   0x080048ae   0x00000002   PAD
    0x080048b0   0x080048b0   0x00000022   Code   RO         2335    .text.prvTaskExitError  port.o
    0x080048d2   0x080048d2   0x00000002   PAD
    0x080048d4   0x080048d4   0x00000018   Code   RO         1988    .text.prvTestWaitCondition  event_groups.o
    0x080048ec   0x080048ec   0x00000016   Code   RO         2250    .text.prvTimerTask  timers.o
    0x08004902   0x08004902   0x00000002   PAD
    0x08004904   0x08004904   0x00000072   Code   RO         2056    .text.prvUnlockQueue  queue.o
    0x08004976   0x08004976   0x00000002   PAD
    0x08004978   0x08004978   0x000000ee   Code   RO         2305    .text.pvPortMalloc  heap_4.o
    0x08004a66   0x08004a66   0x00000002   PAD
    0x08004a68   0x08004a68   0x00000018   Code   RO         2199    .text.pvTaskIncrementMutexHeldCount  tasks.o
    0x08004a80   0x08004a80   0x00000028   Code   RO         2333    .text.pxPortInitialiseStack  port.o
    0x08004aa8   0x08004aa8   0x00000026   Code   RO         2022    .text.uxListRemove  list.o
    0x08004ace   0x08004ace   0x00000002   PAD
    0x08004ad0   0x08004ad0   0x0000001a   Code   RO         2197    .text.uxTaskResetEventItemValue  tasks.o
    0x08004aea   0x08004aea   0x00000002   PAD
    0x08004aec   0x08004aec   0x00000008   Code   RO         2000    .text.vEventGroupSetBitsCallback  event_groups.o
    0x08004af4   0x08004af4   0x00000016   Code   RO         2014    .text.vListInitialise  list.o
    0x08004b0a   0x08004b0a   0x00000002   PAD
    0x08004b0c   0x08004b0c   0x00000006   Code   RO         2016    .text.vListInitialiseItem  list.o
    0x08004b12   0x08004b12   0x00000002   PAD
    0x08004b14   0x08004b14   0x0000003a   Code   RO         2020    .text.vListInsert   list.o
    0x08004b4e   0x08004b4e   0x00000002   PAD
    0x08004b50   0x08004b50   0x0000001c   Code   RO         2018    .text.vListInsertEnd  list.o
    0x08004b6c   0x08004b6c   0x00000014   Code   RO         2343    .text.vPortEnableVFP  port.o
    0x08004b80   0x08004b80   0x00000020   Code   RO         2349    .text.vPortEnterCritical  port.o
    0x08004ba0   0x08004ba0   0x0000001a   Code   RO         2351    .text.vPortExitCritical  port.o
    0x08004bba   0x08004bba   0x00000002   PAD
    0x08004bbc   0x08004bbc   0x00000056   Code   RO         2311    .text.vPortFree     heap_4.o
    0x08004c12   0x08004c12   0x00000002   PAD
    0x08004c14   0x08004c14   0x00000034   Code   RO         2341    .text.vPortSetupTimerInterrupt  port.o
    0x08004c48   0x08004c48   0x00000028   Code   RO         2090    .text.vQueueAddToRegistry  queue.o
    0x08004c70   0x08004c70   0x00000044   Code   RO         2094    .text.vQueueWaitForMessageRestricted  queue.o
    0x08004cb4   0x08004cb4   0x00000034   Code   RO         2125    .text.vTaskDelay    tasks.o
    0x08004ce8   0x08004ce8   0x0000000e   Code   RO         2179    .text.vTaskMissedYield  tasks.o
    0x08004cf6   0x08004cf6   0x00000002   PAD
    0x08004cf8   0x08004cf8   0x0000001e   Code   RO         2165    .text.vTaskPlaceOnEventList  tasks.o
    0x08004d16   0x08004d16   0x00000002   PAD
    0x08004d18   0x08004d18   0x00000028   Code   RO         2169    .text.vTaskPlaceOnEventListRestricted  tasks.o
    0x08004d40   0x08004d40   0x00000026   Code   RO         2167    .text.vTaskPlaceOnUnorderedEventList  tasks.o
    0x08004d66   0x08004d66   0x00000002   PAD
    0x08004d68   0x08004d68   0x0000009a   Code   RO         2193    .text.vTaskPriorityInherit  tasks.o
    0x08004e02   0x08004e02   0x00000002   PAD
    0x08004e04   0x08004e04   0x0000001a   Code   RO         2175    .text.vTaskSetTimeOutState  tasks.o
    0x08004e1e   0x08004e1e   0x00000002   PAD
    0x08004e20   0x08004e20   0x00000078   Code   RO         2145    .text.vTaskStartScheduler  tasks.o
    0x08004e98   0x08004e98   0x00000010   Code   RO         2119    .text.vTaskSuspendAll  tasks.o
    0x08004ea8   0x08004ea8   0x0000006c   Code   RO         2137    .text.vTaskSwitchContext  tasks.o
    0x08004f14   0x08004f14   0x0000001c   Code   RO         1980    .text.xEventGroupCreate  event_groups.o
    0x08004f30   0x08004f30   0x0000007e   Code   RO         1984    .text.xEventGroupSetBits  event_groups.o
    0x08004fae   0x08004fae   0x00000002   PAD
    0x08004fb0   0x08004fb0   0x00000016   Code   RO         2002    .text.xEventGroupSetBitsFromISR  event_groups.o
    0x08004fc6   0x08004fc6   0x00000002   PAD
    0x08004fc8   0x08004fc8   0x000000b0   Code   RO         1986    .text.xEventGroupWaitBits  event_groups.o
    0x08005078   0x08005078   0x0000004a   Code   RO         2339    .text.xPortStartScheduler  port.o
    0x080050c2   0x080050c2   0x00000002   PAD
    0x080050c4   0x080050c4   0x0000002e   Code   RO         2355    .text.xPortSysTickHandler  port.o
    0x080050f2   0x080050f2   0x00000002   PAD
    0x080050f4   0x080050f4   0x00000032   Code   RO         2034    .text.xQueueGenericCreate  queue.o
    0x08005126   0x08005126   0x00000002   PAD
    0x08005128   0x08005128   0x00000180   Code   RO         2048    .text.xQueueGenericReceive  queue.o
    0x080052a8   0x080052a8   0x0000006a   Code   RO         2032    .text.xQueueGenericReset  queue.o
    0x08005312   0x08005312   0x00000002   PAD
    0x08005314   0x08005314   0x00000136   Code   RO         2044    .text.xQueueGenericSend  queue.o
    0x0800544a   0x0800544a   0x00000002   PAD
    0x0800544c   0x0800544c   0x0000006e   Code   RO         2058    .text.xQueueGenericSendFromISR  queue.o
    0x080054ba   0x080054ba   0x00000002   PAD
    0x080054bc   0x080054bc   0x00000058   Code   RO         2177    .text.xTaskCheckForTimeOut  tasks.o
    0x08005514   0x08005514   0x00000060   Code   RO         2105    .text.xTaskCreate   tasks.o
    0x08005574   0x08005574   0x00000026   Code   RO         2191    .text.xTaskGetSchedulerState  tasks.o
    0x0800559a   0x0800559a   0x00000002   PAD
    0x0800559c   0x0800559c   0x0000000c   Code   RO         2153    .text.xTaskGetTickCount  tasks.o
    0x080055a8   0x080055a8   0x0000014c   Code   RO         2151    .text.xTaskIncrementTick  tasks.o
    0x080056f4   0x080056f4   0x0000007e   Code   RO         2195    .text.xTaskPriorityDisinherit  tasks.o
    0x08005772   0x08005772   0x00000002   PAD
    0x08005774   0x08005774   0x0000007c   Code   RO         2171    .text.xTaskRemoveFromEventList  tasks.o
    0x080057f0   0x080057f0   0x00000064   Code   RO         2173    .text.xTaskRemoveFromUnorderedEventList  tasks.o
    0x08005854   0x08005854   0x00000100   Code   RO         2123    .text.xTaskResumeAll  tasks.o
    0x08005954   0x08005954   0x0000004c   Code   RO         2246    .text.xTimerCreateTimerTask  timers.o
    0x080059a0   0x080059a0   0x00000056   Code   RO         2256    .text.xTimerGenericCommand  timers.o
    0x080059f6   0x080059f6   0x00000002   PAD
    0x080059f8   0x080059f8   0x0000002a   Code   RO         2272    .text.xTimerPendFunctionCallFromISR  timers.o
    0x08005a22   0x08005a22   0x00000026   Code   RO         2969    i.__ARM_fpclassifyf  m_wm.l(fpclassifyf.o)
    0x08005a48   0x08005a48   0x0000012c   Code   RO         2783    i.__hardfp_asinf    m_wm.l(asinf.o)
    0x08005b74   0x08005b74   0x000002ac   Code   RO         2795    i.__hardfp_atan2f   m_wm.l(atan2f.o)
    0x08005e20   0x08005e20   0x0000003a   Code   RO         2807    i.__hardfp_sqrtf    m_wm.l(sqrtf.o)
    0x08005e5a   0x08005e5a   0x00000006   Code   RO         2972    i.__mathlib_flt_infnan  m_wm.l(funder.o)
    0x08005e60   0x08005e60   0x00000006   Code   RO         2973    i.__mathlib_flt_infnan2  m_wm.l(funder.o)
    0x08005e66   0x08005e66   0x00000002   PAD
    0x08005e68   0x08005e68   0x00000010   Code   RO         2974    i.__mathlib_flt_invalid  m_wm.l(funder.o)
    0x08005e78   0x08005e78   0x00000010   Code   RO         2977    i.__mathlib_flt_underflow  m_wm.l(funder.o)
    0x08005e88   0x08005e88   0x0000003e   Code   RO         2809    i.sqrtf             m_wm.l(sqrtf.o)
    0x08005ec6   0x08005ec6   0x00000002   PAD
    0x08005ec8   0x08005ec8   0x00000062   Code   RO         2726    x$fpl$d2f           fz_wm.l(d2f.o)
    0x08005f2a   0x08005f2a   0x00000002   PAD
    0x08005f2c   0x08005f2c   0x00000150   Code   RO         2728    x$fpl$dadd          fz_wm.l(daddsub_clz.o)
    0x0800607c   0x0800607c   0x00000154   Code   RO         2734    x$fpl$dmul          fz_wm.l(dmul.o)
    0x080061d0   0x080061d0   0x0000009c   Code   RO         2941    x$fpl$dnaninf       fz_wm.l(dnaninf.o)
    0x0800626c   0x0800626c   0x0000000c   Code   RO         2943    x$fpl$dretinf       fz_wm.l(dretinf.o)
    0x08006278   0x08006278   0x000001d4   Code   RO         2730    x$fpl$dsub          fz_wm.l(daddsub_clz.o)
    0x0800644c   0x0800644c   0x00000056   Code   RO         2736    x$fpl$f2d           fz_wm.l(f2d.o)
    0x080064a2   0x080064a2   0x0000008c   Code   RO         2945    x$fpl$fnaninf       fz_wm.l(fnaninf.o)
    0x0800652e   0x0800652e   0x0000001a   Code   RO         3042    x$fpl$fpinit        fz_wm.l(fpinit.o)
    0x08006548   0x08006548   0x0000000a   Code   RO         2947    x$fpl$fretinf       fz_wm.l(fretinf.o)
    0x08006552   0x08006552   0x00000000   Code   RO         2949    x$fpl$usenofp       fz_wm.l(usenofp.o)
    0x08006552   0x08006552   0x00000010   Data   RO         1335    .rodata.APBAHBPrescTable  stm32f4xx_rcc.o
    0x08006562   0x08006562   0x00000200   Data   RO         2657    .rodata._ZL11CRC16_Table  verify.o
    0x08006762   0x08006762   0x00000012   Data   RO           42    .rodata._ZL32write_BMI088_GYRO_Reg_Data_Error  bmi088.o
    0x08006774   0x08006774   0x00000012   Data   RO           40    .rodata._ZL33write_BMI088_ACCEL_Reg_Data_Error  bmi088.o
    0x08006786   0x08006786   0x00000012   Data   RO           41    .rodata._ZZN6BMI08811AccSelfTestEvE43write_BMI088_ACCEL_self_test_Reg_Data_Error  bmi088.o
    0x08006798   0x08006798   0x00000005   Data   RO         2693    .rodata.str1.1      user_task.o
    0x0800679d   0x0800679d   0x00000003   PAD
    0x080067a0   0x080067a0   0x00000020   Data   RO         3161    Region$$Table       anon$$obj.o
    0x080067c0   0x080067c0   0x00000004   Data   RO         2604    .init_array         user_global.o
    0x080067c4   0x080067c0   0x00000000   Data   RO         2721    .init_array         c_w.l(init_aeabi.o)


    Execution Region RW_IRAM1 (Exec base: 0x20000000, Load base: 0x080067c8, Size: 0x00016038, Max: 0x00020000, ABSOLUTE)

    Exec Addr    Load Addr    Size         Type   Attr      Idx    E Section Name        Object

    0x20000000   0x080067c8   0x00000002   Data   RW         2656    .data.CRC16_INIT    verify.o
    0x20000002   0x080067ca   0x00000002   PAD
    0x20000004   0x080067cc   0x00000004   Data   RW          279    .data.SystemCoreClock  system_stm32f4xx.o
    0x20000008   0x080067d0   0x00000004   Data   RW         2357    .data.uxCriticalNesting  port.o
    0x2000000c   0x080067d4   0x00000004   PAD
    0x20000010        -       0x00000060   Zero   RW         3061    .bss                c_w.l(libspace.o)
    0x20000070        -       0x00000002   Zero   RW         2561    .bss.Clear_IT       user_callback.o
    0x20000072   0x080067d4   0x00000002   PAD
    0x20000074        -       0x00000004   Zero   RW         2688    .bss.CoreDataSendTask_Handler  user_task.o
    0x20000078        -       0x00000004   Zero   RW         2690    .bss.DataVisualTask_Handler  user_task.o
    0x2000007c        -       0x0000006c   Zero   RW         2599    .bss.G_gimbal       user_global.o
    0x200000e8        -       0x00000001   Zero   RW         2597    .bss.G_led          user_global.o
    0x200000e9   0x080067d4   0x00000003   PAD
    0x200000ec        -       0x00000024   Zero   RW         2600    .bss.G_sentry       user_global.o
    0x20000110        -       0x00000094   Zero   RW         2596    .bss.G_system_monitor  user_global.o
    0x200001a4        -       0x0000005c   Zero   RW         2598    .bss.G_vofa         user_global.o
    0x20000200        -       0x00000004   Zero   RW         2686    .bss.LedTask_Handler  user_task.o
    0x20000204        -       0x00000004   Zero   RW         2687    .bss.RobotControlTask_Handler  user_task.o
    0x20000208        -       0x00000032   Zero   RW           82    .bss.UA1RxDMAbuf    usart_interface.o
    0x2000023a        -       0x000001f4   Zero   RW           83    .bss.UA2RxDMAbuf    usart_interface.o
    0x2000042e        -       0x000001f4   Zero   RW           84    .bss.UA3RxDMAbuf    usart_interface.o
    0x20000622        -       0x000001f4   Zero   RW           85    .bss.UA4RxDMAbuf    usart_interface.o
    0x20000816        -       0x000001f4   Zero   RW           86    .bss.UA5RxDMAbuf    usart_interface.o
    0x20000a0a        -       0x000001f4   Zero   RW           87    .bss.UA6RxDMAbuf    usart_interface.o
    0x20000bfe   0x080067d4   0x00000002   PAD
    0x20000c00        -       0x00000004   Zero   RW         2692    .bss.USARTHandler   user_task.o
    0x20000c04        -       0x00000004   Zero   RW         2691    .bss.UsartDecodeTask_Handler  user_task.o
    0x20000c08        -       0x00000004   Zero   RW         2603    .bss._ZZ10GimbalTestvE11yaw_des_pre  user_global.o
    0x20000c0c        -       0x00000004   Zero   RW         2695    .bss._ZZ14DataVisualTaskPvE13TaskStartTime  user_task.o
    0x20000c10        -       0x00000004   Zero   RW         2698    .bss._ZZ15UsartDecodeTaskPvE13TaskStartTime  user_task.o
    0x20000c14        -       0x00000004   Zero   RW         2694    .bss._ZZ16CoreDataSendTaskPvE13TaskStartTime  user_task.o
    0x20000c18        -       0x00000004   Zero   RW         2697    .bss._ZZ16RobotControlTaskPvE13TaskStartTime  user_task.o
    0x20000c1c        -       0x00000001   Zero   RW         2602    .bss._ZZ19GimbalTargetsUpdatevE10fisrt_flag  user_global.o
    0x20000c1d   0x080067d4   0x00000003   PAD
    0x20000c20        -       0x00000004   Zero   RW         2696    .bss._ZZ7LedTaskPvE13TaskStartTime  user_task.o
    0x20000c24        -       0x00000004   Zero   RW         2967    .bss.__cxa_new_handler  libcppabi_w.l(cxa_handlers.cpp.o)
    0x20000c28        -       0x0000002c   Zero   RW           55    .bss.can1_context   can_interface.o
    0x20000c54        -       0x0000002c   Zero   RW           56    .bss.can2_context   can_interface.o
    0x20000c80        -       0x00000004   Zero   RW         2294    .bss.prvSampleTimeNow.xLastTime  timers.o
    0x20000c84        -       0x00000004   Zero   RW         2217    .bss.pxCurrentTCB   tasks.o
    0x20000c88        -       0x00000004   Zero   RW         2292    .bss.pxCurrentTimerList  timers.o
    0x20000c8c        -       0x00000004   Zero   RW         2226    .bss.pxDelayedTaskList  tasks.o
    0x20000c90        -       0x00000004   Zero   RW         2319    .bss.pxEnd          heap_4.o
    0x20000c94        -       0x00000004   Zero   RW         2227    .bss.pxOverflowDelayedTaskList  tasks.o
    0x20000c98        -       0x00000004   Zero   RW         2293    .bss.pxOverflowTimerList  timers.o
    0x20000c9c        -       0x00000280   Zero   RW         2218    .bss.pxReadyTasksLists  tasks.o
    0x20000f1c        -       0x00000004   Zero   RW          208    .bss.servoInitAngle  tim.o
    0x20000f20        -       0x00012c00   Zero   RW         2324    .bss.ucHeap         heap_4.o
    0x20013b20        -       0x00000004   Zero   RW         2223    .bss.uxCurrentNumberOfTasks  tasks.o
    0x20013b24        -       0x00000004   Zero   RW         2222    .bss.uxDeletedTasksWaitingCleanUp  tasks.o
    0x20013b28        -       0x00000004   Zero   RW         2234    .bss.uxPendedTicks  tasks.o
    0x20013b2c        -       0x00000004   Zero   RW         2229    .bss.uxSchedulerSuspended  tasks.o
    0x20013b30        -       0x00000004   Zero   RW         2220    .bss.uxTaskNumber   tasks.o
    0x20013b34        -       0x00000004   Zero   RW         2219    .bss.uxTopReadyPriority  tasks.o
    0x20013b38        -       0x00000014   Zero   RW         2295    .bss.xActiveTimerList1  timers.o
    0x20013b4c        -       0x00000014   Zero   RW         2296    .bss.xActiveTimerList2  timers.o
    0x20013b60        -       0x00000001   Zero   RW         2320    .bss.xBlockAllocatedBit  heap_4.o
    0x20013b61   0x080067d4   0x00000003   PAD
    0x20013b64        -       0x00000014   Zero   RW         2236    .bss.xDelayedTaskList1  tasks.o
    0x20013b78        -       0x00000014   Zero   RW         2237    .bss.xDelayedTaskList2  tasks.o
    0x20013b8c        -       0x00000004   Zero   RW         2321    .bss.xFreeBytesRemaining  heap_4.o
    0x20013b90        -       0x00000004   Zero   RW         2231    .bss.xIdleTaskHandle  tasks.o
    0x20013b94        -       0x00000004   Zero   RW         2323    .bss.xMinimumEverFreeBytesRemaining  heap_4.o
    0x20013b98        -       0x00000004   Zero   RW         2232    .bss.xNextTaskUnblockTime  tasks.o
    0x20013b9c        -       0x00000004   Zero   RW         2235    .bss.xNumOfOverflows  tasks.o
    0x20013ba0        -       0x00000014   Zero   RW         2230    .bss.xPendingReadyList  tasks.o
    0x20013bb4        -       0x00000040   Zero   RW         2096    .bss.xQueueRegistry  queue.o
    0x20013bf4        -       0x00000004   Zero   RW         2224    .bss.xSchedulerRunning  tasks.o
    0x20013bf8        -       0x00000008   Zero   RW         2322    .bss.xStart         heap_4.o
    0x20013c00        -       0x00000014   Zero   RW         2228    .bss.xSuspendedTaskList  tasks.o
    0x20013c14        -       0x00000014   Zero   RW         2221    .bss.xTasksWaitingTermination  tasks.o
    0x20013c28        -       0x00000004   Zero   RW         2225    .bss.xTickCount     tasks.o
    0x20013c2c        -       0x00000004   Zero   RW         2290    .bss.xTimerQueue    timers.o
    0x20013c30        -       0x00000004   Zero   RW         2291    .bss.xTimerTaskHandle  timers.o
    0x20013c34        -       0x00000004   Zero   RW         2233    .bss.xYieldPending  tasks.o
    0x20013c38        -       0x00002000   Zero   RW         2545    HEAP                startup_stm32f40_41xxx.o
    0x20015c38        -       0x00000400   Zero   RW         2544    STACK               startup_stm32f40_41xxx.o


==============================================================================

Image component sizes


      Code (inc. data)   RO Data    RW Data    ZI Data      Debug   Object Name

       262          0          0          0          0      12992   adrc.o
      1950         20         54          0          0      13020   bmi088.o
        64          0          0          0          0        526   bsp_init.o
       366          0          0          0          0       5698   can.o
        34          0          0          0         88       2798   can_interface.o
         2          0          0          0          0      15237   can_protocol.o
       124          4          0          0          0      12435   common_math.o
       154          0          0          0          0      14645   communication.o
        76          0          0          0          0       1320   delay.o
       384          0          0          0          0       6927   event_groups.o
        48          0          0          0          0       5544   gimbal.o
         6          0          0          0          0      16448   gm6020.o
        82          0          0          0          0       1746   gpio.o
       540          0          0          0      76821       3329   heap_4.o
       192          0          0          0          0       1965   kalman.o
        54          0          0          0          0       3073   led.o
       152          0          0          0          0       2096   list.o
        78          0          0          0          0      16904   m3508.o
       936         16          0          0          0      14275   mahony.o
        14          0          0          0          0        407   main.o
       144          0          0          0          0       3225   misc.o
       208          4          0          0          0      12609   pid.o
       500         16          0          4          0       2794   port.o
      1428          0          0          0         64      14472   queue.o
      1068         64          0          0          0      24341   sentry_robot.o
       250          0          0          0          0       2537   spi.o
        64         26        392          0       9216        896   startup_stm32f40_41xxx.o
      1270         96          0          0          0      10321   stm32f4xx_can.o
       836          0          0          0          0       6294   stm32f4xx_dma.o
       182          0          0          0          0       4539   stm32f4xx_gpio.o
       142          0          0          0          0       2884   stm32f4xx_it.o
       294          0         16          0          0      12414   stm32f4xx_rcc.o
       290          0          0          0          0       8150   stm32f4xx_spi.o
       430          0          0          0          0      23332   stm32f4xx_tim.o
       320          0          0          0          0       7795   stm32f4xx_usart.o
       276          0          0          4          0       3323   system_stm32f4xx.o
        44          0          0          0          0       1032   systick.o
      2602          8          0          0        800      23811   tasks.o
       276          0          0          0          4       3284   tim.o
       998         16          0          0         60       9880   timers.o
       104          0          0          0          0      14926   uart_protocol.o
       982          0          0          0          0       6429   usart.o
       476          0          0          0       2550       5885   usart_interface.o
       546          0          0          0          2      17518   user_callback.o
      1030         20          4          0        390      27662   user_global.o
        28          0          0          0          0      14259   user_main.o
       542          0          5          0         44      17056   user_task.o
       162          0        512          2          0       2973   verify.o
        44          0          0          0          0       5267   vofa.o

    ----------------------------------------------------------------------
     21310        290       1018         12      90056     441293   Object Totals
         0          0         32          0          0          0   (incl. Generated)
       256          0          3          2         17          0   (incl. Padding)

    ----------------------------------------------------------------------

      Code (inc. data)   RO Data    RW Data    ZI Data      Debug   Library Member Name

         8          0          0          0          0         68   __main.o
         0          0          0          0          0          0   __rtentry.o
        12          0          0          0          0          0   __rtentry2.o
         6          0          0          0          0          0   __rtentry4.o
        52          8          0          0          0          0   __scatter.o
        26          0          0          0          0          0   __scatter_copy.o
        28          0          0          0          0          0   __scatter_zi.o
        22          0          0          0          0        100   _rserrno.o
        16          0          0          0          0         68   aeabi_memset4.o
        10          0          0          0          0         68   defsig_exit.o
        50          0          0          0          0         88   defsig_general.o
        80         58          0          0          0         76   defsig_rtmem_inner.o
        14          0          0          0          0         80   defsig_rtmem_outer.o
        18          0          0          0          0         80   exit.o
        94          0          0          0          0         80   h1_alloc.o
        52          0          0          0          0         68   h1_extend.o
        78          0          0          0          0         80   h1_free.o
        14          0          0          0          0         84   h1_init.o
         6          0          0          0          0        152   heapauxi.o
         4          0          0          0          0        136   hguard.o
         0          0          0          0          0          0   indicate_semi.o
        36          8          0          0          0         80   init_aeabi.o
       138          0          0          0          0        168   init_alloc.o
         2          0          0          0          0          0   libinit.o
        18          0          0          0          0          0   libinit2.o
         2          0          0          0          0          0   libshutdown.o
         2          0          0          0          0          0   libshutdown2.o
         8          4          0          0         96         68   libspace.o
         0          0          0          0          0          0   maybetermalloc1.o
         8          4          0          0          0         68   rt_errno_addr_intlibspace.o
         8          4          0          0          0         68   rt_heap_descriptor_intlibspace.o
        68          0          0          0          0         68   rt_memclr.o
        78          0          0          0          0         80   rt_memclr_w.o
       138          0          0          0          0         68   rt_memcpy_v6.o
       100          0          0          0          0         80   rt_memcpy_w.o
         2          0          0          0          0          0   rtexit.o
        10          0          0          0          0          0   rtexit2.o
        12          4          0          0          0         68   sys_exit.o
        74          0          0          0          0         80   sys_stackheap_outer.o
        14          0          0          0          0         76   sys_wrch.o
         2          0          0          0          0         68   use_no_semi.o
        98          4          0          0          0        140   d2f.o
       804         16          0          0          0        376   daddsub_clz.o
       340         12          0          0          0        152   dmul.o
       156          4          0          0          0        140   dnaninf.o
        12          0          0          0          0        116   dretinf.o
        86          4          0          0          0        132   f2d.o
       140          4          0          0          0        132   fnaninf.o
        26          0          0          0          0        116   fpinit.o
        10          0          0          0          0        116   fretinf.o
         0          0          0          0          0          0   usenofp.o
        38          0          0          0          0        380   new.cpp.o
        12          0          0          0          4        148   cxa_handlers.cpp.o
       300         42          0          0          0        176   asinf.o
       684         90          0          0          0        208   atan2f.o
        38          0          0          0          0        116   fpclassifyf.o
        44         12          0          0          0        464   funder.o
       120          0          0          0          0        272   sqrtf.o

    ----------------------------------------------------------------------
      4236        278          0          0        100       5452   Library Totals
        18          0          0          0          0          0   (incl. Padding)

    ----------------------------------------------------------------------

      Code (inc. data)   RO Data    RW Data    ZI Data      Debug   Library Name

      1310         90          0          0         96       2268   c_w.l
      1672         44          0          0          0       1420   fz_wm.l
        38          0          0          0          0        380   libcpp_w.l
        12          0          0          0          4        148   libcppabi_w.l
      1186        144          0          0          0       1236   m_wm.l

    ----------------------------------------------------------------------
      4236        278          0          0        100       5452   Library Totals

    ----------------------------------------------------------------------

==============================================================================


      Code (inc. data)   RO Data    RW Data    ZI Data      Debug   

     25546        568       1018         12      90156     443025   Grand Totals
     25546        568       1018         12      90156     443025   ELF Image Totals
     25546        568       1018         12          0          0   ROM Totals

==============================================================================

    Total RO  Size (Code + RO Data)                26564 (  25.94kB)
    Total RW  Size (RW Data + ZI Data)             90168 (  88.05kB)
    Total ROM Size (Code + RO Data + RW Data)      26576 (  25.95kB)

==============================================================================

